$ /opt/anaconda3/envs/mogp-drug/bin/python baseline_greedy.py --library-dir data/library --output-dir /Users/devansh/mogp-main-vscode/MOGP-NTD/matrix_results_holo/runs/baseline-greedy-permissive --batch-size 5 --n-total 70 --seed 55 --herg-threshold 0.8 --halflife-min 0.5 --caco2-min -6.5

quality_filter: PAINS catalog loaded; synthesizability metric = SA_Score (reject SA > 6.0) [SA_Score (MorganGenerator shim)].
load_library: heavy-atom floor >= 14: 3600/3610 molecules survive (10 fragment(s) removed); surviving heavy atoms [14, 44], MW [200.2, 599.8]. Known actives retained (smallest 17 heavy atoms).
load_library: quality screen (SA_Score (reject SA > 6.0)): 3268/3600 molecules survive (215 PAINS + 115 reactive + 2 synth + 0 unparseable removed). Known actives asserted to survive.
load_library: 332 screened-out molecules logged with their rejection class to data/library/quality_rejected.csv
=== Hard ADMET filter ===
  Library size:               3268
  hERG  < 0.8    passed:   1921
  Half-life > 0.5  passed:   3265
  Caco2 > -6.5   passed:   3261
  Passed ALL three filters:   1914
  Filtered out:               1354

Randomly selected 70 of 1914 survivors to dock (budget n_total=70).

Docking 70 molecules in 14 batches of up to 5...

[Iteration 1] Docking batch of 5 molecules...
Docking molecule 1/5 against PfDHFR...
Docking molecule 2/5 against PfDHFR...
Docking molecule 3/5 against PfDHFR...
Docking molecule 4/5 against PfDHFR...
Docking molecule 5/5 against PfDHFR...
Docking molecule 1/5 against hDHFR...
Docking molecule 2/5 against hDHFR...
Docking molecule 3/5 against hDHFR...
Docking molecule 4/5 against hDHFR...
Docking molecule 5/5 against hDHFR...
[Iteration 1] evaluated=5, batch=5, docked_this_batch=[PfDHFR 5/5, hDHFR 5/5], pareto_size=5, hypervolume=0.0372, pareto_median_heavy=27

[Iteration 2] Docking batch of 5 molecules...
Docking molecule 1/5 against PfDHFR...
Docking molecule 2/5 against PfDHFR...
Docking molecule 3/5 against PfDHFR...
Docking molecule 4/5 against PfDHFR...
Docking molecule 5/5 against PfDHFR...
Docking molecule 1/5 against hDHFR...
Docking molecule 2/5 against hDHFR...
Docking molecule 3/5 against hDHFR...
Docking molecule 4/5 against hDHFR...
Docking molecule 5/5 against hDHFR...
[Iteration 2] evaluated=10, batch=5, docked_this_batch=[PfDHFR 5/5, hDHFR 5/5], pareto_size=8, hypervolume=0.0438, pareto_median_heavy=27

[Iteration 3] Docking batch of 5 molecules...
Docking molecule 1/5 against PfDHFR...
Docking molecule 2/5 against PfDHFR...
Docking molecule 3/5 against PfDHFR...
Docking molecule 4/5 against PfDHFR...
Docking molecule 5/5 against PfDHFR...
Docking molecule 1/5 against hDHFR...
Docking molecule 2/5 against hDHFR...
Docking molecule 3/5 against hDHFR...
Docking molecule 4/5 against hDHFR...
Docking molecule 5/5 against hDHFR...
[Iteration 3] evaluated=15, batch=5, docked_this_batch=[PfDHFR 5/5, hDHFR 5/5], pareto_size=11, hypervolume=0.0442, pareto_median_heavy=27

[Iteration 4] Docking batch of 5 molecules...
Docking molecule 1/5 against PfDHFR...
Docking molecule 2/5 against PfDHFR...
Docking molecule 3/5 against PfDHFR...
Docking molecule 4/5 against PfDHFR...
Docking molecule 5/5 against PfDHFR...
Docking molecule 1/5 against hDHFR...
Docking molecule 2/5 against hDHFR...
Docking molecule 3/5 against hDHFR...
Docking molecule 4/5 against hDHFR...
Docking molecule 5/5 against hDHFR...
[Iteration 4] evaluated=20, batch=5, docked_this_batch=[PfDHFR 5/5, hDHFR 5/5], pareto_size=15, hypervolume=0.0496, pareto_median_heavy=24

[Iteration 5] Docking batch of 5 molecules...
Docking molecule 1/5 against PfDHFR...
Docking molecule 2/5 against PfDHFR...
Docking molecule 3/5 against PfDHFR...
Docking molecule 4/5 against PfDHFR...
Docking molecule 5/5 against PfDHFR...
Docking molecule 1/5 against hDHFR...
Docking molecule 2/5 against hDHFR...
Docking molecule 3/5 against hDHFR...
Docking molecule 4/5 against hDHFR...
Docking molecule 5/5 against hDHFR...
[Iteration 5] evaluated=25, batch=5, docked_this_batch=[PfDHFR 5/5, hDHFR 5/5], pareto_size=19, hypervolume=0.0614, pareto_median_heavy=24

[Iteration 6] Docking batch of 5 molecules...
Docking molecule 1/5 against PfDHFR...
Docking molecule 2/5 against PfDHFR...
Docking molecule 3/5 against PfDHFR...
Docking molecule 4/5 against PfDHFR...
Docking molecule 5/5 against PfDHFR...
Docking molecule 1/5 against hDHFR...
Docking molecule 2/5 against hDHFR...
Docking molecule 3/5 against hDHFR...
Docking molecule 4/5 against hDHFR...
Docking molecule 5/5 against hDHFR...
[Iteration 6] evaluated=30, batch=5, docked_this_batch=[PfDHFR 4/5, hDHFR 4/5], pareto_size=20, hypervolume=0.1099, pareto_median_heavy=24

[Iteration 7] Docking batch of 5 molecules...
Docking molecule 1/5 against PfDHFR...
Docking molecule 2/5 against PfDHFR...
Docking molecule 3/5 against PfDHFR...
Docking molecule 4/5 against PfDHFR...
Docking molecule 5/5 against PfDHFR...
Docking molecule 1/5 against hDHFR...
Docking molecule 2/5 against hDHFR...
Docking molecule 3/5 against hDHFR...
Docking molecule 4/5 against hDHFR...
Docking molecule 5/5 against hDHFR...
[Iteration 7] evaluated=35, batch=5, docked_this_batch=[PfDHFR 5/5, hDHFR 5/5], pareto_size=23, hypervolume=0.1109, pareto_median_heavy=24

[Iteration 8] Docking batch of 5 molecules...
Docking molecule 1/5 against PfDHFR...
Docking molecule 2/5 against PfDHFR...
Docking molecule 3/5 against PfDHFR...
Docking molecule 4/5 against PfDHFR...
Docking molecule 5/5 against PfDHFR...
Docking molecule 1/5 against hDHFR...
Docking molecule 2/5 against hDHFR...
Docking molecule 3/5 against hDHFR...
Docking molecule 4/5 against hDHFR...
Docking molecule 5/5 against hDHFR...
[Iteration 8] evaluated=40, batch=5, docked_this_batch=[PfDHFR 4/5, hDHFR 4/5], pareto_size=25, hypervolume=0.1182, pareto_median_heavy=23

[Iteration 9] Docking batch of 5 molecules...
Docking molecule 1/5 against PfDHFR...
Docking molecule 2/5 against PfDHFR...
Docking molecule 3/5 against PfDHFR...
Docking molecule 4/5 against PfDHFR...
Docking molecule 5/5 against PfDHFR...
Docking molecule 1/5 against hDHFR...
Docking molecule 2/5 against hDHFR...
Docking molecule 3/5 against hDHFR...
Docking molecule 4/5 against hDHFR...
Docking molecule 5/5 against hDHFR...
[Iteration 9] evaluated=45, batch=5, docked_this_batch=[PfDHFR 5/5, hDHFR 5/5], pareto_size=28, hypervolume=0.1227, pareto_median_heavy=24

[Iteration 10] Docking batch of 5 molecules...
Docking molecule 1/5 against PfDHFR...
Docking molecule 2/5 against PfDHFR...
Docking molecule 3/5 against PfDHFR...
Docking molecule 4/5 against PfDHFR...
Docking molecule 5/5 against PfDHFR...
Docking molecule 1/5 against hDHFR...
Docking molecule 2/5 against hDHFR...
Docking molecule 3/5 against hDHFR...
Docking molecule 4/5 against hDHFR...
Docking molecule 5/5 against hDHFR...
[Iteration 10] evaluated=50, batch=5, docked_this_batch=[PfDHFR 5/5, hDHFR 5/5], pareto_size=31, hypervolume=0.1314, pareto_median_heavy=24

[Iteration 11] Docking batch of 5 molecules...
Docking molecule 1/5 against PfDHFR...
Docking molecule 2/5 against PfDHFR...
Docking molecule 3/5 against PfDHFR...
Docking molecule 4/5 against PfDHFR...
Docking molecule 5/5 against PfDHFR...
Docking molecule 1/5 against hDHFR...
Docking molecule 2/5 against hDHFR...
Docking molecule 3/5 against hDHFR...
Docking molecule 4/5 against hDHFR...
Docking molecule 5/5 against hDHFR...
[Iteration 11] evaluated=55, batch=5, docked_this_batch=[PfDHFR 5/5, hDHFR 5/5], pareto_size=29, hypervolume=0.1481, pareto_median_heavy=25

[Iteration 12] Docking batch of 5 molecules...
Docking molecule 1/5 against PfDHFR...
Docking molecule 2/5 against PfDHFR...
Docking molecule 3/5 against PfDHFR...
Docking molecule 4/5 against PfDHFR...
Docking molecule 5/5 against PfDHFR...
Docking molecule 1/5 against hDHFR...
Docking molecule 2/5 against hDHFR...
Docking molecule 3/5 against hDHFR...
Docking molecule 4/5 against hDHFR...
Docking molecule 5/5 against hDHFR...
[Iteration 12] evaluated=60, batch=5, docked_this_batch=[PfDHFR 5/5, hDHFR 5/5], pareto_size=34, hypervolume=0.1545, pareto_median_heavy=25

[Iteration 13] Docking batch of 5 molecules...
Docking molecule 1/5 against PfDHFR...
Docking molecule 2/5 against PfDHFR...
Docking molecule 3/5 against PfDHFR...
Docking molecule 4/5 against PfDHFR...
Docking molecule 5/5 against PfDHFR...
Docking molecule 1/5 against hDHFR...
Docking molecule 2/5 against hDHFR...
Docking molecule 3/5 against hDHFR...
Docking molecule 4/5 against hDHFR...
Docking molecule 5/5 against hDHFR...
[Iteration 13] evaluated=65, batch=5, docked_this_batch=[PfDHFR 4/5, hDHFR 4/5], pareto_size=37, hypervolume=0.1545, pareto_median_heavy=25

[Iteration 14] Docking batch of 5 molecules...
Docking molecule 1/5 against PfDHFR...
Docking molecule 2/5 against PfDHFR...
Docking molecule 3/5 against PfDHFR...
Docking molecule 4/5 against PfDHFR...
Docking molecule 5/5 against PfDHFR...
Docking molecule 1/5 against hDHFR...
Docking molecule 2/5 against hDHFR...
Docking molecule 3/5 against hDHFR...
Docking molecule 4/5 against hDHFR...
Docking molecule 5/5 against hDHFR...
[Iteration 14] evaluated=70, batch=5, docked_this_batch=[PfDHFR 5/5, hDHFR 5/5], pareto_size=42, hypervolume=0.1548, pareto_median_heavy=25

=== Greedy filter-then-dock baseline complete ===
  Total molecules docked:    70
  Final Pareto front size:   42
  Final hypervolume:         0.1548
  Final Pareto heavy atoms: n=42, min 16, median 25, max 36; 0 below 15

Pareto-optimal molecules: 42
SMILES                                                    PfDHFR_Docking         hDHFR_Docking    hERG_Toxicity_Prob         Caco2_logPapp       Half_Life_hours
C[C@@H](NC(=O)c1cc2c(Cl)cc(C(F)F)cc2n1C)c1ccc(C(=O)O)cc1               -9.5690               -9.6540                0.1308               -5.2158                8.4133
NS(=O)(=O)c1ccc(OP(=O)(SCc2ccccc2)c2ccccc2)cc1                   -9.4010               -8.3840                0.0955               -5.4734                7.7266
CC(C)(C)C(=O)N1Cc2ccc(C(=O)NO)cc2C1                              -7.6930               -8.6960                0.0300               -4.5921                5.9420
COc1cc(C[C@H]2C(=O)OC[C@@H]2Cc2ccc(OC)c(OC)c2)ccc1Nc1ccc([N+](=O)[O-])cc1               -8.5250              -10.1000                0.2886               -5.0709                5.7551
CCc1nn(CC(=O)N2CCN(c3cccc(C)c3C)CC2)c(=O)c2cc3occc3n12               -8.6520              -10.3600                0.7713               -4.3597                5.8675
CCOC(=O)C1=C(C)OC(C)=C(C(=O)OCC)C1c1cccc([N+](=O)[O-])c1               -7.5870               -6.9620                0.0526               -4.7422                2.8650
CCCc1ccc2oc(C(=O)N3CCCC3)c(C)c2c1                                -7.8400               -7.8500                0.5964               -4.4425                7.2761
COc1ccc(CNC(=O)COc2ccc(C)nc2[N+](=O)[O-])cc1                     -8.4770               -8.4110                0.2054               -5.0426                2.0891
CC(C)c1ccc(-c2cccc(C(F)(F)P(=O)(O)O)c2)cc1                       -9.0010               -9.4180                0.7324               -4.3861               10.2791
COc1ccc(-c2ccncc2)c2c1NC(=O)CC2                                  -8.6940               -8.6650                0.3499               -4.6708                8.4610
O=C(NCc1cccc(Br)c1)c1ccc2c(c1)OCCO2                              -9.0210               -9.0840                0.1389               -4.8864                4.4123
CC(=O)NC(=S)Nc1ccc(NC(=O)COc2ccc(Cl)cc2)cc1                      -8.4810               -9.0940                0.3360               -4.8872               14.7685
COc1ccccc1-c1cn(-c2cc(C(=O)O)ccn2)cc1C#N                         -7.9270               -8.9860                0.3036               -4.7988                5.7608
O=c1c(-c2ccco2)nnc2n1CCN2c1ccc(Cl)cc1                            -8.4700               -7.6860                0.4187               -4.5561               24.2414
O=C(O)c1cccc(NC(=O)c2ccccc2NC(=O)c2ccc(Br)cc2)c1                 -9.8940               -9.1930                0.1712               -4.9102                3.6404
Oc1ncc(Cc2ccc(F)cc2)c(O)n1                                       -8.6550               -8.5070                0.4163               -4.8415                6.3187
COc1ccc(C)cc1Nc1n[n+](C)c(-c2ccc(C(=O)O)cc2)s1                   -8.3770               -8.4760                0.2261               -5.2331                3.0392
CCOC(=O)Cc1nnc(Nc2ccc(C)cc2C)c2ccccc12                           -9.2730               -9.4220                0.4769               -4.5064                9.2814
C=CCn1c(=O)c(C(=O)Nc2nccs2)c(O)c2ccccc21                         -7.4160               -7.3790                0.1688               -4.9587               12.0685
COc1ccc(Nc2oc(-c3ccc(F)cc3)nc2C#N)cc1                            -9.7570               -9.8970                0.4524               -4.8874                6.4868
Cc1ccc(C(=O)NNC(=O)c2ccc(NC(=O)C(C)(C)C)cc2)cc1                  -6.7250               -8.6900                0.0120               -4.7302               15.2511
CCn1cc(-c2ccc(OC)cc2)c(=O)c2ccc(OC)cc21                          -7.5830               -6.9060                0.3578               -4.5848               15.9594
O=C(Oc1cccc(N2C(=O)C3C4c5ccccc5C(c5ccccc54)C3C2=O)c1)c1ccco1               -7.4940               -6.4070                0.2275               -4.5774                1.2847
C[C@@H]1C[C@H](N)CN1c1nc2c(cc1F)c(=O)c(C(=O)O)cn2C(C)(C)C               -6.4760               -7.7720                0.0934               -5.0158               11.3086
Cc1ccc(NC(=O)c2[nH]cnc2C(=O)N2CCCCC2)c(C(=O)c2ccccc2)c1              -10.0300              -10.4800                0.6851               -5.3473                6.5009
COc1ccc(C(=O)O)cc1-c1ccc(C)s1                                    -7.7450               -7.9370                0.0359               -5.0465                5.7639
COCCOCn1cc(C(=O)NC23CC4CC(CC(C4)C2)C3)c(=O)c2cc(C(C)C)ccc21               -8.3220               -8.0270                0.2915               -4.9892               10.4658
Cc1cc(C)c(S(=O)(=O)Nc2ccc(-c3ccc(N4CCCCC4)nn3)cc2)cc1C               -8.4930               -5.4320                0.4575               -4.8632                8.7187
COc1ccc(C)cc1S(=O)(=O)N1CCCC(C(=O)N2CCOCC2)C1                    -9.3000               -6.8440                0.4173               -4.4940                7.2670
COC(=O)CN1C(=O)CC[C@H](NC(=O)c2cc(OC)c(OC)c(OC)c2)C1=O               -7.5720               -7.7540                0.3310               -4.7076                6.2504
CC(/C=N/N(C)c1ccc([N+](=O)[O-])cc1)=N\NC(=O)c1cc([N+](=O)[O-])cc([N+](=O)[O-])c1               -7.8880               -7.6040                0.0720               -4.7566                1.9724
Clc1ccc(-c2nn3c(C4COc5ccccc5O4)nnc3s2)cc1                        -9.3740               -8.3970                0.5398               -4.5871               19.5056
COc1cc(NC(=N)NC(=O)c2ccc(C)cc2)cc(OC)c1OC                        -7.5150               -6.9150                0.0241               -5.8767                3.9078
C=CCSc1nc(N)nc2c1ncn2[C@H]1C[C@H](O)[C@@H](CO)O1                 -7.2720               -6.8860                0.2506               -5.8889                3.9008
O=C(CCS(=O)(=O)c1ccc2c(c1)NC(=O)CO2)NCc1ccccc1                   -8.6840               -9.6200                0.0721               -5.3171                2.0757
C[C@@H]1CC2C3CCC(=O)C=C3CCC2(C)C1O                               -8.3320               -8.7440                0.2894               -4.9758                2.7920
COC(=O)C(C)(C)CCCOc1cccc(OCCCC(C)(C)C(=O)OC)c1N                  -7.3620               -8.5070                0.3165               -4.8172                6.4675
Cc1ccc(SC[C@H](Cc2ccccc2)N2CCN(CC(C)C)CCC2=O)cc1                 -6.9770               -6.8290                0.7672               -4.8271                7.7068
COc1cc(Cn2c(N)nc3c2c(=O)n(CC2CC2)c(=O)n3CC2CC2)cc(OC)c1OC               -7.6520               -6.9400                0.4123               -5.0030                6.1662
CS(=O)(=O)c1ccc(CNc2ncnc3c(C(N)=O)cccc23)cc1                     -9.3260              -10.1800                0.0869               -5.6629                5.8446
O=C(O)c1ccc2c(c1)C(=O)N([C@H](Cc1ccccc1)C(=O)O)C2=O               -9.7030               -9.2360                0.0884               -5.2029                4.7321
CCOC(=O)c1nnn(-c2nonc2N)c1CSc1ccccc1                             -7.9020               -6.9610                0.1577               -5.1668                2.3407
Saved results to /Users/devansh/mogp-main-vscode/MOGP-NTD/matrix_results_holo/runs/baseline-greedy-permissive/:
  /Users/devansh/mogp-main-vscode/MOGP-NTD/matrix_results_holo/runs/baseline-greedy-permissive/history.csv
  /Users/devansh/mogp-main-vscode/MOGP-NTD/matrix_results_holo/runs/baseline-greedy-permissive/evaluated.csv
  /Users/devansh/mogp-main-vscode/MOGP-NTD/matrix_results_holo/runs/baseline-greedy-permissive/pareto_front.csv

=== MOGP vs Greedy Filter-Then-Dock ===
  (no MOGP results found at results/history.csv; showing greedy only)
  metric                        Greedy
  molecules evaluated               70
  pareto size                       42
  final hypervolume             0.1548
  (no MOGP history at results/history.csv; plotting Greedy only)
Saved comparison plot to /Users/devansh/mogp-main-vscode/MOGP-NTD/matrix_results_holo/runs/baseline-greedy-permissive/comparison.png
  (skipping MOGP: no history at results/history.csv)
  (skipping Random: no history at baseline_random_results/history.csv)
  (skipping Single-Obj BO: no history at baseline_single_obj_results/history.csv)
  (skipping Greedy Filter-Then-Dock: no history at baseline_greedy_results/history.csv)
Saved all-baselines comparison plot to all_baselines_comparison.png (0 run(s) plotted)

Total wall-clock time: 379.3s
