$ /opt/anaconda3/envs/mogp-drug/bin/python baseline_greedy.py --library-dir data/library --output-dir /Users/devansh/mogp-main-vscode/MOGP-NTD/matrix_results_holo/runs/baseline-greedy-default --batch-size 5 --n-total 70 --seed 55

quality_filter: PAINS catalog loaded; synthesizability metric = SA_Score (reject SA > 6.0) [SA_Score (MorganGenerator shim)].
load_library: heavy-atom floor >= 14: 3600/3610 molecules survive (10 fragment(s) removed); surviving heavy atoms [14, 44], MW [200.2, 599.8]. Known actives retained (smallest 17 heavy atoms).
load_library: quality screen (SA_Score (reject SA > 6.0)): 3268/3600 molecules survive (215 PAINS + 115 reactive + 2 synth + 0 unparseable removed). Known actives asserted to survive.
load_library: 332 screened-out molecules logged with their rejection class to data/library/quality_rejected.csv
=== Hard ADMET filter ===
  Library size:               3268
  hERG  < 0.5    passed:   1181
  Half-life > 2.0  passed:   2993
  Caco2 > -5.5   passed:   2918
  Passed ALL three filters:   944
  Filtered out:               2324

Randomly selected 70 of 944 survivors to dock (budget n_total=70).

Docking 70 molecules in 14 batches of up to 5...

[Iteration 1] Docking batch of 5 molecules...
Docking molecule 1/5 against PfDHFR...
Docking molecule 2/5 against PfDHFR...
Docking molecule 3/5 against PfDHFR...
Docking molecule 4/5 against PfDHFR...
Docking molecule 5/5 against PfDHFR...
Docking molecule 1/5 against hDHFR...
Docking molecule 2/5 against hDHFR...
Docking molecule 3/5 against hDHFR...
Docking molecule 4/5 against hDHFR...
Docking molecule 5/5 against hDHFR...
[Iteration 1] evaluated=5, batch=5, docked_this_batch=[PfDHFR 5/5, hDHFR 5/5], pareto_size=3, hypervolume=0.0742, pareto_median_heavy=18

[Iteration 2] Docking batch of 5 molecules...
Docking molecule 1/5 against PfDHFR...
Docking molecule 2/5 against PfDHFR...
Docking molecule 3/5 against PfDHFR...
Docking molecule 4/5 against PfDHFR...
Docking molecule 5/5 against PfDHFR...
Docking molecule 1/5 against hDHFR...
Docking molecule 2/5 against hDHFR...
Docking molecule 3/5 against hDHFR...
Docking molecule 4/5 against hDHFR...
Docking molecule 5/5 against hDHFR...
[Iteration 2] evaluated=10, batch=5, docked_this_batch=[PfDHFR 5/5, hDHFR 5/5], pareto_size=6, hypervolume=0.0948, pareto_median_heavy=24

[Iteration 3] Docking batch of 5 molecules...
Docking molecule 1/5 against PfDHFR...
Docking molecule 2/5 against PfDHFR...
Docking molecule 3/5 against PfDHFR...
Docking molecule 4/5 against PfDHFR...
Docking molecule 5/5 against PfDHFR...
Docking molecule 1/5 against hDHFR...
Docking molecule 2/5 against hDHFR...
Docking molecule 3/5 against hDHFR...
Docking molecule 4/5 against hDHFR...
Docking molecule 5/5 against hDHFR...
[Iteration 3] evaluated=15, batch=5, docked_this_batch=[PfDHFR 5/5, hDHFR 5/5], pareto_size=8, hypervolume=0.1030, pareto_median_heavy=20

[Iteration 4] Docking batch of 5 molecules...
Docking molecule 1/5 against PfDHFR...
Docking molecule 2/5 against PfDHFR...
Docking molecule 3/5 against PfDHFR...
Docking molecule 4/5 against PfDHFR...
Docking molecule 5/5 against PfDHFR...
Docking molecule 1/5 against hDHFR...
Docking molecule 2/5 against hDHFR...
Docking molecule 3/5 against hDHFR...
Docking molecule 4/5 against hDHFR...
Docking molecule 5/5 against hDHFR...
[Iteration 4] evaluated=20, batch=5, docked_this_batch=[PfDHFR 5/5, hDHFR 5/5], pareto_size=11, hypervolume=0.1055, pareto_median_heavy=19

[Iteration 5] Docking batch of 5 molecules...
Docking molecule 1/5 against PfDHFR...
Docking molecule 2/5 against PfDHFR...
Docking molecule 3/5 against PfDHFR...
Docking molecule 4/5 against PfDHFR...
Docking molecule 5/5 against PfDHFR...
Docking molecule 1/5 against hDHFR...
Docking molecule 2/5 against hDHFR...
Docking molecule 3/5 against hDHFR...
Docking molecule 4/5 against hDHFR...
Docking molecule 5/5 against hDHFR...
[Iteration 5] evaluated=25, batch=5, docked_this_batch=[PfDHFR 5/5, hDHFR 5/5], pareto_size=16, hypervolume=0.1230, pareto_median_heavy=20

[Iteration 6] Docking batch of 5 molecules...
Docking molecule 1/5 against PfDHFR...
Docking molecule 2/5 against PfDHFR...
Docking molecule 3/5 against PfDHFR...
Docking molecule 4/5 against PfDHFR...
Docking molecule 5/5 against PfDHFR...
Docking molecule 1/5 against hDHFR...
Docking molecule 2/5 against hDHFR...
Docking molecule 3/5 against hDHFR...
Docking molecule 4/5 against hDHFR...
Docking molecule 5/5 against hDHFR...
[Iteration 6] evaluated=30, batch=5, docked_this_batch=[PfDHFR 5/5, hDHFR 5/5], pareto_size=19, hypervolume=0.1410, pareto_median_heavy=20

[Iteration 7] Docking batch of 5 molecules...
Docking molecule 1/5 against PfDHFR...
Docking molecule 2/5 against PfDHFR...
Docking molecule 3/5 against PfDHFR...
Docking molecule 4/5 against PfDHFR...
Docking molecule 5/5 against PfDHFR...
Docking molecule 1/5 against hDHFR...
Docking molecule 2/5 against hDHFR...
Docking molecule 3/5 against hDHFR...
Docking molecule 4/5 against hDHFR...
Docking molecule 5/5 against hDHFR...
[Iteration 7] evaluated=35, batch=5, docked_this_batch=[PfDHFR 5/5, hDHFR 5/5], pareto_size=20, hypervolume=0.1444, pareto_median_heavy=21

[Iteration 8] Docking batch of 5 molecules...
Docking molecule 1/5 against PfDHFR...
Docking molecule 2/5 against PfDHFR...
Docking molecule 3/5 against PfDHFR...
Docking molecule 4/5 against PfDHFR...
Docking molecule 5/5 against PfDHFR...
Docking molecule 1/5 against hDHFR...
Docking molecule 2/5 against hDHFR...
Docking molecule 3/5 against hDHFR...
Docking molecule 4/5 against hDHFR...
Docking molecule 5/5 against hDHFR...
[Iteration 8] evaluated=40, batch=5, docked_this_batch=[PfDHFR 5/5, hDHFR 5/5], pareto_size=22, hypervolume=0.1445, pareto_median_heavy=21

[Iteration 9] Docking batch of 5 molecules...
Docking molecule 1/5 against PfDHFR...
Docking molecule 2/5 against PfDHFR...
Docking molecule 3/5 against PfDHFR...
Docking molecule 4/5 against PfDHFR...
Docking molecule 5/5 against PfDHFR...
Docking molecule 1/5 against hDHFR...
Docking molecule 2/5 against hDHFR...
Docking molecule 3/5 against hDHFR...
Docking molecule 4/5 against hDHFR...
Docking molecule 5/5 against hDHFR...
[Iteration 9] evaluated=45, batch=5, docked_this_batch=[PfDHFR 5/5, hDHFR 5/5], pareto_size=25, hypervolume=0.1527, pareto_median_heavy=21

[Iteration 10] Docking batch of 5 molecules...
Docking molecule 1/5 against PfDHFR...
Docking molecule 2/5 against PfDHFR...
Docking molecule 3/5 against PfDHFR...
Docking molecule 4/5 against PfDHFR...
Docking molecule 5/5 against PfDHFR...
Docking molecule 1/5 against hDHFR...
Docking molecule 2/5 against hDHFR...
Docking molecule 3/5 against hDHFR...
Docking molecule 4/5 against hDHFR...
Docking molecule 5/5 against hDHFR...
[Iteration 10] evaluated=50, batch=5, docked_this_batch=[PfDHFR 5/5, hDHFR 5/5], pareto_size=27, hypervolume=0.1530, pareto_median_heavy=21

[Iteration 11] Docking batch of 5 molecules...
Docking molecule 1/5 against PfDHFR...
Docking molecule 2/5 against PfDHFR...
Docking molecule 3/5 against PfDHFR...
Docking molecule 4/5 against PfDHFR...
Docking molecule 5/5 against PfDHFR...
Docking molecule 1/5 against hDHFR...
Docking molecule 2/5 against hDHFR...
Docking molecule 3/5 against hDHFR...
Docking molecule 4/5 against hDHFR...
Docking molecule 5/5 against hDHFR...
[Iteration 11] evaluated=55, batch=5, docked_this_batch=[PfDHFR 5/5, hDHFR 5/5], pareto_size=31, hypervolume=0.1531, pareto_median_heavy=21

[Iteration 12] Docking batch of 5 molecules...
Docking molecule 1/5 against PfDHFR...
Docking molecule 2/5 against PfDHFR...
Docking molecule 3/5 against PfDHFR...
Docking molecule 4/5 against PfDHFR...
Docking molecule 5/5 against PfDHFR...
Docking molecule 1/5 against hDHFR...
Docking molecule 2/5 against hDHFR...
Docking molecule 3/5 against hDHFR...
Docking molecule 4/5 against hDHFR...
Docking molecule 5/5 against hDHFR...
[Iteration 12] evaluated=60, batch=5, docked_this_batch=[PfDHFR 5/5, hDHFR 5/5], pareto_size=33, hypervolume=0.1531, pareto_median_heavy=21

[Iteration 13] Docking batch of 5 molecules...
Docking molecule 1/5 against PfDHFR...
Docking molecule 2/5 against PfDHFR...
Docking molecule 3/5 against PfDHFR...
Docking molecule 4/5 against PfDHFR...
Docking molecule 5/5 against PfDHFR...
Docking molecule 1/5 against hDHFR...
Docking molecule 2/5 against hDHFR...
Docking molecule 3/5 against hDHFR...
Docking molecule 4/5 against hDHFR...
Docking molecule 5/5 against hDHFR...
[Iteration 13] evaluated=65, batch=5, docked_this_batch=[PfDHFR 5/5, hDHFR 5/5], pareto_size=23, hypervolume=0.2077, pareto_median_heavy=23

[Iteration 14] Docking batch of 5 molecules...
Docking molecule 1/5 against PfDHFR...
Docking molecule 2/5 against PfDHFR...
Docking molecule 3/5 against PfDHFR...
Docking molecule 4/5 against PfDHFR...
Docking molecule 5/5 against PfDHFR...
Docking molecule 1/5 against hDHFR...
Docking molecule 2/5 against hDHFR...
Docking molecule 3/5 against hDHFR...
Docking molecule 4/5 against hDHFR...
Docking molecule 5/5 against hDHFR...
[Iteration 14] evaluated=70, batch=5, docked_this_batch=[PfDHFR 5/5, hDHFR 5/5], pareto_size=25, hypervolume=0.2400, pareto_median_heavy=23

=== Greedy filter-then-dock baseline complete ===
  Total molecules docked:    70
  Final Pareto front size:   25
  Final hypervolume:         0.2400
  Final Pareto heavy atoms: n=25, min 14, median 23, max 33; 1 below 15

Pareto-optimal molecules: 25
SMILES                                                    PfDHFR_Docking         hDHFR_Docking    hERG_Toxicity_Prob         Caco2_logPapp       Half_Life_hours
COc1ccc2c(C)c([N+](=O)[O-])oc2c1                                 -7.5790               -7.3450                0.0858               -4.8641                7.3929
COc1cccc2c1CC1C(=O)N(C)CC(=O)N21                                 -7.7510               -7.2630                0.3325               -4.3955                5.1732
COC(=O)[C@@H]1C[C@H](CC(C)C)N(C(=O)c2ccccn2)[C@@]12C(=O)Nc1ccc(Cl)cc12               -8.2940               -6.4190                0.3704               -5.0000                9.1662
CC(CCc1ccccn1)(CCc1ccccn1)C(=O)c1ccccc1                          -9.9200               -9.3760                0.0500               -4.4221               10.2200
Nc1nccc2cnc(-c3ccccc3)n12                                        -7.6300               -7.5170                0.3067               -4.6884               10.3832
CC1(C)C(=O)OC(c2cccn2-c2ccc([N+](=O)[O-])cc2)C2(CCCCC2)C1=O               -9.6540               -8.1740                0.0166               -4.8984                2.9495
NCCCc1ccc(C(N)=O)cc1-c1ccc(F)cc1                                 -8.7240               -9.1290                0.3777               -4.8754               21.5441
O=C1N/C(=C\c2ccccc2)c2ccccc21                                    -9.0800               -8.5860                0.0299               -4.3051               16.2838
O=C1NC(=S)N/C1=C\c1ccccc1                                        -8.0240               -7.5630                0.0302               -4.3745                5.4068
CCCn1c(=O)n(C)c(=O)c2cnn(-c3ccccc3)c21                           -7.8740               -6.7030                0.4363               -4.3281                9.3719
O=C(Nc1ccncc1)Nc1c(Cl)cc(Cl)cc1Cl                                -6.6730               -6.6540                0.2312               -4.3937                7.5087
CC(C)NC(=O)c1ccc2c3n(nc2c1)-c1ccccc1CO3                          -8.7580               -8.4860                0.1383               -4.9856               12.2993
CC(C)C(=O)Nc1ccc(NC(=O)c2ccc3c(c2)OCO3)cc1                       -7.8530               -7.1650                0.0330               -5.0532                7.0949
O=C(c1ccc(O)cc1)C1C(=O)N(Cc2ccccc2)C(=O)N(Cc2ccccc2)C1=O              -10.0100               -9.2100                0.2165               -4.9787                2.1814
CC1CN(C(=O)NCCn2ccnc2)CCO1                                       -6.4130               -6.7000                0.1356               -4.9702                3.9138
Cc1cc(C)c(S(=O)(=O)Nc2ccc(-c3ccc(N4CCCCC4)nn3)cc2)cc1C               -8.4930               -5.4320                0.4575               -4.8632                8.7187
Cc1ccc(C(=O)NS(=O)(=O)c2ccc3c(c2)OCCCO3)o1                       -6.7840               -7.0790                0.0367               -5.0447                2.7765
Nc1nc2cc(S(=O)(=O)NC3=NCCCCC3)ccc2s1                             -6.0680               -6.1090                0.2494               -4.9896                2.5648
CC(CN(C)C)Oc1cc(Oc2ccc(S(C)(=O)=O)cc2)cc(C(=O)Nc2nccs2)c1               -8.5600               -8.1360                0.1451               -5.0843                4.2799
C[C@@H]1C(=O)O[C@@H]2O[C@@]3(C)CC[C@H]4[C@H](C)CC[C@@H]1[C@@]24O3               -8.2560               -8.5600                0.0344               -4.8575                2.4194
CN(C)c1nc(NC(=O)Nc2ccc(S(N)(=O)=O)cc2)nc(Nc2ccc(F)cc2)n1               -6.9210               -5.9290                0.3206               -4.8940                6.5359
COC(=O)c1cc(-c2c(C(=O)OC)cc(OC)c3c2OCO3)c2c(c1OC)OCO2               -8.1430               -6.7020                0.1346               -4.5369                7.4598
COc1ccc(N2C(=O)/C(=C3/C(=O)Nc4ccccc43)c3ccccc32)cc1               -9.9910               -7.6970                0.1461               -4.3333               20.8201
COc1ccc(/C=C/[C@@H]2[C@@H](c3ccccc3)C(=O)N2c2cc(OC)c(OC)c(OC)c2)cc1               -8.2670               -5.5990                0.3491               -4.8992                5.6557
Nc1ncnc(C#Cc2ccccc2)c1-c1ccc(Cl)cc1                              -8.2370               -9.3010                0.0930               -4.5980               33.2551
Saved results to /Users/devansh/mogp-main-vscode/MOGP-NTD/matrix_results_holo/runs/baseline-greedy-default/:
  /Users/devansh/mogp-main-vscode/MOGP-NTD/matrix_results_holo/runs/baseline-greedy-default/history.csv
  /Users/devansh/mogp-main-vscode/MOGP-NTD/matrix_results_holo/runs/baseline-greedy-default/evaluated.csv
  /Users/devansh/mogp-main-vscode/MOGP-NTD/matrix_results_holo/runs/baseline-greedy-default/pareto_front.csv

=== MOGP vs Greedy Filter-Then-Dock ===
  (no MOGP results found at results/history.csv; showing greedy only)
  metric                        Greedy
  molecules evaluated               70
  pareto size                       25
  final hypervolume             0.2400
  (no MOGP history at results/history.csv; plotting Greedy only)
Saved comparison plot to /Users/devansh/mogp-main-vscode/MOGP-NTD/matrix_results_holo/runs/baseline-greedy-default/comparison.png
  (skipping MOGP: no history at results/history.csv)
  (skipping Random: no history at baseline_random_results/history.csv)
  (skipping Single-Obj BO: no history at baseline_single_obj_results/history.csv)
  (skipping Greedy Filter-Then-Dock: no history at baseline_greedy_results/history.csv)
Saved all-baselines comparison plot to all_baselines_comparison.png (0 run(s) plotted)

Total wall-clock time: 386.4s
