$ /opt/anaconda3/envs/mogp-drug/bin/python baseline_random.py --library-dir data/library --output-dir /Users/devansh/mogp-main-vscode/MOGP-NTD/matrix_results_holo/runs/baseline-random --n-init 20 --batch-size 5 --n-iterations 10 --seed 99

quality_filter: PAINS catalog loaded; synthesizability metric = SA_Score (reject SA > 6.0) [SA_Score (MorganGenerator shim)].
load_library: heavy-atom floor >= 14: 3600/3610 molecules survive (10 fragment(s) removed); surviving heavy atoms [14, 44], MW [200.2, 599.8]. Known actives retained (smallest 17 heavy atoms).
load_library: quality screen (SA_Score (reject SA > 6.0)): 3268/3600 molecules survive (215 PAINS + 115 reactive + 2 synth + 0 unparseable removed). Known actives asserted to survive.
load_library: 332 screened-out molecules logged with their rejection class to data/library/quality_rejected.csv
Initializing with 20 random molecules...
Docking molecule 1/20 against PfDHFR...
Docking molecule 2/20 against PfDHFR...
Docking molecule 3/20 against PfDHFR...
Docking molecule 4/20 against PfDHFR...
Docking molecule 5/20 against PfDHFR...
Docking molecule 6/20 against PfDHFR...
Docking molecule 7/20 against PfDHFR...
Docking molecule 8/20 against PfDHFR...
Docking molecule 9/20 against PfDHFR...
Docking molecule 10/20 against PfDHFR...
Docking molecule 11/20 against PfDHFR...
Docking molecule 12/20 against PfDHFR...
Docking molecule 13/20 against PfDHFR...
Docking molecule 14/20 against PfDHFR...
Docking molecule 15/20 against PfDHFR...
Docking molecule 16/20 against PfDHFR...
Docking molecule 17/20 against PfDHFR...
Docking molecule 18/20 against PfDHFR...
Docking molecule 19/20 against PfDHFR...
Docking molecule 20/20 against PfDHFR...
Docking molecule 1/20 against hDHFR...
Docking molecule 2/20 against hDHFR...
Docking molecule 3/20 against hDHFR...
Docking molecule 4/20 against hDHFR...
Docking molecule 5/20 against hDHFR...
Docking molecule 6/20 against hDHFR...
Docking molecule 7/20 against hDHFR...
Docking molecule 8/20 against hDHFR...
Docking molecule 9/20 against hDHFR...
Docking molecule 10/20 against hDHFR...
Docking molecule 11/20 against hDHFR...
Docking molecule 12/20 against hDHFR...
Docking molecule 13/20 against hDHFR...
Docking molecule 14/20 against hDHFR...
Docking molecule 15/20 against hDHFR...
Docking molecule 16/20 against hDHFR...
Docking molecule 17/20 against hDHFR...
Docking molecule 18/20 against hDHFR...
Docking molecule 19/20 against hDHFR...
Docking molecule 20/20 against hDHFR...
Initialized 20 molecules; docked PfDHFR 19/20, hDHFR 19/20.

[Iteration 1] Randomly selected 5 molecules; docking...
Docking molecule 1/5 against PfDHFR...
Docking molecule 2/5 against PfDHFR...
Docking molecule 3/5 against PfDHFR...
Docking molecule 4/5 against PfDHFR...
Docking molecule 5/5 against PfDHFR...
Docking molecule 1/5 against hDHFR...
Docking molecule 2/5 against hDHFR...
Docking molecule 3/5 against hDHFR...
Docking molecule 4/5 against hDHFR...
Docking molecule 5/5 against hDHFR...
[Iteration 1] evaluated=25, batch=5, docked_this_batch=[PfDHFR 5/5, hDHFR 5/5], pareto_size=16, hypervolume=0.1052, pareto_median_heavy=28

[Iteration 2] Randomly selected 5 molecules; docking...
Docking molecule 1/5 against PfDHFR...
Docking molecule 2/5 against PfDHFR...
Docking molecule 3/5 against PfDHFR...
Docking molecule 4/5 against PfDHFR...
Docking molecule 5/5 against PfDHFR...
[RDKit] ERROR:[18:57:43] UFFTYPER: Unrecognized charge state for atom: 1
Docking molecule 1/5 against hDHFR...
Docking molecule 2/5 against hDHFR...
Docking molecule 3/5 against hDHFR...
Docking molecule 4/5 against hDHFR...
Docking molecule 5/5 against hDHFR...
[RDKit] ERROR:[18:57:55] UFFTYPER: Unrecognized charge state for atom: 1
[Iteration 2] evaluated=30, batch=5, docked_this_batch=[PfDHFR 5/5, hDHFR 5/5], pareto_size=16, hypervolume=0.1075, pareto_median_heavy=26

[Iteration 3] Randomly selected 5 molecules; docking...
Docking molecule 1/5 against PfDHFR...
Docking molecule 2/5 against PfDHFR...
Docking molecule 3/5 against PfDHFR...
Docking molecule 4/5 against PfDHFR...
Docking molecule 5/5 against PfDHFR...
Docking molecule 1/5 against hDHFR...
Docking molecule 2/5 against hDHFR...
Docking molecule 3/5 against hDHFR...
Docking molecule 4/5 against hDHFR...
Docking molecule 5/5 against hDHFR...
[Iteration 3] evaluated=35, batch=5, docked_this_batch=[PfDHFR 5/5, hDHFR 5/5], pareto_size=19, hypervolume=0.1090, pareto_median_heavy=25

[Iteration 4] Randomly selected 5 molecules; docking...
Docking molecule 1/5 against PfDHFR...
Docking molecule 2/5 against PfDHFR...
Docking molecule 3/5 against PfDHFR...
Docking molecule 4/5 against PfDHFR...
Docking molecule 5/5 against PfDHFR...
Docking molecule 1/5 against hDHFR...
Docking molecule 2/5 against hDHFR...
Docking molecule 3/5 against hDHFR...
Docking molecule 4/5 against hDHFR...
Docking molecule 5/5 against hDHFR...
[Iteration 4] evaluated=40, batch=5, docked_this_batch=[PfDHFR 5/5, hDHFR 5/5], pareto_size=22, hypervolume=0.1173, pareto_median_heavy=25

[Iteration 5] Randomly selected 5 molecules; docking...
Docking molecule 1/5 against PfDHFR...
Docking molecule 2/5 against PfDHFR...
Docking molecule 3/5 against PfDHFR...
Docking molecule 4/5 against PfDHFR...
Docking molecule 5/5 against PfDHFR...
Docking molecule 1/5 against hDHFR...
Docking molecule 2/5 against hDHFR...
Docking molecule 3/5 against hDHFR...
Docking molecule 4/5 against hDHFR...
Docking molecule 5/5 against hDHFR...
[Iteration 5] evaluated=45, batch=5, docked_this_batch=[PfDHFR 4/5, hDHFR 4/5], pareto_size=24, hypervolume=0.1174, pareto_median_heavy=24

[Iteration 6] Randomly selected 5 molecules; docking...
Docking molecule 1/5 against PfDHFR...
Docking molecule 2/5 against PfDHFR...
Docking molecule 3/5 against PfDHFR...
Docking molecule 4/5 against PfDHFR...
Docking molecule 5/5 against PfDHFR...
Docking molecule 1/5 against hDHFR...
Docking molecule 2/5 against hDHFR...
Docking molecule 3/5 against hDHFR...
Docking molecule 4/5 against hDHFR...
Docking molecule 5/5 against hDHFR...
[Iteration 6] evaluated=50, batch=5, docked_this_batch=[PfDHFR 5/5, hDHFR 5/5], pareto_size=27, hypervolume=0.1175, pareto_median_heavy=25

[Iteration 7] Randomly selected 5 molecules; docking...
Docking molecule 1/5 against PfDHFR...
Docking molecule 2/5 against PfDHFR...
Docking molecule 3/5 against PfDHFR...
Docking molecule 4/5 against PfDHFR...
Docking molecule 5/5 against PfDHFR...
Docking molecule 1/5 against hDHFR...
Docking molecule 2/5 against hDHFR...
Docking molecule 3/5 against hDHFR...
Docking molecule 4/5 against hDHFR...
Docking molecule 5/5 against hDHFR...
[Iteration 7] evaluated=55, batch=5, docked_this_batch=[PfDHFR 5/5, hDHFR 5/5], pareto_size=30, hypervolume=0.1178, pareto_median_heavy=25

[Iteration 8] Randomly selected 5 molecules; docking...
Docking molecule 1/5 against PfDHFR...
Docking molecule 2/5 against PfDHFR...
Docking molecule 3/5 against PfDHFR...
Docking molecule 4/5 against PfDHFR...
Docking molecule 5/5 against PfDHFR...
Docking molecule 1/5 against hDHFR...
Docking molecule 2/5 against hDHFR...
Docking molecule 3/5 against hDHFR...
Docking molecule 4/5 against hDHFR...
Docking molecule 5/5 against hDHFR...
[Iteration 8] evaluated=60, batch=5, docked_this_batch=[PfDHFR 5/5, hDHFR 5/5], pareto_size=35, hypervolume=0.1200, pareto_median_heavy=25

[Iteration 9] Randomly selected 5 molecules; docking...
Docking molecule 1/5 against PfDHFR...
Docking molecule 2/5 against PfDHFR...
Docking molecule 3/5 against PfDHFR...
Docking molecule 4/5 against PfDHFR...
Docking molecule 5/5 against PfDHFR...
Docking molecule 1/5 against hDHFR...
Docking molecule 2/5 against hDHFR...
Docking molecule 3/5 against hDHFR...
Docking molecule 4/5 against hDHFR...
Docking molecule 5/5 against hDHFR...
[Iteration 9] evaluated=65, batch=5, docked_this_batch=[PfDHFR 5/5, hDHFR 5/5], pareto_size=39, hypervolume=0.1221, pareto_median_heavy=25

[Iteration 10] Randomly selected 5 molecules; docking...
Docking molecule 1/5 against PfDHFR...
Docking molecule 2/5 against PfDHFR...
Docking molecule 3/5 against PfDHFR...
Docking molecule 4/5 against PfDHFR...
Docking molecule 5/5 against PfDHFR...
Docking molecule 1/5 against hDHFR...
Docking molecule 2/5 against hDHFR...
Docking molecule 3/5 against hDHFR...
Docking molecule 4/5 against hDHFR...
Docking molecule 5/5 against hDHFR...
[Iteration 10] evaluated=70, batch=5, docked_this_batch=[PfDHFR 5/5, hDHFR 5/5], pareto_size=43, hypervolume=0.1378, pareto_median_heavy=25

=== Random-search baseline complete ===
  Total molecules evaluated: 70
  Final Pareto front size:   43
  Final hypervolume:         0.1378
  Final Pareto heavy atoms: n=43, min 15, median 25, max 41; 0 below 15

Pareto-optimal molecules: 43
SMILES                                                    PfDHFR_Docking         hDHFR_Docking    hERG_Toxicity_Prob         Caco2_logPapp       Half_Life_hours
CCC(CC)NC(=O)c1cc2c(C)cc(C)cc2[nH]1                              -7.4750               -7.5320                0.7667               -4.9070                6.8635
COc1cc(-c2cc(=O)c3c(O)cc(O)cc3o2)cc(OC)c1OC(=O)N[C@H](C(=O)O)C(C)C               -7.9360               -8.0670                0.1322               -5.2982                3.9963
CCOC(=O)CNc1nc(C(C)(C)C)nc2c1nnn2Cc1ccccc1Cl                     -7.6360               -8.2710                0.9030               -4.7388                8.5797
COc1cc(OC2CCN(Cc3cccnc3)CC2)ccc1C(=O)N1CCC(N2C(=O)OCc3ccccc32)CC1               -9.5550               -8.6660                0.9871               -4.8552                5.9810
CN1C[C@@H]2C[C@H]1CN2c1c(F)cc2c(=O)c(C(=O)O)cn(-c3ccc(F)cc3F)c2c1Cl               -8.0080               -6.6380                0.7949               -4.8208                9.9202
CCOc1cc(S(=O)(=O)NCc2ccc3c(c2)OCO3)c(C)cc1C                      -9.2060               -9.7560                0.3463               -4.9279                9.7632
CCOC(=O)C1CN(S(=O)(=O)c2ccc(C)cc2)c2ccccc2O1                     -8.9530               -8.5040                0.2726               -4.5525                4.2909
COc1c(C(=N)N)cccc1-c1cc(-c2ccc(C(=N)N)cc2)no1                    -9.1260               -8.8880                0.0501               -6.3818                9.8949
Cc1c(C(C)C)c(=O)on1C(=O)N1CCCC(CO)C1                             -8.0740               -8.2590                0.0865               -4.6002                3.1139
Clc1ccc2c(c1)CN(C1CCCCC1)CO2                                     -8.5600               -8.8510                0.5570               -4.5922               14.6064
CN1C2CCC1CC(n1nnc3ccccc3c1=O)C2                                  -8.2740               -8.3080                0.9156               -4.8492               14.4380
O=C(NC(=O)c1ccc(Cl)cc1)Nc1ccc2c(c1)NC(=O)/C2=C\c1ccc[nH]1               -7.6700               -4.4480                0.1069               -4.9833               14.1259
NC(=S)N/N=C/c1ccc(-c2ccccc2)o1                                   -8.6290               -8.1280                0.3259               -4.9708                4.9436
C[C@H](Cc1ccccc1)Nc1ncnc2c1ncn2C1CCCC(O)C1O                      -9.2850               -8.9030                0.6704               -5.9753                3.5423
CCc1nc2sc(-c3ccc(S(C)(=O)=O)cc3)c(-c3ccccc3)n2n1                 -8.3800               -7.7920                0.2040               -4.6484                5.8701
Cc1c[n+]([O-])ccc1Oc1ccc([N+](=O)[O-])cc1                        -8.0160               -8.0320                0.3144               -4.6452                7.5645
COc1ccc2nc(-c3cn4nc(OC)sc4n3)oc2c1                               -6.8060               -6.4400                0.2942               -4.4686                3.4676
COCCOc1ccc(C(=O)NCc2ccco2)cc1                                    -6.9360               -7.0910                0.4074               -4.9266                3.6628
CCC(=O)NCC(c1cccs1)S(=O)(=O)c1ccc(C)cc1                          -8.0150               -7.9420                0.0817               -5.0004                3.0361
CC(=O)c1ccc(N2CCN(S(=O)(=O)c3ccc4[nH]c(=O)oc4c3)CC2)cc1               -9.2640               -9.3980                0.3886               -4.7636                3.3502
O=c1c2ccccc2nc(-n2ccnc2)n1-c1ccc(Cl)cc1                          -8.8150               -8.3010                0.5100               -4.2733               14.3018
CNC(=O)CN1C(=O)N(c2cccc(C(F)(F)F)c2)C2=C(C(=O)CC2)C1c1ccc(C#N)cc1               -9.1600               -8.4400                0.9656               -5.1168               13.3020
COc1ccc(CNc2cc(Cl)c(/N=C/N(C)C)c(Cl)c2)cc1F                      -8.9190               -8.9370                0.9522               -4.9744               11.1394
N#Cc1ccc(-c2ccc(N3CCOCC3)s2)cc1                                  -6.8050               -6.6790                0.7798               -4.4542                6.8666
COc1cccc(Cn2c(=O)c(CCc3ccccc3)nc3cnc(OC)nc32)c1                  -9.3210               -9.8880                0.7500               -4.5749                1.8411
COc1ccc(CC2=NN3C(=NN(C(C)=O)C3(C)c3ccc(C)cc3)N(N(C(C)=O)C(C)=O)C2=O)cc1               -6.7010               -4.0850                0.4795               -5.1131                8.9036
CSCCC(NS(=O)(=O)c1cccc(C(F)(F)F)c1)C(=O)N(C)CCOc1ccc(Cl)cc1               -8.1290               -8.7260                0.9989               -5.2115               23.9395
CCOC(=O)C1CCN(C(=O)c2cnn(-c3ccccc3F)c2N)CC1                      -8.5180               -7.3460                0.8513               -4.7997                5.6323
CC(C)NC(=O)c1cccc(Cl)c1NC(=O)c1cc(C(F)(F)F)nn1-c1ncccc1Cl               -8.9810               -8.0340                0.7812               -4.8176                8.3615
CCNc1ccccc1C(=O)Nc1ccc2[nH]ncc2c1                                -8.4770               -8.2170                0.9043               -4.5871                5.1630
Cc1cc(CC#N)cc(C)c1Nc1ccnc(Nc2ccc(C#N)cc2)n1                      -9.2740              -10.7300                0.4024               -4.6984                9.0149
CCCNC(=O)c1cnc(Sc2ncc(C(F)(F)F)cc2Cl)n1C                         -8.1050               -8.1250                0.8560               -4.9042                9.2093
CC(C)C(=O)NNC(=O)C1CC1(c1ccccc1)c1ccccc1                         -9.1730               -8.7510                0.0981               -4.9908                1.8460
C[C@@H](NC(=O)c1cc2c(Cl)cc(C(F)F)cc2n1C)c1ccc(C(=O)O)cc1               -9.5690               -9.6540                0.1308               -5.2158                8.4133
CCCNc1c(C(C)=O)ccc(OCc2ccc(C(=O)O)cc2OC)c1CCC                    -8.2080               -7.9510                0.0792               -4.7645                2.0381
CS(=O)(=O)NC(=O)c1cccc2nc3cccc(Cl)c3nc12                         -8.1880               -7.4970                0.7215               -4.4330                3.6864
C=CCOc1ccccc1/C=C1\Oc2c(OC)cccc2C1=O                             -9.2020               -8.7810                0.4442               -4.5260                9.1248
Cc1cc2oc(C(=O)NCc3ccc(S(N)(=O)=O)cc3)c(C)c2cc1C                  -9.0920               -9.7290                0.1204               -5.7075                7.0163
CC(=O)Nc1ccc(/C(C)=N/NC(N)=S)cc1                                 -7.4580               -7.8010                0.0287               -5.1445                6.5077
Cc1cc(S(=O)(=O)n2cnc3ccccc32)c(C)cc1Cl                          -10.4800              -10.5400                0.4345               -4.5618               10.2456
CN1CCc2c(sc3nc(SCC(N)=O)n(-c4ccc(Cl)cc4)c(=O)c23)C1               -7.9940               -7.3590                0.7485               -5.1742               11.0784
N=c1oc2cc(O)ccc2cc1C(N)=O                                        -8.5050               -8.1330                0.0207               -4.9394                2.5141
O=C1Nc2ccc(Cl)cc2[C@]12CC(c1ccccc1)=NN2                          -9.1210               -9.2520                0.3200               -4.7073               19.2298
Saved results to /Users/devansh/mogp-main-vscode/MOGP-NTD/matrix_results_holo/runs/baseline-random/:
  /Users/devansh/mogp-main-vscode/MOGP-NTD/matrix_results_holo/runs/baseline-random/history.csv
  /Users/devansh/mogp-main-vscode/MOGP-NTD/matrix_results_holo/runs/baseline-random/evaluated.csv
  /Users/devansh/mogp-main-vscode/MOGP-NTD/matrix_results_holo/runs/baseline-random/pareto_front.csv

=== MOGP vs Random Search ===
  (no MOGP results found at results/history.csv; showing baseline only)
  metric                        Random
  molecules evaluated               70
  pareto size                       43
  final hypervolume             0.1378
  (no MOGP history at results/history.csv; plotting Random only)
Saved comparison plot to /Users/devansh/mogp-main-vscode/MOGP-NTD/matrix_results_holo/runs/baseline-random/comparison.png

Total wall-clock time: 480.8s
