$ /opt/anaconda3/envs/mogp-drug/bin/python baseline_single_obj.py --library-dir data/library --output-dir /Users/devansh/mogp-main-vscode/MOGP-NTD/matrix_results_holo/runs/baseline-single-obj --n-init 20 --batch-size 5 --n-iterations 10 --mogp-iters 100 --seed 77

quality_filter: PAINS catalog loaded; synthesizability metric = SA_Score (reject SA > 6.0) [SA_Score (MorganGenerator shim)].
load_library: heavy-atom floor >= 14: 3600/3610 molecules survive (10 fragment(s) removed); surviving heavy atoms [14, 44], MW [200.2, 599.8]. Known actives retained (smallest 17 heavy atoms).
load_library: quality screen (SA_Score (reject SA > 6.0)): 3268/3600 molecules survive (215 PAINS + 115 reactive + 2 synth + 0 unparseable removed). Known actives asserted to survive.
load_library: 332 screened-out molecules logged with their rejection class to data/library/quality_rejected.csv
Initializing with 20 random molecules...
Docking molecule 1/20 against PfDHFR...
Docking molecule 2/20 against PfDHFR...
Docking molecule 3/20 against PfDHFR...
Docking molecule 4/20 against PfDHFR...
Docking molecule 5/20 against PfDHFR...
Docking molecule 6/20 against PfDHFR...
Docking molecule 7/20 against PfDHFR...
Docking molecule 8/20 against PfDHFR...
Docking molecule 9/20 against PfDHFR...
Docking molecule 10/20 against PfDHFR...
Docking molecule 11/20 against PfDHFR...
Docking molecule 12/20 against PfDHFR...
Docking molecule 13/20 against PfDHFR...
Docking molecule 14/20 against PfDHFR...
Docking molecule 15/20 against PfDHFR...
Docking molecule 16/20 against PfDHFR...
Docking molecule 17/20 against PfDHFR...
Docking molecule 18/20 against PfDHFR...
Docking molecule 19/20 against PfDHFR...
Docking molecule 20/20 against PfDHFR...
Docking molecule 1/20 against hDHFR...
Docking molecule 2/20 against hDHFR...
Docking molecule 3/20 against hDHFR...
Docking molecule 4/20 against hDHFR...
Docking molecule 5/20 against hDHFR...
Docking molecule 6/20 against hDHFR...
Docking molecule 7/20 against hDHFR...
Docking molecule 8/20 against hDHFR...
Docking molecule 9/20 against hDHFR...
Docking molecule 10/20 against hDHFR...
Docking molecule 11/20 against hDHFR...
Docking molecule 12/20 against hDHFR...
Docking molecule 13/20 against hDHFR...
Docking molecule 14/20 against hDHFR...
Docking molecule 15/20 against hDHFR...
Docking molecule 16/20 against hDHFR...
Docking molecule 17/20 against hDHFR...
Docking molecule 18/20 against hDHFR...
Docking molecule 19/20 against hDHFR...
Docking molecule 20/20 against hDHFR...
Initialized 20 molecules; docked PfDHFR 19/20, hDHFR 19/20.

[Iteration 1] Training single-output docking GP on 19 molecules (best docking so far -9.4620)...
Iter   20/100 - loss: 1.4139
Iter   40/100 - loss: 1.4097
Iter   60/100 - loss: 1.4071
Iter   80/100 - loss: 1.4056
Iter  100/100 - loss: 1.4048
Docking molecule 1/5 against PfDHFR...
Docking molecule 2/5 against PfDHFR...
Docking molecule 3/5 against PfDHFR...
[RDKit] ERROR:[19:04:42] UFFTYPER: Unrecognized atom type: Se2+2 (8)
[RDKit] ERROR:[19:04:42] UFFTYPER: Unrecognized atom type: Se2+2 (8)
Docking molecule 4/5 against PfDHFR...
Docking molecule 5/5 against PfDHFR...
Docking molecule 1/5 against hDHFR...
Docking molecule 2/5 against hDHFR...
Docking molecule 3/5 against hDHFR...
[RDKit] ERROR:[19:04:51] UFFTYPER: Unrecognized atom type: Se2+2 (8)
[RDKit] ERROR:[19:04:51] UFFTYPER: Unrecognized atom type: Se2+2 (8)
Docking molecule 4/5 against hDHFR...
Docking molecule 5/5 against hDHFR...
[Iteration 1] evaluated=25, batch=5, docked_this_batch=[PfDHFR 3/5, hDHFR 3/5], pareto_size=20, hypervolume=0.0349, pareto_median_heavy=26

[Iteration 2] Training single-output docking GP on 22 molecules (best docking so far -9.7010)...
Iter   20/100 - loss: 1.4059
Iter   40/100 - loss: 1.3999
Iter   60/100 - loss: 1.3971
Iter   80/100 - loss: 1.3958
Iter  100/100 - loss: 1.3952
Docking molecule 1/5 against PfDHFR...
Docking molecule 2/5 against PfDHFR...
Docking molecule 3/5 against PfDHFR...
Docking molecule 4/5 against PfDHFR...
Docking molecule 5/5 against PfDHFR...
Docking molecule 1/5 against hDHFR...
Docking molecule 2/5 against hDHFR...
Docking molecule 3/5 against hDHFR...
Docking molecule 4/5 against hDHFR...
Docking molecule 5/5 against hDHFR...
[Iteration 2] evaluated=30, batch=5, docked_this_batch=[PfDHFR 5/5, hDHFR 5/5], pareto_size=22, hypervolume=0.0396, pareto_median_heavy=26

[Iteration 3] Training single-output docking GP on 27 molecules (best docking so far -9.8800)...
Iter   20/100 - loss: 1.3894
Iter   40/100 - loss: 1.3829
Iter   60/100 - loss: 1.3810
Iter   80/100 - loss: 1.3803
Iter  100/100 - loss: 1.3799
Docking molecule 1/5 against PfDHFR...
Docking molecule 2/5 against PfDHFR...
Docking molecule 3/5 against PfDHFR...
Docking molecule 4/5 against PfDHFR...
Docking molecule 5/5 against PfDHFR...
Docking molecule 1/5 against hDHFR...
Docking molecule 2/5 against hDHFR...
Docking molecule 3/5 against hDHFR...
Docking molecule 4/5 against hDHFR...
Docking molecule 5/5 against hDHFR...
[Iteration 3] evaluated=35, batch=5, docked_this_batch=[PfDHFR 5/5, hDHFR 5/5], pareto_size=23, hypervolume=0.0442, pareto_median_heavy=25

[Iteration 4] Training single-output docking GP on 32 molecules (best docking so far -9.8800)...
Iter   20/100 - loss: 1.4090
Iter   40/100 - loss: 1.4073
Iter   60/100 - loss: 1.4071
Iter   80/100 - loss: 1.4070
Iter  100/100 - loss: 1.4070
Docking molecule 1/5 against PfDHFR...
Docking molecule 2/5 against PfDHFR...
Docking molecule 3/5 against PfDHFR...
Docking molecule 4/5 against PfDHFR...
Docking molecule 5/5 against PfDHFR...
Docking molecule 1/5 against hDHFR...
Docking molecule 2/5 against hDHFR...
Docking molecule 3/5 against hDHFR...
Docking molecule 4/5 against hDHFR...
Docking molecule 5/5 against hDHFR...
[Iteration 4] evaluated=40, batch=5, docked_this_batch=[PfDHFR 4/5, hDHFR 4/5], pareto_size=25, hypervolume=0.0455, pareto_median_heavy=25

[Iteration 5] Training single-output docking GP on 36 molecules (best docking so far -9.8800)...
Iter   20/100 - loss: 1.3930
Iter   40/100 - loss: 1.3890
Iter   60/100 - loss: 1.3881
Iter   80/100 - loss: 1.3878
Iter  100/100 - loss: 1.3877
Docking molecule 1/5 against PfDHFR...
Docking molecule 2/5 against PfDHFR...
Docking molecule 3/5 against PfDHFR...
Docking molecule 4/5 against PfDHFR...
Docking molecule 5/5 against PfDHFR...
Docking molecule 1/5 against hDHFR...
Docking molecule 2/5 against hDHFR...
Docking molecule 3/5 against hDHFR...
Docking molecule 4/5 against hDHFR...
Docking molecule 5/5 against hDHFR...
[Iteration 5] evaluated=45, batch=5, docked_this_batch=[PfDHFR 5/5, hDHFR 5/5], pareto_size=30, hypervolume=0.0771, pareto_median_heavy=25

[Iteration 6] Training single-output docking GP on 41 molecules (best docking so far -10.3400)...
Iter   20/100 - loss: 1.3909
Iter   40/100 - loss: 1.3862
Iter   60/100 - loss: 1.3851
Iter   80/100 - loss: 1.3846
Iter  100/100 - loss: 1.3844
Docking molecule 1/5 against PfDHFR...
Docking molecule 2/5 against PfDHFR...
Docking molecule 3/5 against PfDHFR...
Docking molecule 4/5 against PfDHFR...
Docking molecule 5/5 against PfDHFR...
Docking molecule 1/5 against hDHFR...
Docking molecule 2/5 against hDHFR...
Docking molecule 3/5 against hDHFR...
Docking molecule 4/5 against hDHFR...
Docking molecule 5/5 against hDHFR...
[Iteration 6] evaluated=50, batch=5, docked_this_batch=[PfDHFR 5/5, hDHFR 5/5], pareto_size=35, hypervolume=0.0775, pareto_median_heavy=26

[Iteration 7] Training single-output docking GP on 46 molecules (best docking so far -10.3400)...
Iter   20/100 - loss: 1.3600
Iter   40/100 - loss: 1.3501
Iter   60/100 - loss: 1.3477
Iter   80/100 - loss: 1.3468
Iter  100/100 - loss: 1.3463
Docking molecule 1/5 against PfDHFR...
Docking molecule 2/5 against PfDHFR...
Docking molecule 3/5 against PfDHFR...
Docking molecule 4/5 against PfDHFR...
Docking molecule 5/5 against PfDHFR...
Docking molecule 1/5 against hDHFR...
Docking molecule 2/5 against hDHFR...
Docking molecule 3/5 against hDHFR...
Docking molecule 4/5 against hDHFR...
Docking molecule 5/5 against hDHFR...
[Iteration 7] evaluated=55, batch=5, docked_this_batch=[PfDHFR 5/5, hDHFR 5/5], pareto_size=37, hypervolume=0.0803, pareto_median_heavy=25

[Iteration 8] Training single-output docking GP on 51 molecules (best docking so far -10.3400)...
Iter   20/100 - loss: 1.3599
Iter   40/100 - loss: 1.3518
Iter   60/100 - loss: 1.3500
Iter   80/100 - loss: 1.3493
Iter  100/100 - loss: 1.3489
Docking molecule 1/5 against PfDHFR...
Docking molecule 2/5 against PfDHFR...
Docking molecule 3/5 against PfDHFR...
Docking molecule 4/5 against PfDHFR...
Docking molecule 5/5 against PfDHFR...
Docking molecule 1/5 against hDHFR...
Docking molecule 2/5 against hDHFR...
Docking molecule 3/5 against hDHFR...
Docking molecule 4/5 against hDHFR...
Docking molecule 5/5 against hDHFR...
[Iteration 8] evaluated=60, batch=5, docked_this_batch=[PfDHFR 5/5, hDHFR 5/5], pareto_size=39, hypervolume=0.0889, pareto_median_heavy=25

[Iteration 9] Training single-output docking GP on 56 molecules (best docking so far -10.3400)...
Iter   20/100 - loss: 1.3951
Iter   40/100 - loss: 1.3931
Iter   60/100 - loss: 1.3929
Iter   80/100 - loss: 1.3929
Iter  100/100 - loss: 1.3929
Docking molecule 1/5 against PfDHFR...
Docking molecule 2/5 against PfDHFR...
Docking molecule 3/5 against PfDHFR...
Docking molecule 4/5 against PfDHFR...
Docking molecule 5/5 against PfDHFR...
Docking molecule 1/5 against hDHFR...
Docking molecule 2/5 against hDHFR...
Docking molecule 3/5 against hDHFR...
Docking molecule 4/5 against hDHFR...
Docking molecule 5/5 against hDHFR...
[Iteration 9] evaluated=65, batch=5, docked_this_batch=[PfDHFR 5/5, hDHFR 5/5], pareto_size=36, hypervolume=0.1080, pareto_median_heavy=25

[Iteration 10] Training single-output docking GP on 61 molecules (best docking so far -10.9000)...
Iter   20/100 - loss: 1.3901
Iter   40/100 - loss: 1.3869
Iter   60/100 - loss: 1.3866
Iter   80/100 - loss: 1.3866
Iter  100/100 - loss: 1.3865
Docking molecule 1/5 against PfDHFR...
Docking molecule 2/5 against PfDHFR...
Docking molecule 3/5 against PfDHFR...
Docking molecule 4/5 against PfDHFR...
Docking molecule 5/5 against PfDHFR...
Docking molecule 1/5 against hDHFR...
Docking molecule 2/5 against hDHFR...
Docking molecule 3/5 against hDHFR...
Docking molecule 4/5 against hDHFR...
Docking molecule 5/5 against hDHFR...
[Iteration 10] evaluated=70, batch=5, docked_this_batch=[PfDHFR 5/5, hDHFR 5/5], pareto_size=40, hypervolume=0.1270, pareto_median_heavy=25

=== Single-objective BO complete ===
  Total molecules evaluated: 70
  Final Pareto front size:   40
  Final hypervolume:         0.1270
  Final Pareto heavy atoms: n=40, min 15, median 25, max 38; 0 below 15

Pareto-optimal molecules: 40
SMILES                                                    PfDHFR_Docking         hDHFR_Docking    hERG_Toxicity_Prob         Caco2_logPapp       Half_Life_hours
COc1cc2c(cc1OC)C1=NO[C@@H](CN3CCN(C/C(C)=C/c4cc(F)ccc4F)CC3)[C@@H]1CO2               -8.4430               -9.3880                0.9786               -4.5402               11.3368
CCN(Cc1nonc1C)C(=O)c1ccc(Br)o1                                   -7.2720               -7.5690                0.2826               -4.7575                5.2179
O=C(N[C@H]1Cc2ccccc2[C@H]1NC(=O)c1ccc(-n2ccccc2=O)cc1)c1ccc2c(Cl)c[nH]c2c1               -8.2530               -3.7500                0.8412               -5.3202                6.2163
COc1cc(/C=C2\CCCN3C2=NOC3(CO)c2cccc(F)c2)ccc1-n1cnc(C)c1               -8.2700               -5.8310                0.9938               -4.7035                4.7832
Nc1c(Cl)cc(C2=NCCn3c2c2ccccc2[n+]3[O-])cc1Cl                     -9.3870               -8.2930                0.5921               -5.0163                8.2133
COCCS(=O)(=O)NC(C)c1ccc(-n2nc(C)cc2C)cc1                         -6.9850               -7.6250                0.6847               -5.1528                6.3431
COc1ccc(-c2nc3c(NCCCNC(=O)C4CCC4)c(Br)cnc3[nH]2)cc1               -8.2990               -7.3320                0.8754               -5.2022                1.2973
CC(=O)Nc1ccc(-c2ccc3c(C)cc4n[nH]c(=O)n4c3c2)cc1                  -8.9920               -9.9820                0.1982               -4.8887                8.1493
CCn1c(-c2ccc(F)cc2)c(CCN2CCN(c3ccccc3)CC2)oc1=O                  -8.2310               -9.6080                0.9877               -4.2749                9.0163
CCCCOC1c2ccccc2-c2c1c1cc(C)ccc1c(=O)n2C                          -8.6500               -8.0850                0.9938               -4.5096               20.3274
CCCOc1ccc(CN(C)c2ncnc(N)n2)cc1                                   -7.9750               -7.6800                0.6607               -4.7860                7.7657
N#Cc1c(N2CCN(Cc3ccccc3)CC2)nc(=S)[nH]c1-c1ccccc1                 -9.4620               -7.0230                0.9941               -4.9360                2.0826
CCN(CC)C(=S)NC(=O)c1ccc(Cl)cc1Cl                                 -7.3830               -7.3980                0.9018               -4.4226                5.4999
COc1ccc(OC)c(-c2cc(-c3ccc(O)cc3)nc(N3CCN(Cc4ccccc4)CC3)n2)c1               -9.7010               -8.5630                0.9904               -5.1541                8.0207
N#Cc1ccc(N2CCN(c3ccccn3)CC2)nc1                                  -6.9960               -6.2510                0.9020               -4.6550                6.5478
COc1ccc2nc(-c3ccc(O)cc3)cc(O)c2c1                                -7.7180               -8.0940                0.5887               -4.9586                3.7665
Nc1nc(-c2ccccc2)c2c(n1)-c1c(CN3CCCC3)cccc1C2=O                   -9.8800               -8.2980                0.8240               -5.4331               13.9069
Fc1ccc2c(c1)sc1nc(-c3ccccc3)c(CN3CCCC3)n12                       -8.6340               -8.0220                0.8661               -5.0618                6.8246
CC(C)(O)C(=O)N1CCN(Cc2c(-c3ccc(Cl)cc3)nc3ccc(-c4ccccc4)cn23)CC1               -7.2270               -6.3100                0.9181               -4.8673               12.5803
c1ccc(-c2nc3ccccn3c2-c2ccccc2)cc1                                -8.7240               -7.8250                0.6299               -4.1870                6.0173
Cc1cc(N2CCN(Cc3cn(C)nc3-c3ccccc3F)CC2)cc(C)n1                    -9.1490               -8.6960                0.9934               -4.6999                6.1579
Nc1nc(N)nc(-c2ccccc2I)n1                                         -6.9680               -6.9750                0.0448               -4.4955               12.8339
COc1ccc(CN2CCN(c3ccccc3)CC2)c(C)c1C                              -9.0740               -8.6910                0.9671               -4.6076                4.8260
c1ccc(-n2cc(-c3nn[nH]n3)c(-c3cccc4ccccc34)n2)cc1                -10.3400              -11.6500                0.2672               -5.0595                4.7531
Fc1ccccc1N1CCN(Cc2cnn(-c3ccccc3)c2)CC1                           -8.9570               -9.2130                0.8590               -4.6636                8.2605
CCc1nnc2c3ccccc3c(OCc3cccc(CNCCc4ccccc4)n3)nn12                  -9.5470              -10.8300                0.7435               -4.5266                6.5862
O=C(O)Cc1nn(Cc2nc(-c3cccc(F)c3F)no2)c(=O)c2ccccc12               -9.7890              -10.5200                0.2815               -4.6104                4.2525
CN1CCN(c2nn3c(=O)c4ccccc4nc3c3ccccc23)CC1                        -9.3910               -8.9470                0.8815               -4.7458                5.2890
Oc1nc2ccccc2n2c(-c3ccccc3)nnc12                                  -8.9220               -9.0520                0.5850               -4.4355                4.4232
Cc1ccc(-c2nc3ccccc3c(=O)n2-c2cccc(O)c2)cc1                      -10.0400               -9.2450                0.1864               -4.5369                3.7877
Cc1ccc(-c2nc3ccccc3c(=O)n2-n2cccc2)cc1                           -7.5110               -8.0990                0.1622               -4.3379                7.0121
Cc1ccc(-n2c3nc(=O)[nH]c(=O)c-3cc3c(C)nn(-c4ccccc4)c32)c(C)c1               -7.1590               -4.8380                0.2631               -4.8069                5.5921
Cc1cc(Cn2c(=O)[nH]c3ccccc3c2=O)no1                               -9.4080               -8.0130                0.6470               -4.9232                3.3239
Cc1nnc2n1-c1c(F)cc(-c3cncc4ccccc34)cc1CC2                        -9.8060              -11.2800                0.7446               -4.4267                9.6011
O=C1CCc2c1c1cccc(F)c1n1c(=O)c3ccccc3n21                         -10.9000               -9.0190                0.3583               -4.6680               13.6672
Oc1ccc(Br)cc1-c1nnc(S)n1Cc1ccccc1                                -8.9040               -8.2500                0.8949               -5.1791                4.7341
O=C1CCCN1C1CC(c2cn(-c3cccc(C(F)(F)F)c3)c3ccccc23)=NO1              -10.8200              -10.3300                0.9786               -4.7371               19.5234
O=c1c2ccccc2oc2cccc(NCCN3CCCCC3)c12                              -9.2030               -9.0510                0.9837               -4.8230               24.0578
O=C(Cn1sc2ccccc2c1=O)Nc1ccccc1F                                  -8.8420               -8.7940                0.2951               -4.8694               19.8474
O=C(c1ccc(Cn2c(=S)[nH]c3cc4c(cc3c2=O)OCO4)cc1)N1CCN(c2ccccc2)CC1               -9.1320               -7.6310                0.7917               -4.9838                2.8133
Saved results to /Users/devansh/mogp-main-vscode/MOGP-NTD/matrix_results_holo/runs/baseline-single-obj/:
  /Users/devansh/mogp-main-vscode/MOGP-NTD/matrix_results_holo/runs/baseline-single-obj/history.csv
  /Users/devansh/mogp-main-vscode/MOGP-NTD/matrix_results_holo/runs/baseline-single-obj/evaluated.csv
  /Users/devansh/mogp-main-vscode/MOGP-NTD/matrix_results_holo/runs/baseline-single-obj/pareto_front.csv

=== MOGP vs Single-Objective BO ===
  (no MOGP results found at results/history.csv; showing baseline only)
  metric                    Single-Obj
  molecules evaluated               70
  pareto size                       40
  final hypervolume             0.1270
  (no MOGP history at results/history.csv; plotting Single-Objective only)
Saved comparison plot to /Users/devansh/mogp-main-vscode/MOGP-NTD/matrix_results_holo/runs/baseline-single-obj/comparison.png

Total wall-clock time: 387.3s
