$ /opt/anaconda3/envs/mogp-drug/bin/python loop.py --library-dir data/library --output-dir /Users/devansh/mogp-main-vscode/MOGP-NTD/matrix_results_holo/runs/bo-coreg-r2-densify-every2-cap --n-init 20 --batch-size 5 --n-iterations 10 --mogp-iters 100 --model coregionalized --rank 2 --densify --densify-every 2 --densify-per-parent 5 --densify-max-pool 3810

quality_filter: PAINS catalog loaded; synthesizability metric = SA_Score (reject SA > 6.0) [SA_Score (MorganGenerator shim)].
Running BO loop [GRAND CAMPAIGN] with the 'coregionalized' GP model (rank 2).
  n_init=20, batch_size=5, n_iterations=10
load_library: heavy-atom floor >= 14: 3600/3610 molecules survive (10 fragment(s) removed); surviving heavy atoms [14, 44], MW [200.2, 599.8]. Known actives retained (smallest 17 heavy atoms).
load_library: quality screen (SA_Score (reject SA > 6.0)): 3268/3600 molecules survive (215 PAINS + 115 reactive + 2 synth + 0 unparseable removed). Known actives asserted to survive.
load_library: 332 screened-out molecules logged with their rejection class to data/library/quality_rejected.csv
Initializing with 20 random molecules...
Docking molecule 1/20 against PfDHFR...
Docking molecule 2/20 against PfDHFR...
Docking molecule 3/20 against PfDHFR...
Docking molecule 4/20 against PfDHFR...
Docking molecule 5/20 against PfDHFR...
Docking molecule 6/20 against PfDHFR...
Docking molecule 7/20 against PfDHFR...
Docking molecule 8/20 against PfDHFR...
Docking molecule 9/20 against PfDHFR...
Docking molecule 10/20 against PfDHFR...
Docking molecule 11/20 against PfDHFR...
Docking molecule 12/20 against PfDHFR...
Docking molecule 13/20 against PfDHFR...
Docking molecule 14/20 against PfDHFR...
Docking molecule 15/20 against PfDHFR...
Docking molecule 16/20 against PfDHFR...
Docking molecule 17/20 against PfDHFR...
Docking molecule 18/20 against PfDHFR...
Docking molecule 19/20 against PfDHFR...
Docking molecule 20/20 against PfDHFR...
Docking molecule 1/20 against hDHFR...
Docking molecule 2/20 against hDHFR...
Docking molecule 3/20 against hDHFR...
Docking molecule 4/20 against hDHFR...
Docking molecule 5/20 against hDHFR...
Docking molecule 6/20 against hDHFR...
Docking molecule 7/20 against hDHFR...
Docking molecule 8/20 against hDHFR...
Docking molecule 9/20 against hDHFR...
Docking molecule 10/20 against hDHFR...
Docking molecule 11/20 against hDHFR...
Docking molecule 12/20 against hDHFR...
Docking molecule 13/20 against hDHFR...
Docking molecule 14/20 against hDHFR...
Docking molecule 15/20 against hDHFR...
Docking molecule 16/20 against hDHFR...
Docking molecule 17/20 against hDHFR...
Docking molecule 18/20 against hDHFR...
Docking molecule 19/20 against hDHFR...
Docking molecule 20/20 against hDHFR...
Initialized 20 molecules; docked PfDHFR 19/20, hDHFR 19/20.

[Iteration 1] Training GP on 19/20 fully-evaluated molecules...
Iter   20/100 - loss: 1.2682
Iter   40/100 - loss: 1.2609
Iter   60/100 - loss: 1.2540
Iter   80/100 - loss: 1.2525
Iter  100/100 - loss: 1.2515
Docking molecule 1/5 against PfDHFR...
Docking molecule 2/5 against PfDHFR...
Docking molecule 3/5 against PfDHFR...
Docking molecule 4/5 against PfDHFR...
Docking molecule 5/5 against PfDHFR...
Docking molecule 1/5 against hDHFR...
Docking molecule 2/5 against hDHFR...
Docking molecule 3/5 against hDHFR...
Docking molecule 4/5 against hDHFR...
Docking molecule 5/5 against hDHFR...
[Iteration 1] evaluated=25, batch=5, docked_this_batch=[PfDHFR 5/5, hDHFR 5/5], pareto_size=19, hypervolume=0.2318, pareto_median_heavy=25

[Iteration 2] Training GP on 24/25 fully-evaluated molecules...
Iter   20/100 - loss: 1.1634
Iter   40/100 - loss: 1.0316
Iter   60/100 - loss: 1.0289
Iter   80/100 - loss: 1.0281
Iter  100/100 - loss: 1.0278
Docking molecule 1/5 against PfDHFR...
Docking molecule 2/5 against PfDHFR...
Docking molecule 3/5 against PfDHFR...
Docking molecule 4/5 against PfDHFR...
Docking molecule 5/5 against PfDHFR...
Docking molecule 1/5 against hDHFR...
Docking molecule 2/5 against hDHFR...
Docking molecule 3/5 against hDHFR...
Docking molecule 4/5 against hDHFR...
Docking molecule 5/5 against hDHFR...
[Iteration 2] evaluated=30, batch=5, docked_this_batch=[PfDHFR 5/5, hDHFR 5/5], pareto_size=13, hypervolume=0.2835, pareto_median_heavy=22
Drug-likeness filter: 52 passed, 11 filtered out (of 63; 0 unparseable).
Featurization: 52 molecules produced fingerprints.
Scoring 52 molecules through the ADMET oracle...
  ADMET scored 52/52
[Densify iter 2] parents=13, proposed=65, quality_rejected=2 (1 PAINS + 0 reactive + 1 synth + 0 unparseable), quality_accepted=63, passed_filter=44, added=44, library_size=3312

[Iteration 3] Training GP on 29/30 fully-evaluated molecules...
Iter   20/100 - loss: 1.1823
Iter   40/100 - loss: 1.0933
Iter   60/100 - loss: 1.0884
Iter   80/100 - loss: 1.0874
Iter  100/100 - loss: 1.0867
Docking molecule 1/5 against PfDHFR...
Docking molecule 2/5 against PfDHFR...
Docking molecule 3/5 against PfDHFR...
Docking molecule 4/5 against PfDHFR...
Docking molecule 5/5 against PfDHFR...
Docking molecule 1/5 against hDHFR...
Docking molecule 2/5 against hDHFR...
Docking molecule 3/5 against hDHFR...
Docking molecule 4/5 against hDHFR...
Docking molecule 5/5 against hDHFR...
[Iteration 3] evaluated=35, batch=5, docked_this_batch=[PfDHFR 5/5, hDHFR 5/5], pareto_size=18, hypervolume=0.3138, pareto_median_heavy=22

[Iteration 4] Training GP on 34/35 fully-evaluated molecules...
Iter   20/100 - loss: 1.1616
Iter   40/100 - loss: 1.0693
Iter   60/100 - loss: 1.0625
Iter   80/100 - loss: 1.0592
Iter  100/100 - loss: 1.0578
Docking molecule 1/5 against PfDHFR...
Docking molecule 2/5 against PfDHFR...
Docking molecule 3/5 against PfDHFR...
Docking molecule 4/5 against PfDHFR...
Docking molecule 5/5 against PfDHFR...
Docking molecule 1/5 against hDHFR...
Docking molecule 2/5 against hDHFR...
Docking molecule 3/5 against hDHFR...
Docking molecule 4/5 against hDHFR...
Docking molecule 5/5 against hDHFR...
[Iteration 4] evaluated=40, batch=5, docked_this_batch=[PfDHFR 5/5, hDHFR 5/5], pareto_size=23, hypervolume=0.3194, pareto_median_heavy=23
Drug-likeness filter: 90 passed, 25 filtered out (of 115; 0 unparseable).
Featurization: 90 molecules produced fingerprints.
Scoring 90 molecules through the ADMET oracle...
  ADMET scored 90/90
[Densify iter 4] parents=23, proposed=115, quality_rejected=0 (0 PAINS + 0 reactive + 0 synth + 0 unparseable), quality_accepted=115, passed_filter=66, added=66, library_size=3378

[Iteration 5] Training GP on 39/40 fully-evaluated molecules...
Iter   20/100 - loss: 1.2050
Iter   40/100 - loss: 1.0720
Iter   60/100 - loss: 1.0611
Iter   80/100 - loss: 1.0577
Iter  100/100 - loss: 1.0565
Docking molecule 1/5 against PfDHFR...
Docking molecule 2/5 against PfDHFR...
Docking molecule 3/5 against PfDHFR...
Docking molecule 4/5 against PfDHFR...
Docking molecule 5/5 against PfDHFR...
Docking molecule 1/5 against hDHFR...
Docking molecule 2/5 against hDHFR...
Docking molecule 3/5 against hDHFR...
Docking molecule 4/5 against hDHFR...
Docking molecule 5/5 against hDHFR...
[Iteration 5] evaluated=45, batch=5, docked_this_batch=[PfDHFR 5/5, hDHFR 5/5], pareto_size=27, hypervolume=0.3582, pareto_median_heavy=23

[Iteration 6] Training GP on 44/45 fully-evaluated molecules...
Iter   20/100 - loss: 1.1509
Iter   40/100 - loss: 1.0618
Iter   60/100 - loss: 1.0567
Iter   80/100 - loss: 1.0529
Iter  100/100 - loss: 1.0522
Docking molecule 1/5 against PfDHFR...
Docking molecule 2/5 against PfDHFR...
Docking molecule 3/5 against PfDHFR...
Docking molecule 4/5 against PfDHFR...
Docking molecule 5/5 against PfDHFR...
Docking molecule 1/5 against hDHFR...
Docking molecule 2/5 against hDHFR...
Docking molecule 3/5 against hDHFR...
Docking molecule 4/5 against hDHFR...
Docking molecule 5/5 against hDHFR...
[Iteration 6] evaluated=50, batch=5, docked_this_batch=[PfDHFR 5/5, hDHFR 5/5], pareto_size=32, hypervolume=0.3659, pareto_median_heavy=23
Drug-likeness filter: 127 passed, 32 filtered out (of 159; 0 unparseable).
Featurization: 127 molecules produced fingerprints.
Scoring 127 molecules through the ADMET oracle...
  ADMET scored 127/127
[Densify iter 6] parents=32, proposed=160, quality_rejected=1 (1 PAINS + 0 reactive + 0 synth + 0 unparseable), quality_accepted=159, passed_filter=90, added=90, library_size=3468

[Iteration 7] Training GP on 49/50 fully-evaluated molecules...
Iter   20/100 - loss: 1.3059
Iter   40/100 - loss: 1.0529
Iter   60/100 - loss: 1.0514
Iter   80/100 - loss: 1.0458
Iter  100/100 - loss: 1.0450
Docking molecule 1/5 against PfDHFR...
Docking molecule 2/5 against PfDHFR...
Docking molecule 3/5 against PfDHFR...
Docking molecule 4/5 against PfDHFR...
Docking molecule 5/5 against PfDHFR...
Docking molecule 1/5 against hDHFR...
Docking molecule 2/5 against hDHFR...
Docking molecule 3/5 against hDHFR...
Docking molecule 4/5 against hDHFR...
Docking molecule 5/5 against hDHFR...
[Iteration 7] evaluated=55, batch=5, docked_this_batch=[PfDHFR 5/5, hDHFR 5/5], pareto_size=30, hypervolume=0.3919, pareto_median_heavy=23

[Iteration 8] Training GP on 54/55 fully-evaluated molecules...
Iter   20/100 - loss: 1.3329
Iter   40/100 - loss: 1.0580
Iter   60/100 - loss: 1.0403
Iter   80/100 - loss: 1.0362
Iter  100/100 - loss: 1.0337
Docking molecule 1/5 against PfDHFR...
Docking molecule 2/5 against PfDHFR...
Docking molecule 3/5 against PfDHFR...
Docking molecule 4/5 against PfDHFR...
Docking molecule 5/5 against PfDHFR...
Docking molecule 1/5 against hDHFR...
Docking molecule 2/5 against hDHFR...
Docking molecule 3/5 against hDHFR...
Docking molecule 4/5 against hDHFR...
Docking molecule 5/5 against hDHFR...
[Iteration 8] evaluated=60, batch=5, docked_this_batch=[PfDHFR 5/5, hDHFR 5/5], pareto_size=33, hypervolume=0.4046, pareto_median_heavy=23
Drug-likeness filter: 117 passed, 45 filtered out (of 162; 0 unparseable).
Featurization: 117 molecules produced fingerprints.
Scoring 117 molecules through the ADMET oracle...
  ADMET scored 117/117
[Densify iter 8] parents=33, proposed=165, quality_rejected=3 (3 PAINS + 0 reactive + 0 synth + 0 unparseable), quality_accepted=162, passed_filter=88, added=88, library_size=3556

[Iteration 9] Training GP on 59/60 fully-evaluated molecules...
Iter   20/100 - loss: 1.2739
Iter   40/100 - loss: 1.0408
Iter   60/100 - loss: 1.0289
Iter   80/100 - loss: 1.0259
Iter  100/100 - loss: 1.0253
Docking molecule 1/5 against PfDHFR...
Docking molecule 2/5 against PfDHFR...
Docking molecule 3/5 against PfDHFR...
Docking molecule 4/5 against PfDHFR...
Docking molecule 5/5 against PfDHFR...
Docking molecule 1/5 against hDHFR...
Docking molecule 2/5 against hDHFR...
Docking molecule 3/5 against hDHFR...
Docking molecule 4/5 against hDHFR...
Docking molecule 5/5 against hDHFR...
[Iteration 9] evaluated=65, batch=5, docked_this_batch=[PfDHFR 5/5, hDHFR 5/5], pareto_size=36, hypervolume=0.5000, pareto_median_heavy=20

[Iteration 10] Training GP on 64/65 fully-evaluated molecules...
Iter   20/100 - loss: 1.0925
Iter   40/100 - loss: 1.0205
Iter   60/100 - loss: 1.0172
Iter   80/100 - loss: 1.0170
Iter  100/100 - loss: 1.0169
Docking molecule 1/5 against PfDHFR...
Docking molecule 2/5 against PfDHFR...
Docking molecule 3/5 against PfDHFR...
Docking molecule 4/5 against PfDHFR...
Docking molecule 5/5 against PfDHFR...
Docking molecule 1/5 against hDHFR...
Docking molecule 2/5 against hDHFR...
Docking molecule 3/5 against hDHFR...
Docking molecule 4/5 against hDHFR...
Docking molecule 5/5 against hDHFR...
[Iteration 10] evaluated=70, batch=5, docked_this_batch=[PfDHFR 5/5, hDHFR 5/5], pareto_size=38, hypervolume=0.5100, pareto_median_heavy=20

=== BO run complete ===
  Total molecules evaluated: 70
  Final Pareto front size:   38
  Final hypervolume:         0.5100
  Final Pareto heavy atoms: n=38, min 15, median 20, max 31; 0 below 15

Pareto-optimal molecules: 38
SMILES                                                    PfDHFR_Docking         hDHFR_Docking    hERG_Toxicity_Prob         Caco2_logPapp       Half_Life_hours
COc1cc(-n2cc(-c3cc(O)cc(O)c3)nn2)cc(OC)c1OC                      -7.9100               -7.3210                0.1392               -4.7818                3.6654
CC(C)CN(CC(C)C)C(S)=Nc1ccc(Cl)cc1                                -6.5460               -6.5260                0.9627               -4.4549               15.9794
C#CC(C(=O)NC(C)c1ccc(Cl)cc1)C(C)(C)C                             -8.0610               -8.7460                0.0333               -4.7450               35.7682
O=C1c2ccccc2C[C@]12[C@@H](c1cccs1)[C@@H]1CSCN1[C@@]21C(=O)Nc2ccccc21               -2.5060                5.6940                0.0924               -4.5349               29.6261
Nc1cccnc1Sc1ccc(Cl)cc1                                           -7.1170               -7.4750                0.0417               -4.5253               27.3919
COc1ccc(N2C(=O)/C(=C3/C(=O)Nc4ccccc43)c3ccccc32)cc1               -9.9910               -7.6970                0.1461               -4.3333               20.8201
O=C1N/C(=C\c2ccccc2)c2ccccc21                                    -9.0800               -8.5860                0.0299               -4.3051               16.2838
Nc1ccc(Cl)nc1Sc1ccc(Cl)cc1                                       -7.5130               -8.0460                0.0346               -4.5937               35.3130
O=C1Nc2ccccc2[C@@]12C(c1ccc(Cl)cc1)C([N+](=O)[O-])C1CSCN12               -5.1320               -3.5000                0.1241               -4.9023               30.3767
NC(=O)c1ccc(-n2cc(-c3ccc(Cl)cc3)cn2)cc1                          -8.2950               -7.9070                0.0217               -4.7026               23.5836
O=C1N/C(=C\c2ccc(F)cc2)c2ccccc21                                 -8.7210               -8.6560                0.1868               -4.1132               21.3262
Nc1ncnc(C#Cc2ccc(F)cc2)c1-c1ccc(Cl)cc1                           -8.3720               -9.7670                0.0283               -4.4045               48.8944
O=C1N/C(=C\c2ccc(F)cc2)c2cccc(Cl)c21                             -8.7010               -8.6260                0.4629               -4.1651               40.9782
O=C1N/C(=C\c2ccccc2Cl)c2ccccc21                                  -9.3310               -8.7240                0.1323               -4.2599               31.9431
C#CC(C(=O)Nc1ccc(Cl)cc1)C(C)(C)C                                 -7.6300               -7.3960                0.0447               -4.6447               38.1041
Nc1cccc2c1C(=O)N/C2=C\c1ccccc1                                   -9.4120               -8.6440                0.0178               -4.5249               25.7334
CCN1C(=O)c2cccc3c(S(=O)(=O)Nc4ccccc4)ccc1c23                     -9.9730               -9.4920                0.1870               -4.7394               27.6198
O=C1N/C(=C\c2ccccc2)c2c(Cl)cccc21                                -8.8350               -8.7030                0.1213               -4.2686               28.0688
C#CC(C(=O)Nc1ccc(-c2ccc([N+](=O)[O-])cc2[N+](=O)[O-])cc1)C(C)(C)C               -8.3850               -7.9620                0.0145               -4.8720               25.8635
Nc1nc(N)c(-c2ccc(Cl)cc2)c(C#Cc2ccc(F)cc2)n1                      -8.3710               -8.2050                0.0486               -4.1022               50.2696
C#CC(C(=O)Nc1cccc2c1-c1ccccc1C2=O)C(C)(C)C                       -9.5460               -9.8250                0.0702               -4.6340               39.3620
C#CC(C(=O)Nc1ccc(-c2ccc([N+](=O)[O-])cc2[N+](=O)[O-])cc1F)C(C)(C)C               -8.1070               -7.3960                0.0164               -4.7416               34.7609
O=C1Nc2ccccc2[C@@]12C(c1ccc(Cl)cc1Cl)C([N+](=O)[O-])C1CSCN12               -4.6990               -5.3370                0.1440               -4.9142               31.8026
O=C1N/C(=C\c2ccccc2Br)c2ccccc21                                  -9.3420               -8.9050                0.0314               -4.2563               22.4314
Nc1nc(O)nc(C#Cc2ccc(F)cc2)c1-c1ccc(Cl)cc1                        -8.3850               -9.7900                0.0626               -4.5071               40.7580
Cc1cc(/C=C2\NC(=O)c3c(Cl)cccc32)ccc1F                            -9.1770               -8.9860                0.3763               -4.4343               40.0187
O=C1N/C(=C\c2cc(Cl)ccc2Cl)c2ccccc21                              -9.5270               -8.5760                0.1113               -4.3793               35.0097
CC[C@@H](c1ccc(Cl)cc1)N1C(=O)c2c(F)c(F)c(F)c(F)c2C1=O              -10.3900               -9.7600                0.6746               -3.9168               41.2002
O=C1N/C(=C\c2ccccc2Cl)c2cccc(F)c21                               -9.7260               -9.0850                0.1933               -4.1699               41.0013
O=C1N/C(=C\c2ccccc2Br)c2c(F)cccc21                               -9.6420               -9.1860                0.0614               -4.1725               27.0838
O=C1N/C(=C\c2cc(Cl)ccc2Cl)c2c(Cl)cccc21                          -9.3560               -7.9710                0.1113               -4.4543               45.2251
C#CC(C(=O)Nc1ccc(-c2ccc([N+](=O)[O-])cc2[N+](=O)[O-])cc1C)C(C)(C)C               -8.3480               -6.1390                0.0187               -4.8318               40.7982
O=C1N/C(=C\c2ccc(F)c(Cl)c2)c2cccc(Cl)c21                         -8.8750               -8.8420                0.1950               -4.3484               42.0609
Nc1cccc2c1C(=O)N/C2=C\c1cc(Cl)ccc1Cl                             -9.9140               -8.5050                0.0442               -4.6927               42.4572
Cc1cccc2c1C(=O)N/C2=C\c1ccccc1Cl                                 -9.8130               -9.0660                0.0785               -4.5325               36.9270
CC[C@@H](c1ccccc1)N1C(=O)c2c(F)c(F)c(F)c(Br)c2C1=O              -10.1200               -8.9690                0.2565               -4.0649               27.4749
Cc1ccccc1/C=C1\NC(=O)c2c(N)cccc21                                -9.9260               -9.3940                0.0398               -4.5787               29.9494
Cc1cccc2c(=O)c3ccccc3sc12                                        -8.7400               -7.6070                0.1726               -4.4127               19.0575
Saved results to /Users/devansh/mogp-main-vscode/MOGP-NTD/matrix_results_holo/runs/bo-coreg-r2-densify-every2-cap/:
  /Users/devansh/mogp-main-vscode/MOGP-NTD/matrix_results_holo/runs/bo-coreg-r2-densify-every2-cap/history.csv
  /Users/devansh/mogp-main-vscode/MOGP-NTD/matrix_results_holo/runs/bo-coreg-r2-densify-every2-cap/evaluated.csv
  /Users/devansh/mogp-main-vscode/MOGP-NTD/matrix_results_holo/runs/bo-coreg-r2-densify-every2-cap/pareto_front.csv

Total wall-clock time: 978.1s
