$ /opt/anaconda3/envs/mogp-drug/bin/python loop.py --library-dir data/library --output-dir /Users/devansh/mogp-main-vscode/MOGP-NTD/matrix_results_holo/runs/bo-coreg-r1-densify-every1 --n-init 20 --batch-size 5 --n-iterations 10 --mogp-iters 100 --model coregionalized --rank 1 --densify --densify-every 1 --densify-per-parent 5

quality_filter: PAINS catalog loaded; synthesizability metric = SA_Score (reject SA > 6.0) [SA_Score (MorganGenerator shim)].
Running BO loop [GRAND CAMPAIGN] with the 'coregionalized' GP model (rank 1).
  n_init=20, batch_size=5, n_iterations=10
load_library: heavy-atom floor >= 14: 3600/3610 molecules survive (10 fragment(s) removed); surviving heavy atoms [14, 44], MW [200.2, 599.8]. Known actives retained (smallest 17 heavy atoms).
load_library: quality screen (SA_Score (reject SA > 6.0)): 3268/3600 molecules survive (215 PAINS + 115 reactive + 2 synth + 0 unparseable removed). Known actives asserted to survive.
load_library: 332 screened-out molecules logged with their rejection class to data/library/quality_rejected.csv
Initializing with 20 random molecules...
Docking molecule 1/20 against PfDHFR...
Docking molecule 2/20 against PfDHFR...
Docking molecule 3/20 against PfDHFR...
Docking molecule 4/20 against PfDHFR...
Docking molecule 5/20 against PfDHFR...
Docking molecule 6/20 against PfDHFR...
Docking molecule 7/20 against PfDHFR...
Docking molecule 8/20 against PfDHFR...
Docking molecule 9/20 against PfDHFR...
Docking molecule 10/20 against PfDHFR...
Docking molecule 11/20 against PfDHFR...
Docking molecule 12/20 against PfDHFR...
Docking molecule 13/20 against PfDHFR...
Docking molecule 14/20 against PfDHFR...
Docking molecule 15/20 against PfDHFR...
Docking molecule 16/20 against PfDHFR...
Docking molecule 17/20 against PfDHFR...
Docking molecule 18/20 against PfDHFR...
Docking molecule 19/20 against PfDHFR...
Docking molecule 20/20 against PfDHFR...
Docking molecule 1/20 against hDHFR...
Docking molecule 2/20 against hDHFR...
Docking molecule 3/20 against hDHFR...
Docking molecule 4/20 against hDHFR...
Docking molecule 5/20 against hDHFR...
Docking molecule 6/20 against hDHFR...
Docking molecule 7/20 against hDHFR...
Docking molecule 8/20 against hDHFR...
Docking molecule 9/20 against hDHFR...
Docking molecule 10/20 against hDHFR...
Docking molecule 11/20 against hDHFR...
Docking molecule 12/20 against hDHFR...
Docking molecule 13/20 against hDHFR...
Docking molecule 14/20 against hDHFR...
Docking molecule 15/20 against hDHFR...
Docking molecule 16/20 against hDHFR...
Docking molecule 17/20 against hDHFR...
Docking molecule 18/20 against hDHFR...
Docking molecule 19/20 against hDHFR...
Docking molecule 20/20 against hDHFR...
Initialized 20 molecules; docked PfDHFR 19/20, hDHFR 19/20.

[Iteration 1] Training GP on 19/20 fully-evaluated molecules...
Iter   20/100 - loss: 1.3105
Iter   40/100 - loss: 1.2667
Iter   60/100 - loss: 1.2572
Iter   80/100 - loss: 1.2544
Iter  100/100 - loss: 1.2529
Docking molecule 1/5 against PfDHFR...
Docking molecule 2/5 against PfDHFR...
Docking molecule 3/5 against PfDHFR...
Docking molecule 4/5 against PfDHFR...
Docking molecule 5/5 against PfDHFR...
Docking molecule 1/5 against hDHFR...
Docking molecule 2/5 against hDHFR...
Docking molecule 3/5 against hDHFR...
Docking molecule 4/5 against hDHFR...
Docking molecule 5/5 against hDHFR...
[Iteration 1] evaluated=25, batch=5, docked_this_batch=[PfDHFR 5/5, hDHFR 5/5], pareto_size=22, hypervolume=0.1965, pareto_median_heavy=26
Drug-likeness filter: 86 passed, 19 filtered out (of 105; 0 unparseable).
Featurization: 86 molecules produced fingerprints.
Scoring 86 molecules through the ADMET oracle...
  ADMET scored 86/86
[Densify iter 1] parents=22, proposed=110, quality_rejected=5 (5 PAINS + 0 reactive + 0 synth + 0 unparseable), quality_accepted=105, passed_filter=69, added=69, library_size=3337

[Iteration 2] Training GP on 24/25 fully-evaluated molecules...
Iter   20/100 - loss: 1.1543
Iter   40/100 - loss: 0.9966
Iter   60/100 - loss: 0.9907
Iter   80/100 - loss: 0.9897
Iter  100/100 - loss: 0.9884
Docking molecule 1/5 against PfDHFR...
Docking molecule 2/5 against PfDHFR...
Docking molecule 3/5 against PfDHFR...
Docking molecule 4/5 against PfDHFR...
Docking molecule 5/5 against PfDHFR...
Docking molecule 1/5 against hDHFR...
Docking molecule 2/5 against hDHFR...
Docking molecule 3/5 against hDHFR...
Docking molecule 4/5 against hDHFR...
Docking molecule 5/5 against hDHFR...
[Iteration 2] evaluated=30, batch=5, docked_this_batch=[PfDHFR 5/5, hDHFR 5/5], pareto_size=14, hypervolume=0.3054, pareto_median_heavy=23
Drug-likeness filter: 56 passed, 9 filtered out (of 65; 0 unparseable).
Featurization: 56 molecules produced fingerprints.
Scoring 56 molecules through the ADMET oracle...
  ADMET scored 56/56
[Densify iter 2] parents=14, proposed=70, quality_rejected=5 (3 PAINS + 2 reactive + 0 synth + 0 unparseable), quality_accepted=65, passed_filter=44, added=44, library_size=3381

[Iteration 3] Training GP on 29/30 fully-evaluated molecules...
Iter   20/100 - loss: 1.2635
Iter   40/100 - loss: 1.0700
Iter   60/100 - loss: 1.0513
Iter   80/100 - loss: 1.0440
Iter  100/100 - loss: 1.0396
Docking molecule 1/5 against PfDHFR...
Docking molecule 2/5 against PfDHFR...
Docking molecule 3/5 against PfDHFR...
Docking molecule 4/5 against PfDHFR...
Docking molecule 5/5 against PfDHFR...
Docking molecule 1/5 against hDHFR...
Docking molecule 2/5 against hDHFR...
Docking molecule 3/5 against hDHFR...
Docking molecule 4/5 against hDHFR...
Docking molecule 5/5 against hDHFR...
[Iteration 3] evaluated=35, batch=5, docked_this_batch=[PfDHFR 5/5, hDHFR 5/5], pareto_size=16, hypervolume=0.3765, pareto_median_heavy=24
Drug-likeness filter: 57 passed, 18 filtered out (of 75; 0 unparseable).
Featurization: 57 molecules produced fingerprints.
Scoring 57 molecules through the ADMET oracle...
  ADMET scored 57/57
[Densify iter 3] parents=16, proposed=80, quality_rejected=5 (2 PAINS + 3 reactive + 0 synth + 0 unparseable), quality_accepted=75, passed_filter=37, added=37, library_size=3418

[Iteration 4] Training GP on 34/35 fully-evaluated molecules...
Iter   20/100 - loss: 1.1104
Iter   40/100 - loss: 1.0425
Iter   60/100 - loss: 1.0298
Iter   80/100 - loss: 1.0275
Iter  100/100 - loss: 1.0270
Docking molecule 1/5 against PfDHFR...
Docking molecule 2/5 against PfDHFR...
Docking molecule 3/5 against PfDHFR...
Docking molecule 4/5 against PfDHFR...
Docking molecule 5/5 against PfDHFR...
Docking molecule 1/5 against hDHFR...
Docking molecule 2/5 against hDHFR...
Docking molecule 3/5 against hDHFR...
Docking molecule 4/5 against hDHFR...
Docking molecule 5/5 against hDHFR...
[Iteration 4] evaluated=40, batch=5, docked_this_batch=[PfDHFR 5/5, hDHFR 5/5], pareto_size=20, hypervolume=0.3904, pareto_median_heavy=24
Drug-likeness filter: 78 passed, 20 filtered out (of 98; 0 unparseable).
Featurization: 78 molecules produced fingerprints.
Scoring 78 molecules through the ADMET oracle...
  ADMET scored 78/78
[Densify iter 4] parents=20, proposed=100, quality_rejected=2 (2 PAINS + 0 reactive + 0 synth + 0 unparseable), quality_accepted=98, passed_filter=63, added=63, library_size=3481

[Iteration 5] Training GP on 39/40 fully-evaluated molecules...
Iter   20/100 - loss: 1.3164
Iter   40/100 - loss: 1.0233
Iter   60/100 - loss: 1.0131
Iter   80/100 - loss: 1.0097
Iter  100/100 - loss: 1.0089
Docking molecule 1/5 against PfDHFR...
Docking molecule 2/5 against PfDHFR...
Docking molecule 3/5 against PfDHFR...
Docking molecule 4/5 against PfDHFR...
Docking molecule 5/5 against PfDHFR...
Docking molecule 1/5 against hDHFR...
Docking molecule 2/5 against hDHFR...
Docking molecule 3/5 against hDHFR...
Docking molecule 4/5 against hDHFR...
Docking molecule 5/5 against hDHFR...
[Iteration 5] evaluated=45, batch=5, docked_this_batch=[PfDHFR 5/5, hDHFR 5/5], pareto_size=22, hypervolume=0.4128, pareto_median_heavy=24
Drug-likeness filter: 81 passed, 29 filtered out (of 110; 0 unparseable).
Featurization: 81 molecules produced fingerprints.
Scoring 81 molecules through the ADMET oracle...
  ADMET scored 81/81
[Densify iter 5] parents=22, proposed=110, quality_rejected=0 (0 PAINS + 0 reactive + 0 synth + 0 unparseable), quality_accepted=110, passed_filter=64, added=64, library_size=3545

[Iteration 6] Training GP on 44/45 fully-evaluated molecules...
Iter   20/100 - loss: 1.1141
Iter   40/100 - loss: 1.0405
Iter   60/100 - loss: 1.0239
Iter   80/100 - loss: 1.0180
Iter  100/100 - loss: 1.0157
Docking molecule 1/5 against PfDHFR...
Docking molecule 2/5 against PfDHFR...
Docking molecule 3/5 against PfDHFR...
Docking molecule 4/5 against PfDHFR...
Docking molecule 5/5 against PfDHFR...
Docking molecule 1/5 against hDHFR...
Docking molecule 2/5 against hDHFR...
Docking molecule 3/5 against hDHFR...
Docking molecule 4/5 against hDHFR...
Docking molecule 5/5 against hDHFR...
[Iteration 6] evaluated=50, batch=5, docked_this_batch=[PfDHFR 5/5, hDHFR 5/5], pareto_size=24, hypervolume=0.4443, pareto_median_heavy=25
Drug-likeness filter: 86 passed, 31 filtered out (of 117; 0 unparseable).
Featurization: 86 molecules produced fingerprints.
Scoring 86 molecules through the ADMET oracle...
  ADMET scored 86/86
[Densify iter 6] parents=24, proposed=120, quality_rejected=3 (3 PAINS + 0 reactive + 0 synth + 0 unparseable), quality_accepted=117, passed_filter=66, added=66, library_size=3611

[Iteration 7] Training GP on 49/50 fully-evaluated molecules...
Iter   20/100 - loss: 1.1545
Iter   40/100 - loss: 1.0231
Iter   60/100 - loss: 1.0071
Iter   80/100 - loss: 1.0026
Iter  100/100 - loss: 1.0005
Docking molecule 1/5 against PfDHFR...
Docking molecule 2/5 against PfDHFR...
Docking molecule 3/5 against PfDHFR...
Docking molecule 4/5 against PfDHFR...
Docking molecule 5/5 against PfDHFR...
Docking molecule 1/5 against hDHFR...
Docking molecule 2/5 against hDHFR...
Docking molecule 3/5 against hDHFR...
Docking molecule 4/5 against hDHFR...
Docking molecule 5/5 against hDHFR...
[Iteration 7] evaluated=55, batch=5, docked_this_batch=[PfDHFR 5/5, hDHFR 5/5], pareto_size=27, hypervolume=0.4518, pareto_median_heavy=25
Drug-likeness filter: 88 passed, 44 filtered out (of 132; 0 unparseable).
Featurization: 88 molecules produced fingerprints.
Scoring 88 molecules through the ADMET oracle...
  ADMET scored 88/88
[Densify iter 7] parents=27, proposed=135, quality_rejected=3 (3 PAINS + 0 reactive + 0 synth + 0 unparseable), quality_accepted=132, passed_filter=66, added=66, library_size=3677

[Iteration 8] Training GP on 54/55 fully-evaluated molecules...
Iter   20/100 - loss: 1.0873
Iter   40/100 - loss: 1.0253
Iter   60/100 - loss: 1.0027
Iter   80/100 - loss: 0.9919
Iter  100/100 - loss: 0.9878
Docking molecule 1/5 against PfDHFR...
Docking molecule 2/5 against PfDHFR...
Docking molecule 3/5 against PfDHFR...
Docking molecule 4/5 against PfDHFR...
Docking molecule 5/5 against PfDHFR...
Docking molecule 1/5 against hDHFR...
Docking molecule 2/5 against hDHFR...
Docking molecule 3/5 against hDHFR...
Docking molecule 4/5 against hDHFR...
Docking molecule 5/5 against hDHFR...
[Iteration 8] evaluated=60, batch=5, docked_this_batch=[PfDHFR 5/5, hDHFR 5/5], pareto_size=29, hypervolume=0.4649, pareto_median_heavy=26
Drug-likeness filter: 98 passed, 45 filtered out (of 143; 0 unparseable).
Featurization: 98 molecules produced fingerprints.
Scoring 98 molecules through the ADMET oracle...
  ADMET scored 98/98
[Densify iter 8] parents=29, proposed=145, quality_rejected=2 (2 PAINS + 0 reactive + 0 synth + 0 unparseable), quality_accepted=143, passed_filter=67, added=67, library_size=3744

[Iteration 9] Training GP on 59/60 fully-evaluated molecules...
Iter   20/100 - loss: 1.1487
Iter   40/100 - loss: 1.0162
Iter   60/100 - loss: 0.9982
Iter   80/100 - loss: 0.9941
Iter  100/100 - loss: 0.9928
Docking molecule 1/5 against PfDHFR...
Docking molecule 2/5 against PfDHFR...
Docking molecule 3/5 against PfDHFR...
Docking molecule 4/5 against PfDHFR...
Docking molecule 5/5 against PfDHFR...
Docking molecule 1/5 against hDHFR...
Docking molecule 2/5 against hDHFR...
Docking molecule 3/5 against hDHFR...
Docking molecule 4/5 against hDHFR...
Docking molecule 5/5 against hDHFR...
[Iteration 9] evaluated=65, batch=5, docked_this_batch=[PfDHFR 5/5, hDHFR 5/5], pareto_size=33, hypervolume=0.5048, pareto_median_heavy=26
Drug-likeness filter: 100 passed, 63 filtered out (of 163; 0 unparseable).
Featurization: 100 molecules produced fingerprints.
Scoring 100 molecules through the ADMET oracle...
  ADMET scored 100/100
[Densify iter 9] parents=33, proposed=165, quality_rejected=2 (2 PAINS + 0 reactive + 0 synth + 0 unparseable), quality_accepted=163, passed_filter=69, added=69, library_size=3813

[Iteration 10] Training GP on 64/65 fully-evaluated molecules...
Iter   20/100 - loss: 1.1627
Iter   40/100 - loss: 0.9806
Iter   60/100 - loss: 0.9779
Iter   80/100 - loss: 0.9776
Iter  100/100 - loss: 0.9773
Docking molecule 1/5 against PfDHFR...
Docking molecule 2/5 against PfDHFR...
Docking molecule 3/5 against PfDHFR...
Docking molecule 4/5 against PfDHFR...
Docking molecule 5/5 against PfDHFR...
Docking molecule 1/5 against hDHFR...
Docking molecule 2/5 against hDHFR...
Docking molecule 3/5 against hDHFR...
Docking molecule 4/5 against hDHFR...
Docking molecule 5/5 against hDHFR...
[Iteration 10] evaluated=70, batch=5, docked_this_batch=[PfDHFR 5/5, hDHFR 5/5], pareto_size=37, hypervolume=0.5063, pareto_median_heavy=26

=== BO run complete ===
  Total molecules evaluated: 70
  Final Pareto front size:   37
  Final hypervolume:         0.5063
  Final Pareto heavy atoms: n=37, min 19, median 26, max 36; 0 below 15

Pareto-optimal molecules: 37
SMILES                                                    PfDHFR_Docking         hDHFR_Docking    hERG_Toxicity_Prob         Caco2_logPapp       Half_Life_hours
CC(C)CN(CC(C)C)C(S)=Nc1ccc(Cl)cc1                                -6.5460               -6.5260                0.9627               -4.4549               15.9794
C#CC(C(=O)NC(C)c1ccc(Cl)cc1)C(C)(C)C                             -8.0610               -8.7460                0.0333               -4.7450               35.7682
O=C1c2ccccc2C[C@]12[C@@H](c1cccs1)[C@@H]1CSCN1[C@@]21C(=O)Nc2ccccc21               -2.5060                5.6940                0.0924               -4.5349               29.6261
CC(=O)Nc1ccc(NC(=O)c2cccc3c2-c2ccccc2C3=O)cc1                    -9.4560               -9.5460                0.0862               -4.8165               31.0484
Nc1ncnc(C#Cc2ccc(F)cc2)c1-c1ccc(Cl)cc1                           -8.3720               -9.7670                0.0283               -4.4045               48.8944
CC[C@@H](c1ccccc1)N1C(=O)c2c(F)c(F)c(F)c(F)c2C1=O               -10.0700               -9.0990                0.2565               -4.0649               27.4749
COc1ccc(N2C(=O)/C(=C3/C(=O)Nc4ccccc43)c3ccccc32)cc1               -9.9910               -7.6970                0.1461               -4.3333               20.8201
Nc1ccccc1C#Cc1nc(Cl)nc(N)c1-c1ccc(Cl)cc1                         -8.2870               -7.3010                0.0995               -4.2517               46.8230
COc1ccc(N2C(=O)/C(=C3/C(=O)Nc4ccccc43)c3c(N)cccc32)cc1               -9.0280               -9.4320                0.0707               -4.5433               27.2556
O=C1Nc2ccccc2[C@@]12C(c1ccc(Cl)cc1)C([N+](=O)[O-])C1CSCN12               -5.1320               -3.5000                0.1241               -4.9023               30.3767
Nc1ccc(Cl)cc1C#Cc1nc(Cl)nc(N)c1-c1ccc(Cl)cc1                     -7.9730               -7.3070                0.0466               -4.5230               43.2370
CC(=O)Nc1ccc(NC(=O)c2cccc3c2-c2ccccc2C3=O)c(C)c1                 -9.5120               -9.2630                0.1313               -4.8773               46.8226
Cc1ccc(C)c(C#Cc2nc(Cl)nc(N)c2-c2ccc(Cl)cc2)c1N                   -8.8330               -7.8140                0.0445               -4.3869               40.2841
Cc1cc(C)c(C#Cc2nc(Cl)nc(N)c2-c2ccc(Cl)cc2)c(N)c1                 -8.8270               -7.5560                0.0405               -4.4857               40.4628
Nc1ccccc1C#Cc1nc(Br)nc(N)c1-c1ccc(Cl)cc1                         -8.2850               -7.1740                0.1155               -4.3469               46.8230
Nc1cccc(Cl)c1C#Cc1nc(Cl)nc(N)c1-c1ccc(Cl)cc1                     -8.3680               -7.3780                0.0852               -4.2023               48.5676
Nc1cccc(C#Cc2nc(Cl)nc(N)c2-c2ccc(Cl)cc2)c1N                      -7.7930               -7.1200                0.0452               -4.2503               41.6161
Cc1cc(N)c(C#Cc2nc(Cl)nc(N)c2-c2ccc(Cl)cc2)c(C)c1C                -9.0130               -8.0730                0.0606               -4.4857               43.6391
C#CC(C(=O)NC(=O)c1cccc2c1-c1ccccc1C2=O)C(C)(C)C                 -10.7900               -9.9510                0.0671               -4.6700               38.0267
Nc1cccc(F)c1C#Cc1nc(Cl)nc(N)c1-c1ccc(Cl)cc1                      -8.4730               -7.8110                0.0799               -4.1007               43.3832
Nc1nc(Cl)nc(C#Cc2ccc(F)c(N)c2N)c1-c1ccc(Cl)cc1                   -8.0290               -7.4420                0.0458               -4.2237               44.8420
Nc1cc(Cl)cc(C#Cc2nc(Cl)nc(N)c2-c2ccc(Cl)cc2)c1N                  -8.1340               -8.6710                0.0365               -4.4238               41.0473
Nc1cccc(Br)c1C#Cc1nc(Cl)nc(N)c1-c1ccc(Cl)cc1                     -8.0200               -7.4100                0.0479               -4.2023               45.1414
Nc1ccc(C#Cc2nc(Cl)nc(N)c2-c2ccc(Cl)cc2)c(N)c1N                   -7.3780               -8.5220                0.0225               -4.4457               43.0896
Nc1ccc(Cl)c(N)c1C#Cc1nc(Cl)nc(N)c1-c1ccc(Cl)cc1                  -7.8310               -6.9650                0.0675               -4.3667               54.5809
Nc1cc(Br)ccc1C#Cc1nc(Cl)nc(N)c1-c1ccc(Cl)cc1                     -8.4110               -7.0620                0.0412               -4.4238               41.0473
Nc1cc(N)c(C#Cc2nc(Cl)nc(N)c2-c2ccc(Cl)cc2)c(F)c1                 -8.2980               -7.3130                0.0535               -4.2410               39.4485
Nc1ccc(N)c(C#Cc2nc(Cl)nc(N)c2-c2ccc(Cl)cc2)c1Br                  -7.5760               -6.7120                0.0302               -4.3675               51.6713
C#CC(C(=O)Nc1ccc(C2C([N+](=O)[O-])C3CSCN3[C@@]23C(=O)Nc2ccccc23)cc1)C(C)(C)C               -4.2050               -3.7920                0.0898               -5.4317               33.3911
COc1ccc(N2C(=O)/C(=C3/C(=O)Nc4ccccc43)c3ccccc32)c(F)c1               -9.1280               -8.1030                0.2298               -4.3463               25.1390
Nc1cccc(Br)c1C#Cc1nc(Cl)nc(N)c1-c1ccc(Cl)cc1F                    -8.2720               -7.4950                0.0542               -4.2050               26.4333
Cc1cc(Cl)ccc1C1C([N+](=O)[O-])C2CSCN2[C@@]12C(=O)Nc1ccccc12               -6.4610               -1.0470                0.1075               -5.0430               28.8334
C#CC(C(=O)NC(=O)c1cc(O)cc2c1-c1ccccc1C2=O)C(C)(C)C               -9.9300              -11.3600                0.0413               -4.9027               48.3945
Nc1cc(F)cc(Cl)c1C#Cc1nc(Cl)nc(N)c1-c1ccc(Cl)cc1                  -8.3960               -7.3490                0.0967               -4.1765               48.1351
CC(=O)Nc1cc(C)c(NC(=O)c2cccc3c2-c2ccccc2C3=O)cc1N                -9.4210               -9.1920                0.0922               -4.8541               42.3324
CC(=O)Nc1ccc(NC(=O)c2cccc3c2-c2ccccc2C3=O)c(C)c1F                -9.7140               -9.4520                0.1537               -4.6938               38.4205
Cc1cc(F)c(C)c(C#Cc2nc(Cl)nc(N)c2-c2ccc(Cl)cc2)c1N                -8.4370               -7.4320                0.0702               -4.3247               38.8868
Saved results to /Users/devansh/mogp-main-vscode/MOGP-NTD/matrix_results_holo/runs/bo-coreg-r1-densify-every1/:
  /Users/devansh/mogp-main-vscode/MOGP-NTD/matrix_results_holo/runs/bo-coreg-r1-densify-every1/history.csv
  /Users/devansh/mogp-main-vscode/MOGP-NTD/matrix_results_holo/runs/bo-coreg-r1-densify-every1/evaluated.csv
  /Users/devansh/mogp-main-vscode/MOGP-NTD/matrix_results_holo/runs/bo-coreg-r1-densify-every1/pareto_front.csv

Total wall-clock time: 835.5s
