$ /opt/anaconda3/envs/mogp-drug/bin/python loop.py --library-dir data/library --output-dir /Users/devansh/mogp-main-vscode/MOGP-NTD/matrix_results_holo/runs/bo-coreg-r2-densify-every1 --n-init 20 --batch-size 5 --n-iterations 10 --mogp-iters 100 --model coregionalized --rank 2 --densify --densify-every 1 --densify-per-parent 5

quality_filter: PAINS catalog loaded; synthesizability metric = SA_Score (reject SA > 6.0) [SA_Score (MorganGenerator shim)].
Running BO loop [GRAND CAMPAIGN] with the 'coregionalized' GP model (rank 2).
  n_init=20, batch_size=5, n_iterations=10
load_library: heavy-atom floor >= 14: 3600/3610 molecules survive (10 fragment(s) removed); surviving heavy atoms [14, 44], MW [200.2, 599.8]. Known actives retained (smallest 17 heavy atoms).
load_library: quality screen (SA_Score (reject SA > 6.0)): 3268/3600 molecules survive (215 PAINS + 115 reactive + 2 synth + 0 unparseable removed). Known actives asserted to survive.
load_library: 332 screened-out molecules logged with their rejection class to data/library/quality_rejected.csv
Initializing with 20 random molecules...
Docking molecule 1/20 against PfDHFR...
Docking molecule 2/20 against PfDHFR...
Docking molecule 3/20 against PfDHFR...
Docking molecule 4/20 against PfDHFR...
Docking molecule 5/20 against PfDHFR...
Docking molecule 6/20 against PfDHFR...
Docking molecule 7/20 against PfDHFR...
Docking molecule 8/20 against PfDHFR...
Docking molecule 9/20 against PfDHFR...
Docking molecule 10/20 against PfDHFR...
Docking molecule 11/20 against PfDHFR...
Docking molecule 12/20 against PfDHFR...
Docking molecule 13/20 against PfDHFR...
Docking molecule 14/20 against PfDHFR...
Docking molecule 15/20 against PfDHFR...
Docking molecule 16/20 against PfDHFR...
Docking molecule 17/20 against PfDHFR...
Docking molecule 18/20 against PfDHFR...
Docking molecule 19/20 against PfDHFR...
Docking molecule 20/20 against PfDHFR...
Docking molecule 1/20 against hDHFR...
Docking molecule 2/20 against hDHFR...
Docking molecule 3/20 against hDHFR...
Docking molecule 4/20 against hDHFR...
Docking molecule 5/20 against hDHFR...
Docking molecule 6/20 against hDHFR...
Docking molecule 7/20 against hDHFR...
Docking molecule 8/20 against hDHFR...
Docking molecule 9/20 against hDHFR...
Docking molecule 10/20 against hDHFR...
Docking molecule 11/20 against hDHFR...
Docking molecule 12/20 against hDHFR...
Docking molecule 13/20 against hDHFR...
Docking molecule 14/20 against hDHFR...
Docking molecule 15/20 against hDHFR...
Docking molecule 16/20 against hDHFR...
Docking molecule 17/20 against hDHFR...
Docking molecule 18/20 against hDHFR...
Docking molecule 19/20 against hDHFR...
Docking molecule 20/20 against hDHFR...
Initialized 20 molecules; docked PfDHFR 19/20, hDHFR 19/20.

[Iteration 1] Training GP on 19/20 fully-evaluated molecules...
Iter   20/100 - loss: 1.2682
Iter   40/100 - loss: 1.2609
Iter   60/100 - loss: 1.2540
Iter   80/100 - loss: 1.2525
Iter  100/100 - loss: 1.2515
Docking molecule 1/5 against PfDHFR...
Docking molecule 2/5 against PfDHFR...
Docking molecule 3/5 against PfDHFR...
Docking molecule 4/5 against PfDHFR...
Docking molecule 5/5 against PfDHFR...
Docking molecule 1/5 against hDHFR...
Docking molecule 2/5 against hDHFR...
Docking molecule 3/5 against hDHFR...
Docking molecule 4/5 against hDHFR...
Docking molecule 5/5 against hDHFR...
[Iteration 1] evaluated=25, batch=5, docked_this_batch=[PfDHFR 5/5, hDHFR 5/5], pareto_size=19, hypervolume=0.2318, pareto_median_heavy=25
Drug-likeness filter: 82 passed, 12 filtered out (of 94; 0 unparseable).
Featurization: 82 molecules produced fingerprints.
Scoring 82 molecules through the ADMET oracle...
  ADMET scored 82/82
[Densify iter 1] parents=19, proposed=95, quality_rejected=1 (0 PAINS + 1 reactive + 0 synth + 0 unparseable), quality_accepted=94, passed_filter=68, added=68, library_size=3336

[Iteration 2] Training GP on 24/25 fully-evaluated molecules...
Iter   20/100 - loss: 1.1634
Iter   40/100 - loss: 1.0316
Iter   60/100 - loss: 1.0289
Iter   80/100 - loss: 1.0281
Iter  100/100 - loss: 1.0278
Docking molecule 1/5 against PfDHFR...
Docking molecule 2/5 against PfDHFR...
Docking molecule 3/5 against PfDHFR...
Docking molecule 4/5 against PfDHFR...
Docking molecule 5/5 against PfDHFR...
Docking molecule 1/5 against hDHFR...
Docking molecule 2/5 against hDHFR...
Docking molecule 3/5 against hDHFR...
Docking molecule 4/5 against hDHFR...
Docking molecule 5/5 against hDHFR...
[Iteration 2] evaluated=30, batch=5, docked_this_batch=[PfDHFR 5/5, hDHFR 5/5], pareto_size=13, hypervolume=0.2835, pareto_median_heavy=22
Drug-likeness filter: 50 passed, 11 filtered out (of 61; 0 unparseable).
Featurization: 50 molecules produced fingerprints.
Scoring 50 molecules through the ADMET oracle...
  ADMET scored 50/50
[Densify iter 2] parents=13, proposed=65, quality_rejected=4 (4 PAINS + 0 reactive + 0 synth + 0 unparseable), quality_accepted=61, passed_filter=39, added=39, library_size=3375

[Iteration 3] Training GP on 29/30 fully-evaluated molecules...
Iter   20/100 - loss: 1.1823
Iter   40/100 - loss: 1.0933
Iter   60/100 - loss: 1.0884
Iter   80/100 - loss: 1.0874
Iter  100/100 - loss: 1.0867
Docking molecule 1/5 against PfDHFR...
Docking molecule 2/5 against PfDHFR...
Docking molecule 3/5 against PfDHFR...
Docking molecule 4/5 against PfDHFR...
Docking molecule 5/5 against PfDHFR...
Docking molecule 1/5 against hDHFR...
Docking molecule 2/5 against hDHFR...
Docking molecule 3/5 against hDHFR...
Docking molecule 4/5 against hDHFR...
Docking molecule 5/5 against hDHFR...
[Iteration 3] evaluated=35, batch=5, docked_this_batch=[PfDHFR 5/5, hDHFR 5/5], pareto_size=17, hypervolume=0.3208, pareto_median_heavy=23
Drug-likeness filter: 62 passed, 21 filtered out (of 83; 0 unparseable).
Featurization: 62 molecules produced fingerprints.
Scoring 62 molecules through the ADMET oracle...
  ADMET scored 62/62
[Densify iter 3] parents=17, proposed=85, quality_rejected=2 (1 PAINS + 0 reactive + 1 synth + 0 unparseable), quality_accepted=83, passed_filter=46, added=46, library_size=3421

[Iteration 4] Training GP on 34/35 fully-evaluated molecules...
Iter   20/100 - loss: 1.1469
Iter   40/100 - loss: 1.0440
Iter   60/100 - loss: 1.0407
Iter   80/100 - loss: 1.0381
Iter  100/100 - loss: 1.0379
Docking molecule 1/5 against PfDHFR...
Docking molecule 2/5 against PfDHFR...
Docking molecule 3/5 against PfDHFR...
Docking molecule 4/5 against PfDHFR...
Docking molecule 5/5 against PfDHFR...
Docking molecule 1/5 against hDHFR...
Docking molecule 2/5 against hDHFR...
Docking molecule 3/5 against hDHFR...
Docking molecule 4/5 against hDHFR...
Docking molecule 5/5 against hDHFR...
[Iteration 4] evaluated=40, batch=5, docked_this_batch=[PfDHFR 5/5, hDHFR 5/5], pareto_size=21, hypervolume=0.3667, pareto_median_heavy=24
Drug-likeness filter: 73 passed, 31 filtered out (of 104; 0 unparseable).
Featurization: 73 molecules produced fingerprints.
Scoring 73 molecules through the ADMET oracle...
  ADMET scored 73/73
[Densify iter 4] parents=21, proposed=105, quality_rejected=1 (1 PAINS + 0 reactive + 0 synth + 0 unparseable), quality_accepted=104, passed_filter=53, added=53, library_size=3474

[Iteration 5] Training GP on 39/40 fully-evaluated molecules...
Iter   20/100 - loss: 1.1685
Iter   40/100 - loss: 1.0218
Iter   60/100 - loss: 1.0190
Iter   80/100 - loss: 1.0173
Iter  100/100 - loss: 1.0165
Docking molecule 1/5 against PfDHFR...
Docking molecule 2/5 against PfDHFR...
Docking molecule 3/5 against PfDHFR...
Docking molecule 4/5 against PfDHFR...
Docking molecule 5/5 against PfDHFR...
Docking molecule 1/5 against hDHFR...
Docking molecule 2/5 against hDHFR...
Docking molecule 3/5 against hDHFR...
Docking molecule 4/5 against hDHFR...
Docking molecule 5/5 against hDHFR...
[Iteration 5] evaluated=45, batch=5, docked_this_batch=[PfDHFR 5/5, hDHFR 5/5], pareto_size=25, hypervolume=0.4290, pareto_median_heavy=23
Drug-likeness filter: 88 passed, 35 filtered out (of 123; 0 unparseable).
Featurization: 88 molecules produced fingerprints.
Scoring 88 molecules through the ADMET oracle...
  ADMET scored 88/88
[Densify iter 5] parents=25, proposed=125, quality_rejected=2 (2 PAINS + 0 reactive + 0 synth + 0 unparseable), quality_accepted=123, passed_filter=62, added=62, library_size=3536

[Iteration 6] Training GP on 44/45 fully-evaluated molecules...
Iter   20/100 - loss: 1.1187
Iter   40/100 - loss: 1.0070
Iter   60/100 - loss: 1.0033
Iter   80/100 - loss: 1.0020
Iter  100/100 - loss: 1.0013
Docking molecule 1/5 against PfDHFR...
Docking molecule 2/5 against PfDHFR...
Docking molecule 3/5 against PfDHFR...
Docking molecule 4/5 against PfDHFR...
Docking molecule 5/5 against PfDHFR...
Docking molecule 1/5 against hDHFR...
Docking molecule 2/5 against hDHFR...
Docking molecule 3/5 against hDHFR...
Docking molecule 4/5 against hDHFR...
Docking molecule 5/5 against hDHFR...
[Iteration 6] evaluated=50, batch=5, docked_this_batch=[PfDHFR 5/5, hDHFR 5/5], pareto_size=28, hypervolume=0.4990, pareto_median_heavy=22
Drug-likeness filter: 100 passed, 39 filtered out (of 139; 0 unparseable).
Featurization: 100 molecules produced fingerprints.
Scoring 100 molecules through the ADMET oracle...
  ADMET scored 100/100
[Densify iter 6] parents=28, proposed=140, quality_rejected=1 (1 PAINS + 0 reactive + 0 synth + 0 unparseable), quality_accepted=139, passed_filter=80, added=80, library_size=3616

[Iteration 7] Training GP on 49/50 fully-evaluated molecules...
Iter   20/100 - loss: 1.2812
Iter   40/100 - loss: 1.0650
Iter   60/100 - loss: 1.0536
Iter   80/100 - loss: 1.0519
Iter  100/100 - loss: 1.0508
Docking molecule 1/5 against PfDHFR...
Docking molecule 2/5 against PfDHFR...
Docking molecule 3/5 against PfDHFR...
Docking molecule 4/5 against PfDHFR...
Docking molecule 5/5 against PfDHFR...
Docking molecule 1/5 against hDHFR...
Docking molecule 2/5 against hDHFR...
Docking molecule 3/5 against hDHFR...
Docking molecule 4/5 against hDHFR...
Docking molecule 5/5 against hDHFR...
[Iteration 7] evaluated=55, batch=5, docked_this_batch=[PfDHFR 5/5, hDHFR 5/5], pareto_size=32, hypervolume=0.5243, pareto_median_heavy=24
Drug-likeness filter: 116 passed, 44 filtered out (of 160; 0 unparseable).
Featurization: 116 molecules produced fingerprints.
Scoring 116 molecules through the ADMET oracle...
  ADMET scored 116/116
[Densify iter 7] parents=32, proposed=160, quality_rejected=0 (0 PAINS + 0 reactive + 0 synth + 0 unparseable), quality_accepted=160, passed_filter=82, added=82, library_size=3698

[Iteration 8] Training GP on 54/55 fully-evaluated molecules...
Iter   20/100 - loss: 1.3454
Iter   40/100 - loss: 1.1141
Iter   60/100 - loss: 1.0639
Iter   80/100 - loss: 1.0603
Iter  100/100 - loss: 1.0590
Docking molecule 1/5 against PfDHFR...
Docking molecule 2/5 against PfDHFR...
Docking molecule 3/5 against PfDHFR...
Docking molecule 4/5 against PfDHFR...
Docking molecule 5/5 against PfDHFR...
Docking molecule 1/5 against hDHFR...
Docking molecule 2/5 against hDHFR...
Docking molecule 3/5 against hDHFR...
Docking molecule 4/5 against hDHFR...
Docking molecule 5/5 against hDHFR...
[Iteration 8] evaluated=60, batch=5, docked_this_batch=[PfDHFR 5/5, hDHFR 5/5], pareto_size=35, hypervolume=0.5312, pareto_median_heavy=24
Drug-likeness filter: 121 passed, 52 filtered out (of 173; 0 unparseable).
Featurization: 121 molecules produced fingerprints.
Scoring 121 molecules through the ADMET oracle...
  ADMET scored 121/121
[Densify iter 8] parents=35, proposed=175, quality_rejected=2 (2 PAINS + 0 reactive + 0 synth + 0 unparseable), quality_accepted=173, passed_filter=89, added=89, library_size=3787

[Iteration 9] Training GP on 59/60 fully-evaluated molecules...
Iter   20/100 - loss: 1.2864
Iter   40/100 - loss: 1.0911
Iter   60/100 - loss: 1.0550
Iter   80/100 - loss: 1.0501
Iter  100/100 - loss: 1.0485
Docking molecule 1/5 against PfDHFR...
Docking molecule 2/5 against PfDHFR...
Docking molecule 3/5 against PfDHFR...
Docking molecule 4/5 against PfDHFR...
Docking molecule 5/5 against PfDHFR...
Docking molecule 1/5 against hDHFR...
Docking molecule 2/5 against hDHFR...
Docking molecule 3/5 against hDHFR...
Docking molecule 4/5 against hDHFR...
Docking molecule 5/5 against hDHFR...
[Iteration 9] evaluated=65, batch=5, docked_this_batch=[PfDHFR 5/5, hDHFR 5/5], pareto_size=39, hypervolume=0.6392, pareto_median_heavy=26
Drug-likeness filter: 120 passed, 71 filtered out (of 191; 0 unparseable).
Featurization: 120 molecules produced fingerprints.
Scoring 120 molecules through the ADMET oracle...
  ADMET scored 120/120
[Densify iter 9] parents=39, proposed=195, quality_rejected=4 (4 PAINS + 0 reactive + 0 synth + 0 unparseable), quality_accepted=191, passed_filter=76, added=76, library_size=3863

[Iteration 10] Training GP on 64/65 fully-evaluated molecules...
Iter   20/100 - loss: 1.1824
Iter   40/100 - loss: 1.1414
Iter   60/100 - loss: 1.1297
Iter   80/100 - loss: 1.1254
Iter  100/100 - loss: 1.1232
Docking molecule 1/5 against PfDHFR...
Docking molecule 2/5 against PfDHFR...
Docking molecule 3/5 against PfDHFR...
Docking molecule 4/5 against PfDHFR...
Docking molecule 5/5 against PfDHFR...
Docking molecule 1/5 against hDHFR...
Docking molecule 2/5 against hDHFR...
Docking molecule 3/5 against hDHFR...
Docking molecule 4/5 against hDHFR...
Docking molecule 5/5 against hDHFR...
[Iteration 10] evaluated=70, batch=5, docked_this_batch=[PfDHFR 5/5, hDHFR 5/5], pareto_size=43, hypervolume=0.6819, pareto_median_heavy=26

=== BO run complete ===
  Total molecules evaluated: 70
  Final Pareto front size:   43
  Final hypervolume:         0.6819
  Final Pareto heavy atoms: n=43, min 15, median 26, max 33; 0 below 15

Pareto-optimal molecules: 43
SMILES                                                    PfDHFR_Docking         hDHFR_Docking    hERG_Toxicity_Prob         Caco2_logPapp       Half_Life_hours
C#CC(C(=O)NC(C)c1ccc(Cl)cc1)C(C)(C)C                             -8.0610               -8.7460                0.0333               -4.7450               35.7682
Nc1ncnc(C#Cc2ccccc2)c1-c1ccc(Cl)cc1                              -8.2370               -9.3010                0.0930               -4.5980               33.2551
O=C1c2ccccc2C[C@]12[C@@H](c1cccs1)[C@@H]1CSCN1[C@@]21C(=O)Nc2ccccc21               -2.5060                5.6940                0.0924               -4.5349               29.6261
Nc1cccnc1Sc1ccc(Cl)cc1                                           -7.1170               -7.4750                0.0417               -4.5253               27.3919
CC[C@@H](c1ccccc1)N1C(=O)c2c(F)c(F)c(F)c(F)c2C1=O               -10.0700               -9.0990                0.2565               -4.0649               27.4749
CC(=O)Nc1ccc(NC(=O)c2cccc3c2-c2ccccc2C3=O)cc1                    -9.4560               -9.5460                0.0862               -4.8165               31.0484
COc1ccc(N2C(=O)/C(=C3/C(=O)Nc4ccccc43)c3ccccc32)cc1               -9.9910               -7.6970                0.1461               -4.3333               20.8201
O=C1N/C(=C\c2ccccc2)c2ccccc21                                    -9.0800               -8.5860                0.0299               -4.3051               16.2838
O=C1Nc2ccccc2[C@@]12C(c1ccc(Cl)cc1)C([N+](=O)[O-])C1CSCN12               -5.1320               -3.5000                0.1241               -4.9023               30.3767
O=C1N/C(=C\c2ccccc2)c2c(Cl)cccc21                                -8.8350               -8.7030                0.1213               -4.2686               28.0688
Nc1ccnc(Sc2ccc(Cl)cc2)c1N                                        -7.6080               -7.9950                0.0221               -4.6391               32.1274
C#CC(C(=O)NC(=O)c1cccc2c1-c1ccccc1C2=O)C(C)(C)C                 -10.7900               -9.9510                0.0671               -4.6700               38.0267
Nc1c(Cl)ccnc1Sc1ccc(Cl)cc1                                       -7.5200               -7.6420                0.0948               -4.6764               39.0055
CC(=O)Nc1ccc(NC(=O)c2cccc3c2-c2cccc(F)c2C3=O)c(F)c1               -9.7880               -9.7800                0.0865               -4.8036               44.1690
O=C1N/C(=C\c2ccc(Cl)cc2)c2ccccc21                                -8.2480               -8.2510                0.0757               -4.1850               31.1482
Nc1c(F)ccnc1Sc1ccc(Cl)cc1                                        -7.4590               -7.7820                0.0384               -4.4270               34.4837
Nc1cc(/C=C2\NC(=O)c3ccccc32)ccc1Cl                               -8.5530               -8.5900                0.0418               -4.5977               32.3204
C#CC(C(=O)Nc1ccc(N2C(=O)c3c(F)c(F)c(F)c(F)c3C2=O)c(F)c1)C(C)(C)C               -8.4640               -6.4160                0.0386               -4.6378               29.6691
CC(=O)Nc1cc(F)c(NC(=O)c2cccc3c2-c2ccccc2C3=O)cc1N                -9.5250               -9.5160                0.0941               -4.7471               39.6949
O=C1N/C(=C\c2ccccc2)c2cccc(F)c21                                 -9.4480               -8.9010                0.0538               -4.2105               22.9946
Nc1cccc2c1C(=O)N/C2=C\c1ccc(Cl)cc1                               -7.9790               -8.4900                0.0256               -4.6297               41.9106
C#CC(C(=O)Nc1cc(N)c(-c2ccc(Cl)cc2)cc1F)C(C)(C)C                  -8.2100               -7.2700                0.0349               -5.0509               43.2786
Nc1ncnc(C#Cc2ccccc2F)c1-c1ccc(Cl)cc1                             -8.4320               -9.6250                0.0840               -4.4690               42.0891
COc1ccc(N2C(=O)/C(=C3/C(=O)Nc4cccc(N)c43)c3ccccc32)c(Cl)c1              -10.5800               -7.7860                0.1326               -4.6060               44.2813
O=C1N/C(=C\c2ccccc2Cl)c2ccccc21                                  -9.3310               -8.7240                0.1323               -4.2599               31.9431
COc1ccc(N2C(=O)/C(=C3/C(=O)Nc4cc(F)cc(N)c43)c3ccccc32)c(Cl)c1               -7.8680               -7.9540                0.2644               -4.3322               50.8060
COc1cc(N)c(N2C(=O)/C(=C3/C(=O)Nc4cccc(N)c43)c3ccccc32)c(Cl)c1               -7.4750               -7.6760                0.0807               -4.6053               41.8207
Nc1ccc(F)nc1Sc1ccc(Cl)cc1                                        -7.6230               -7.9140                0.0447               -4.4193               35.2575
C#CC(C(=O)Nc1cc(N)c(-c2nccc(F)c2N)cc1F)C(C)(C)C                  -8.3370               -7.5910                0.0159               -4.9474               34.0776
C#CC(C(=O)Nc1ccc(N2C(=O)c3c(F)c(F)c(F)c(F)c3C2=O)cc1F)C(C)(C)C               -8.3790               -5.9300                0.0446               -4.6472               26.5878
COc1cc(N)c(N2C(=O)/C(=C3/C(=O)Nc4ccc(F)c(N)c43)c3ccccc32)c(Cl)c1               -8.0710               -7.2830                0.1296               -4.4594               47.3800
COc1ccc(N2C(=O)/C(=C3/C(=O)Nc4c(F)ccc(N)c43)c3ccccc32)c(Cl)c1               -7.4440               -7.3050                0.2275               -4.5086               51.7114
O=C1N/C(=C\c2cccc(F)c2)c2c(Cl)cccc21                             -9.1510               -8.7180                0.3583               -4.3171               43.0779
COc1cc(Cl)c(N2C(=O)/C(=C3/C(=O)Nc4ccc(F)c(N)c43)c3ccccc32)c(N)c1Cl              -10.2100               -6.0970                0.1325               -4.5511               47.3800
COc1cc(Cl)c(N2C(=O)/C(=C3/C(=O)Nc4ccc(C)c(N)c43)c3ccccc32)cc1N               -7.8110               -6.5150                0.1227               -4.7461               45.2598
COc1cc(N)c(N2C(=O)/C(=C3/C(=O)Nc4ccc(Br)c(N)c43)c3ccccc32)c(Cl)c1               -7.1660               -5.9730                0.0835               -4.5599               46.1125
COc1cc(Cl)c(N2C(=O)/C(=C3/C(=O)Nc4cccc(N)c43)c3ccccc32)c(N)c1N               -7.0690               -6.9620                0.0825               -4.6650               41.7536
COc1cc(C)c(N2C(=O)/C(=C3/C(=O)Nc4c(F)ccc(N)c43)c3ccccc32)c(Cl)c1              -10.8100               -6.5660                0.2018               -4.5781               47.4070
CC[C@@H](c1ccc(Cl)cc1)N1C(=O)c2c(F)c(F)c(F)c(F)c2C1=O              -10.3900               -9.7600                0.6746               -3.9168               41.2002
Nc1nc(N)c(-c2ccc(Cl)cc2)c(C#Cc2ccccc2F)n1                        -8.5520               -7.8290                0.1491               -4.1992               44.9992
COc1cc(Cl)c(N2C(=O)/C(=C3/C(=O)Nc4cc(F)cc(N)c43)c3ccccc32)c(N)c1N               -7.2280               -5.2470                0.1913               -4.3939               47.9058
COc1cc(Cl)c(N2C(=O)/C(=C3/C(=O)Nc4c(F)ccc(N)c43)c3ccccc32)cc1C               -6.6000               -6.7060                0.2306               -4.5765               54.9892
O=C1N/C(=C\c2cccc(F)c2F)c2c(Cl)cccc21                            -9.2470               -8.8650                0.2169               -4.2617               36.3193
Saved results to /Users/devansh/mogp-main-vscode/MOGP-NTD/matrix_results_holo/runs/bo-coreg-r2-densify-every1/:
  /Users/devansh/mogp-main-vscode/MOGP-NTD/matrix_results_holo/runs/bo-coreg-r2-densify-every1/history.csv
  /Users/devansh/mogp-main-vscode/MOGP-NTD/matrix_results_holo/runs/bo-coreg-r2-densify-every1/evaluated.csv
  /Users/devansh/mogp-main-vscode/MOGP-NTD/matrix_results_holo/runs/bo-coreg-r2-densify-every1/pareto_front.csv

Total wall-clock time: 1158.6s
