$ /opt/anaconda3/envs/mogp-drug/bin/python loop.py --library-dir data/library --output-dir /Users/devansh/mogp-main-vscode/MOGP-NTD/matrix_results_holo/runs/bo-independent-densify-every1 --n-init 20 --batch-size 5 --n-iterations 10 --mogp-iters 100 --model independent --densify --densify-every 1 --densify-per-parent 5

quality_filter: PAINS catalog loaded; synthesizability metric = SA_Score (reject SA > 6.0) [SA_Score (MorganGenerator shim)].
Running BO loop [GRAND CAMPAIGN] with the 'independent' GP model.
  n_init=20, batch_size=5, n_iterations=10
load_library: heavy-atom floor >= 14: 3600/3610 molecules survive (10 fragment(s) removed); surviving heavy atoms [14, 44], MW [200.2, 599.8]. Known actives retained (smallest 17 heavy atoms).
load_library: quality screen (SA_Score (reject SA > 6.0)): 3268/3600 molecules survive (215 PAINS + 115 reactive + 2 synth + 0 unparseable removed). Known actives asserted to survive.
load_library: 332 screened-out molecules logged with their rejection class to data/library/quality_rejected.csv
Initializing with 20 random molecules...
Docking molecule 1/20 against PfDHFR...
Docking molecule 2/20 against PfDHFR...
Docking molecule 3/20 against PfDHFR...
Docking molecule 4/20 against PfDHFR...
Docking molecule 5/20 against PfDHFR...
Docking molecule 6/20 against PfDHFR...
Docking molecule 7/20 against PfDHFR...
Docking molecule 8/20 against PfDHFR...
Docking molecule 9/20 against PfDHFR...
Docking molecule 10/20 against PfDHFR...
Docking molecule 11/20 against PfDHFR...
Docking molecule 12/20 against PfDHFR...
Docking molecule 13/20 against PfDHFR...
Docking molecule 14/20 against PfDHFR...
Docking molecule 15/20 against PfDHFR...
Docking molecule 16/20 against PfDHFR...
Docking molecule 17/20 against PfDHFR...
Docking molecule 18/20 against PfDHFR...
Docking molecule 19/20 against PfDHFR...
Docking molecule 20/20 against PfDHFR...
Docking molecule 1/20 against hDHFR...
Docking molecule 2/20 against hDHFR...
Docking molecule 3/20 against hDHFR...
Docking molecule 4/20 against hDHFR...
Docking molecule 5/20 against hDHFR...
Docking molecule 6/20 against hDHFR...
Docking molecule 7/20 against hDHFR...
Docking molecule 8/20 against hDHFR...
Docking molecule 9/20 against hDHFR...
Docking molecule 10/20 against hDHFR...
Docking molecule 11/20 against hDHFR...
Docking molecule 12/20 against hDHFR...
Docking molecule 13/20 against hDHFR...
Docking molecule 14/20 against hDHFR...
Docking molecule 15/20 against hDHFR...
Docking molecule 16/20 against hDHFR...
Docking molecule 17/20 against hDHFR...
Docking molecule 18/20 against hDHFR...
Docking molecule 19/20 against hDHFR...
Docking molecule 20/20 against hDHFR...
Initialized 20 molecules; docked PfDHFR 19/20, hDHFR 19/20.

[Iteration 1] Training GP on 19/20 fully-evaluated molecules...
Iter   20/100 - loss: 1.4359
Iter   40/100 - loss: 1.4275
Iter   60/100 - loss: 1.4249
Iter   80/100 - loss: 1.4228
Iter  100/100 - loss: 1.4216
Docking molecule 1/5 against PfDHFR...
Docking molecule 2/5 against PfDHFR...
Docking molecule 3/5 against PfDHFR...
Docking molecule 4/5 against PfDHFR...
Docking molecule 5/5 against PfDHFR...
Docking molecule 1/5 against hDHFR...
Docking molecule 2/5 against hDHFR...
Docking molecule 3/5 against hDHFR...
Docking molecule 4/5 against hDHFR...
Docking molecule 5/5 against hDHFR...
[Iteration 1] evaluated=25, batch=5, docked_this_batch=[PfDHFR 5/5, hDHFR 5/5], pareto_size=22, hypervolume=0.1965, pareto_median_heavy=26
Drug-likeness filter: 86 passed, 19 filtered out (of 105; 0 unparseable).
Featurization: 86 molecules produced fingerprints.
Scoring 86 molecules through the ADMET oracle...
  ADMET scored 86/86
[Densify iter 1] parents=22, proposed=110, quality_rejected=5 (5 PAINS + 0 reactive + 0 synth + 0 unparseable), quality_accepted=105, passed_filter=69, added=69, library_size=3337

[Iteration 2] Training GP on 24/25 fully-evaluated molecules...
Iter   20/100 - loss: 1.4327
Iter   40/100 - loss: 1.4258
Iter   60/100 - loss: 1.4249
Iter   80/100 - loss: 1.4236
Iter  100/100 - loss: 1.4225
Docking molecule 1/5 against PfDHFR...
Docking molecule 2/5 against PfDHFR...
Docking molecule 3/5 against PfDHFR...
Docking molecule 4/5 against PfDHFR...
Docking molecule 5/5 against PfDHFR...
Docking molecule 1/5 against hDHFR...
Docking molecule 2/5 against hDHFR...
Docking molecule 3/5 against hDHFR...
Docking molecule 4/5 against hDHFR...
Docking molecule 5/5 against hDHFR...
[Iteration 2] evaluated=30, batch=5, docked_this_batch=[PfDHFR 5/5, hDHFR 5/5], pareto_size=22, hypervolume=0.2734, pareto_median_heavy=24
Drug-likeness filter: 93 passed, 15 filtered out (of 108; 0 unparseable).
Featurization: 93 molecules produced fingerprints.
Scoring 93 molecules through the ADMET oracle...
  ADMET scored 93/93
[Densify iter 2] parents=22, proposed=110, quality_rejected=2 (1 PAINS + 1 reactive + 0 synth + 0 unparseable), quality_accepted=108, passed_filter=70, added=70, library_size=3407

[Iteration 3] Training GP on 29/30 fully-evaluated molecules...
Iter   20/100 - loss: 1.4284
Iter   40/100 - loss: 1.4215
Iter   60/100 - loss: 1.4201
Iter   80/100 - loss: 1.4173
Iter  100/100 - loss: 1.4140
Docking molecule 1/5 against PfDHFR...
Docking molecule 2/5 against PfDHFR...
Docking molecule 3/5 against PfDHFR...
Docking molecule 4/5 against PfDHFR...
Docking molecule 5/5 against PfDHFR...
Docking molecule 1/5 against hDHFR...
Docking molecule 2/5 against hDHFR...
Docking molecule 3/5 against hDHFR...
Docking molecule 4/5 against hDHFR...
Docking molecule 5/5 against hDHFR...
[Iteration 3] evaluated=35, batch=5, docked_this_batch=[PfDHFR 5/5, hDHFR 5/5], pareto_size=18, hypervolume=0.3216, pareto_median_heavy=24
Drug-likeness filter: 69 passed, 17 filtered out (of 86; 0 unparseable).
Featurization: 69 molecules produced fingerprints.
Scoring 69 molecules through the ADMET oracle...
  ADMET scored 69/69
[Densify iter 3] parents=18, proposed=90, quality_rejected=4 (1 PAINS + 3 reactive + 0 synth + 0 unparseable), quality_accepted=86, passed_filter=53, added=53, library_size=3460

[Iteration 4] Training GP on 34/35 fully-evaluated molecules...
Iter   20/100 - loss: 1.4085
Iter   40/100 - loss: 1.3798
Iter   60/100 - loss: 1.3482
Iter   80/100 - loss: 1.3336
Iter  100/100 - loss: 1.3284
Docking molecule 1/5 against PfDHFR...
Docking molecule 2/5 against PfDHFR...
Docking molecule 3/5 against PfDHFR...
Docking molecule 4/5 against PfDHFR...
Docking molecule 5/5 against PfDHFR...
Docking molecule 1/5 against hDHFR...
Docking molecule 2/5 against hDHFR...
Docking molecule 3/5 against hDHFR...
Docking molecule 4/5 against hDHFR...
Docking molecule 5/5 against hDHFR...
[Iteration 4] evaluated=40, batch=5, docked_this_batch=[PfDHFR 5/5, hDHFR 5/5], pareto_size=22, hypervolume=0.3271, pareto_median_heavy=24
Drug-likeness filter: 92 passed, 14 filtered out (of 106; 0 unparseable).
Featurization: 92 molecules produced fingerprints.
Scoring 92 molecules through the ADMET oracle...
  ADMET scored 92/92
[Densify iter 4] parents=22, proposed=110, quality_rejected=4 (1 PAINS + 3 reactive + 0 synth + 0 unparseable), quality_accepted=106, passed_filter=62, added=62, library_size=3522

[Iteration 5] Training GP on 39/40 fully-evaluated molecules...
Iter   20/100 - loss: 1.3683
Iter   40/100 - loss: 1.3145
Iter   60/100 - loss: 1.2880
Iter   80/100 - loss: 1.2795
Iter  100/100 - loss: 1.2762
Docking molecule 1/5 against PfDHFR...
Docking molecule 2/5 against PfDHFR...
Docking molecule 3/5 against PfDHFR...
Docking molecule 4/5 against PfDHFR...
Docking molecule 5/5 against PfDHFR...
Docking molecule 1/5 against hDHFR...
Docking molecule 2/5 against hDHFR...
Docking molecule 3/5 against hDHFR...
Docking molecule 4/5 against hDHFR...
Docking molecule 5/5 against hDHFR...
[Iteration 5] evaluated=45, batch=5, docked_this_batch=[PfDHFR 5/5, hDHFR 5/5], pareto_size=20, hypervolume=0.3596, pareto_median_heavy=23
Drug-likeness filter: 81 passed, 15 filtered out (of 96; 0 unparseable).
Featurization: 81 molecules produced fingerprints.
Scoring 81 molecules through the ADMET oracle...
  ADMET scored 81/81
[Densify iter 5] parents=20, proposed=100, quality_rejected=4 (2 PAINS + 2 reactive + 0 synth + 0 unparseable), quality_accepted=96, passed_filter=53, added=53, library_size=3575

[Iteration 6] Training GP on 44/45 fully-evaluated molecules...
Iter   20/100 - loss: 1.3608
Iter   40/100 - loss: 1.3036
Iter   60/100 - loss: 1.2772
Iter   80/100 - loss: 1.2690
Iter  100/100 - loss: 1.2658
Docking molecule 1/5 against PfDHFR...
Docking molecule 2/5 against PfDHFR...
Docking molecule 3/5 against PfDHFR...
Docking molecule 4/5 against PfDHFR...
Docking molecule 5/5 against PfDHFR...
Docking molecule 1/5 against hDHFR...
Docking molecule 2/5 against hDHFR...
Docking molecule 3/5 against hDHFR...
Docking molecule 4/5 against hDHFR...
Docking molecule 5/5 against hDHFR...
[Iteration 6] evaluated=50, batch=5, docked_this_batch=[PfDHFR 5/5, hDHFR 5/5], pareto_size=24, hypervolume=0.3860, pareto_median_heavy=24
Drug-likeness filter: 86 passed, 28 filtered out (of 114; 0 unparseable).
Featurization: 86 molecules produced fingerprints.
Scoring 86 molecules through the ADMET oracle...
  ADMET scored 86/86
[Densify iter 6] parents=24, proposed=120, quality_rejected=6 (4 PAINS + 2 reactive + 0 synth + 0 unparseable), quality_accepted=114, passed_filter=57, added=57, library_size=3632

[Iteration 7] Training GP on 49/50 fully-evaluated molecules...
Iter   20/100 - loss: 1.3210
Iter   40/100 - loss: 1.2628
Iter   60/100 - loss: 1.2465
Iter   80/100 - loss: 1.2417
Iter  100/100 - loss: 1.2397
Docking molecule 1/5 against PfDHFR...
Docking molecule 2/5 against PfDHFR...
Docking molecule 3/5 against PfDHFR...
Docking molecule 4/5 against PfDHFR...
Docking molecule 5/5 against PfDHFR...
Docking molecule 1/5 against hDHFR...
Docking molecule 2/5 against hDHFR...
Docking molecule 3/5 against hDHFR...
Docking molecule 4/5 against hDHFR...
Docking molecule 5/5 against hDHFR...
[Iteration 7] evaluated=55, batch=5, docked_this_batch=[PfDHFR 5/5, hDHFR 5/5], pareto_size=27, hypervolume=0.3876, pareto_median_heavy=24
Drug-likeness filter: 83 passed, 42 filtered out (of 125; 0 unparseable).
Featurization: 83 molecules produced fingerprints.
Scoring 83 molecules through the ADMET oracle...
  ADMET scored 83/83
[Densify iter 7] parents=27, proposed=135, quality_rejected=10 (3 PAINS + 7 reactive + 0 synth + 0 unparseable), quality_accepted=125, passed_filter=54, added=54, library_size=3686

[Iteration 8] Training GP on 54/55 fully-evaluated molecules...
Iter   20/100 - loss: 1.3180
Iter   40/100 - loss: 1.2562
Iter   60/100 - loss: 1.2392
Iter   80/100 - loss: 1.2343
Iter  100/100 - loss: 1.2323
Docking molecule 1/5 against PfDHFR...
Docking molecule 2/5 against PfDHFR...
Docking molecule 3/5 against PfDHFR...
Docking molecule 4/5 against PfDHFR...
Docking molecule 5/5 against PfDHFR...
Docking molecule 1/5 against hDHFR...
Docking molecule 2/5 against hDHFR...
Docking molecule 3/5 against hDHFR...
Docking molecule 4/5 against hDHFR...
Docking molecule 5/5 against hDHFR...
[Iteration 8] evaluated=60, batch=5, docked_this_batch=[PfDHFR 5/5, hDHFR 5/5], pareto_size=30, hypervolume=0.3888, pareto_median_heavy=24
Drug-likeness filter: 106 passed, 38 filtered out (of 144; 0 unparseable).
Featurization: 106 molecules produced fingerprints.
Scoring 106 molecules through the ADMET oracle...
  ADMET scored 106/106
[Densify iter 8] parents=30, proposed=150, quality_rejected=6 (3 PAINS + 3 reactive + 0 synth + 0 unparseable), quality_accepted=144, passed_filter=63, added=63, library_size=3749

[Iteration 9] Training GP on 59/60 fully-evaluated molecules...
Iter   20/100 - loss: 1.2763
Iter   40/100 - loss: 1.2126
Iter   60/100 - loss: 1.1989
Iter   80/100 - loss: 1.1948
Iter  100/100 - loss: 1.1930
Docking molecule 1/5 against PfDHFR...
Docking molecule 2/5 against PfDHFR...
Docking molecule 3/5 against PfDHFR...
Docking molecule 4/5 against PfDHFR...
Docking molecule 5/5 against PfDHFR...
Docking molecule 1/5 against hDHFR...
Docking molecule 2/5 against hDHFR...
Docking molecule 3/5 against hDHFR...
Docking molecule 4/5 against hDHFR...
Docking molecule 5/5 against hDHFR...
[Iteration 9] evaluated=65, batch=5, docked_this_batch=[PfDHFR 5/5, hDHFR 5/5], pareto_size=32, hypervolume=0.4058, pareto_median_heavy=24
Drug-likeness filter: 125 passed, 24 filtered out (of 149; 0 unparseable).
Featurization: 125 molecules produced fingerprints.
Scoring 125 molecules through the ADMET oracle...
  ADMET scored 125/125
[Densify iter 9] parents=32, proposed=160, quality_rejected=11 (5 PAINS + 6 reactive + 0 synth + 0 unparseable), quality_accepted=149, passed_filter=81, added=81, library_size=3830

[Iteration 10] Training GP on 64/65 fully-evaluated molecules...
Iter   20/100 - loss: 1.2503
Iter   40/100 - loss: 1.1821
Iter   60/100 - loss: 1.1677
Iter   80/100 - loss: 1.1633
Iter  100/100 - loss: 1.1614
Docking molecule 1/5 against PfDHFR...
Docking molecule 2/5 against PfDHFR...
Docking molecule 3/5 against PfDHFR...
Docking molecule 4/5 against PfDHFR...
Docking molecule 5/5 against PfDHFR...
Docking molecule 1/5 against hDHFR...
Docking molecule 2/5 against hDHFR...
Docking molecule 3/5 against hDHFR...
Docking molecule 4/5 against hDHFR...
Docking molecule 5/5 against hDHFR...
[Iteration 10] evaluated=70, batch=5, docked_this_batch=[PfDHFR 5/5, hDHFR 5/5], pareto_size=36, hypervolume=0.4168, pareto_median_heavy=24

=== BO run complete ===
  Total molecules evaluated: 70
  Final Pareto front size:   36
  Final hypervolume:         0.4168
  Final Pareto heavy atoms: n=36, min 15, median 24, max 38; 0 below 15

Pareto-optimal molecules: 36
SMILES                                                    PfDHFR_Docking         hDHFR_Docking    hERG_Toxicity_Prob         Caco2_logPapp       Half_Life_hours
COc1cc(-n2cc(-c3cc(O)cc(O)c3)nn2)cc(OC)c1OC                      -7.9100               -7.3210                0.1392               -4.7818                3.6654
CC(C)CN(CC(C)C)C(S)=Nc1ccc(Cl)cc1                                -6.5460               -6.5260                0.9627               -4.4549               15.9794
C#CC(C(=O)NC(C)c1ccc(Cl)cc1)C(C)(C)C                             -8.0610               -8.7460                0.0333               -4.7450               35.7682
O=C1c2ccccc2C[C@]12[C@@H](c1cccs1)[C@@H]1CSCN1[C@@]21C(=O)Nc2ccccc21               -2.5060                5.6940                0.0924               -4.5349               29.6261
Nc1cccnc1Sc1ccc(Cl)cc1                                           -7.1170               -7.4750                0.0417               -4.5253               27.3919
CC(=O)Nc1ccc(NC(=O)c2cccc3c2-c2ccccc2C3=O)cc1                    -9.4560               -9.5460                0.0862               -4.8165               31.0484
Nc1ncnc(C#Cc2ccc(F)cc2)c1-c1ccc(Cl)cc1                           -8.3720               -9.7670                0.0283               -4.4045               48.8944
Nc1cc(F)cnc1Sc1ccc(Cl)cc1                                        -7.5560               -7.6050                0.0312               -4.4257               28.4461
Clc1ccc2c(N/N=C/c3ccc4c(c3)OCO4)ccnc2c1                          -9.4210              -10.1100                0.6293               -4.7719               41.8251
CC(=O)Nc1ccc(NC(=O)c2cccc3c2-c2ccccc2C3=O)cc1N                   -9.3690               -9.2940                0.0505               -4.9570               45.1266
CC[C@@H](c1ccccc1)N1C(=O)c2c(F)c(F)c(F)c(Br)c2C1=O              -10.1200               -8.9690                0.2565               -4.0649               27.4749
Nc1nc(F)nc(C#Cc2ccc(Br)cc2)c1-c1ccc(Cl)cc1                       -8.6680               -9.1130                0.0694               -4.2819               46.6563
O=C1Nc2ccccc2[C@@]12C(c1ccc(Cl)cc1)C([N+](=O)[O-])C1CSCN12               -5.1320               -3.5000                0.1241               -4.9023               30.3767
C#CC(C(=O)Oc1ccc(-c2cccs2)c(N)c1)C(C)(C)C                        -8.2120               -8.2910                0.0326               -4.4230               25.7136
Nc1c(F)ccnc1Sc1ccc(Cl)cc1                                        -7.4590               -7.7820                0.0384               -4.4270               34.4837
Nc1ccc(Cl)nc1Sc1ccc(Cl)cc1                                       -7.5130               -8.0460                0.0346               -4.5937               35.3130
COc1ccc(N2C(=O)/C(=C3/C(=O)Nc4ccccc43)c3ccccc32)cc1               -9.9910               -7.6970                0.1461               -4.3333               20.8201
Nc1c(Sc2ccc(Cl)cc2)ncc(F)c1Cl                                    -7.7780               -7.8250                0.0324               -4.4678               32.7907
Cc1ccc2c(c1)[C@]1(C(=O)N2)C(c2ccc(Cl)cc2)C([N+](=O)[O-])C2CSCN21               -5.6600               -3.1840                0.1216               -5.0134               38.6802
COc1ccc(N2C(=O)/C(=C3/C(=O)Nc4ccc(C)cc43)c3ccccc32)cc1               -9.7380               -7.5520                0.1227               -4.5434               21.4008
O=C1N/C(=C\c2ccccc2)c2ccccc21                                    -9.0800               -8.5860                0.0299               -4.3051               16.2838
Cc1cc(F)ccc1C#Cc1nc(F)nc(N)c1-c1ccc(Cl)cc1                       -8.8910               -9.0220                0.1238               -4.4544               39.6019
CC(=O)Nc1ccc(NC(=O)c2cccc3c2-c2ccccc2C3=O)c(N)c1N                -9.3960               -9.4270                0.0546               -4.7507               43.5262
COc1ccc(N2C(=O)/C(=C3/C(=O)Nc4ccccc43)c3c(C)cccc32)cc1               -9.0760              -10.1300                0.1105               -4.5732               31.5367
C#CC(C(=O)Nc1cccc2c1-c1ccccc1C2=O)C(C)(C)C                       -9.5460               -9.8250                0.0702               -4.6340               39.3620
Cc1cc2c(cc1O)NC(=O)[C@]21C(c2ccc(Cl)cc2)C([N+](=O)[O-])C2CSCN21               -4.9190               -4.8830                0.2450               -5.2661               47.1965
Nc1nc(Cl)nc(C#Cc2ccc(F)cc2)c1-c1ccc(Cl)cc1                       -8.6130               -8.2830                0.0409               -4.1193               50.2696
O=C1N/C(=C\c2ccccc2F)c2ccccc21                                   -9.1990               -8.8930                0.2287               -4.2121               22.5771
Nc1ccc(F)nc1Sc1ccc(Cl)cc1                                        -7.6230               -7.9140                0.0447               -4.4193               35.2575
C#CC(C(=O)Oc1ccc(C2C([N+](=O)[O-])C3CSCN3[C@@]23C(=O)Nc2ccc(C)cc23)c(N)c1)C(C)(C)C               -5.8670               -4.2980                0.0469               -4.9759               19.7608
CCN1C(=O)c2cccc3c(S(=O)(=O)Nc4ccccc4)ccc1c23                     -9.9730               -9.4920                0.1870               -4.7394               27.6198
Nc1nc(N)c(-c2ccc(Cl)cc2)c(C#Cc2ccc(F)cc2)n1                      -8.3710               -8.2050                0.0486               -4.1022               50.2696
Nc1cc(C#Cc2nc(Cl)nc(N)c2-c2ccc(Cl)cc2)ccc1F                      -8.4330               -8.2410                0.0535               -4.2649               39.4485
C#CC(C(=O)Nc1ccc(-c2ncc(F)cc2N)c(N)c1N)C(C)(C)C                  -7.8920               -7.5440                0.0140               -4.9876               37.2561
COc1ccc(N2C(=O)/C(=C3/C(=O)Nc4ccc(Cl)cc43)c3ccccc32)cc1               -9.3310               -8.3310                0.1652               -4.4450               27.3822
C=C(Nc1ccc([N+](=O)[O-])cc1[N+](=O)[O-])c1c/c(=N\NC(N)=S)c2ccccc2o1               -9.6950               -9.3750                0.1088               -5.1218               29.9677
Saved results to /Users/devansh/mogp-main-vscode/MOGP-NTD/matrix_results_holo/runs/bo-independent-densify-every1/:
  /Users/devansh/mogp-main-vscode/MOGP-NTD/matrix_results_holo/runs/bo-independent-densify-every1/history.csv
  /Users/devansh/mogp-main-vscode/MOGP-NTD/matrix_results_holo/runs/bo-independent-densify-every1/evaluated.csv
  /Users/devansh/mogp-main-vscode/MOGP-NTD/matrix_results_holo/runs/bo-independent-densify-every1/pareto_front.csv

Total wall-clock time: 885.6s
