$ /opt/anaconda3/envs/mogp-drug/bin/python loop.py --library-dir data/library --output-dir /Users/devansh/mogp-main-vscode/MOGP-NTD/matrix_results_holo/runs/bo-independent-densify-every2-cap --n-init 20 --batch-size 5 --n-iterations 10 --mogp-iters 100 --model independent --densify --densify-every 2 --densify-per-parent 5 --densify-max-pool 3810

quality_filter: PAINS catalog loaded; synthesizability metric = SA_Score (reject SA > 6.0) [SA_Score (MorganGenerator shim)].
Running BO loop [GRAND CAMPAIGN] with the 'independent' GP model.
  n_init=20, batch_size=5, n_iterations=10
load_library: heavy-atom floor >= 14: 3600/3610 molecules survive (10 fragment(s) removed); surviving heavy atoms [14, 44], MW [200.2, 599.8]. Known actives retained (smallest 17 heavy atoms).
load_library: quality screen (SA_Score (reject SA > 6.0)): 3268/3600 molecules survive (215 PAINS + 115 reactive + 2 synth + 0 unparseable removed). Known actives asserted to survive.
load_library: 332 screened-out molecules logged with their rejection class to data/library/quality_rejected.csv
Initializing with 20 random molecules...
Docking molecule 1/20 against PfDHFR...
Docking molecule 2/20 against PfDHFR...
Docking molecule 3/20 against PfDHFR...
Docking molecule 4/20 against PfDHFR...
Docking molecule 5/20 against PfDHFR...
Docking molecule 6/20 against PfDHFR...
Docking molecule 7/20 against PfDHFR...
Docking molecule 8/20 against PfDHFR...
Docking molecule 9/20 against PfDHFR...
Docking molecule 10/20 against PfDHFR...
Docking molecule 11/20 against PfDHFR...
Docking molecule 12/20 against PfDHFR...
Docking molecule 13/20 against PfDHFR...
Docking molecule 14/20 against PfDHFR...
Docking molecule 15/20 against PfDHFR...
Docking molecule 16/20 against PfDHFR...
Docking molecule 17/20 against PfDHFR...
Docking molecule 18/20 against PfDHFR...
Docking molecule 19/20 against PfDHFR...
Docking molecule 20/20 against PfDHFR...
Docking molecule 1/20 against hDHFR...
Docking molecule 2/20 against hDHFR...
Docking molecule 3/20 against hDHFR...
Docking molecule 4/20 against hDHFR...
Docking molecule 5/20 against hDHFR...
Docking molecule 6/20 against hDHFR...
Docking molecule 7/20 against hDHFR...
Docking molecule 8/20 against hDHFR...
Docking molecule 9/20 against hDHFR...
Docking molecule 10/20 against hDHFR...
Docking molecule 11/20 against hDHFR...
Docking molecule 12/20 against hDHFR...
Docking molecule 13/20 against hDHFR...
Docking molecule 14/20 against hDHFR...
Docking molecule 15/20 against hDHFR...
Docking molecule 16/20 against hDHFR...
Docking molecule 17/20 against hDHFR...
Docking molecule 18/20 against hDHFR...
Docking molecule 19/20 against hDHFR...
Docking molecule 20/20 against hDHFR...
Initialized 20 molecules; docked PfDHFR 19/20, hDHFR 19/20.

[Iteration 1] Training GP on 19/20 fully-evaluated molecules...
Iter   20/100 - loss: 1.4359
Iter   40/100 - loss: 1.4275
Iter   60/100 - loss: 1.4249
Iter   80/100 - loss: 1.4228
Iter  100/100 - loss: 1.4216
Docking molecule 1/5 against PfDHFR...
Docking molecule 2/5 against PfDHFR...
Docking molecule 3/5 against PfDHFR...
Docking molecule 4/5 against PfDHFR...
Docking molecule 5/5 against PfDHFR...
Docking molecule 1/5 against hDHFR...
Docking molecule 2/5 against hDHFR...
Docking molecule 3/5 against hDHFR...
Docking molecule 4/5 against hDHFR...
Docking molecule 5/5 against hDHFR...
[Iteration 1] evaluated=25, batch=5, docked_this_batch=[PfDHFR 5/5, hDHFR 5/5], pareto_size=22, hypervolume=0.1965, pareto_median_heavy=26

[Iteration 2] Training GP on 24/25 fully-evaluated molecules...
Iter   20/100 - loss: 1.4327
Iter   40/100 - loss: 1.4258
Iter   60/100 - loss: 1.4249
Iter   80/100 - loss: 1.4236
Iter  100/100 - loss: 1.4225
Docking molecule 1/5 against PfDHFR...
Docking molecule 2/5 against PfDHFR...
Docking molecule 3/5 against PfDHFR...
Docking molecule 4/5 against PfDHFR...
Docking molecule 5/5 against PfDHFR...
Docking molecule 1/5 against hDHFR...
Docking molecule 2/5 against hDHFR...
Docking molecule 3/5 against hDHFR...
Docking molecule 4/5 against hDHFR...
Docking molecule 5/5 against hDHFR...
[Iteration 2] evaluated=30, batch=5, docked_this_batch=[PfDHFR 5/5, hDHFR 5/5], pareto_size=13, hypervolume=0.2879, pareto_median_heavy=23
Drug-likeness filter: 51 passed, 13 filtered out (of 64; 0 unparseable).
Featurization: 51 molecules produced fingerprints.
Scoring 51 molecules through the ADMET oracle...
  ADMET scored 51/51
[Densify iter 2] parents=13, proposed=65, quality_rejected=1 (1 PAINS + 0 reactive + 0 synth + 0 unparseable), quality_accepted=64, passed_filter=43, added=43, library_size=3311

[Iteration 3] Training GP on 29/30 fully-evaluated molecules...
Iter   20/100 - loss: 1.4344
Iter   40/100 - loss: 1.4267
Iter   60/100 - loss: 1.4248
Iter   80/100 - loss: 1.4232
Iter  100/100 - loss: 1.4222
Docking molecule 1/5 against PfDHFR...
Docking molecule 2/5 against PfDHFR...
Docking molecule 3/5 against PfDHFR...
Docking molecule 4/5 against PfDHFR...
Docking molecule 5/5 against PfDHFR...
Docking molecule 1/5 against hDHFR...
Docking molecule 2/5 against hDHFR...
Docking molecule 3/5 against hDHFR...
Docking molecule 4/5 against hDHFR...
Docking molecule 5/5 against hDHFR...
[Iteration 3] evaluated=35, batch=5, docked_this_batch=[PfDHFR 5/5, hDHFR 5/5], pareto_size=16, hypervolume=0.3449, pareto_median_heavy=23

[Iteration 4] Training GP on 34/35 fully-evaluated molecules...
Iter   20/100 - loss: 1.4284
Iter   40/100 - loss: 1.4218
Iter   60/100 - loss: 1.4208
Iter   80/100 - loss: 1.4182
Iter  100/100 - loss: 1.4141
Docking molecule 1/5 against PfDHFR...
Docking molecule 2/5 against PfDHFR...
Docking molecule 3/5 against PfDHFR...
Docking molecule 4/5 against PfDHFR...
Docking molecule 5/5 against PfDHFR...
Docking molecule 1/5 against hDHFR...
Docking molecule 2/5 against hDHFR...
Docking molecule 3/5 against hDHFR...
Docking molecule 4/5 against hDHFR...
Docking molecule 5/5 against hDHFR...
[Iteration 4] evaluated=40, batch=5, docked_this_batch=[PfDHFR 5/5, hDHFR 5/5], pareto_size=21, hypervolume=0.3743, pareto_median_heavy=23
Drug-likeness filter: 75 passed, 28 filtered out (of 103; 0 unparseable).
Featurization: 75 molecules produced fingerprints.
Scoring 75 molecules through the ADMET oracle...
  ADMET scored 75/75
[Densify iter 4] parents=21, proposed=105, quality_rejected=2 (2 PAINS + 0 reactive + 0 synth + 0 unparseable), quality_accepted=103, passed_filter=60, added=60, library_size=3371

[Iteration 5] Training GP on 39/40 fully-evaluated molecules...
Iter   20/100 - loss: 1.3721
Iter   40/100 - loss: 1.3229
Iter   60/100 - loss: 1.2985
Iter   80/100 - loss: 1.2904
Iter  100/100 - loss: 1.2873
Docking molecule 1/5 against PfDHFR...
Docking molecule 2/5 against PfDHFR...
Docking molecule 3/5 against PfDHFR...
Docking molecule 4/5 against PfDHFR...
Docking molecule 5/5 against PfDHFR...
Docking molecule 1/5 against hDHFR...
Docking molecule 2/5 against hDHFR...
Docking molecule 3/5 against hDHFR...
Docking molecule 4/5 against hDHFR...
Docking molecule 5/5 against hDHFR...
[Iteration 5] evaluated=45, batch=5, docked_this_batch=[PfDHFR 5/5, hDHFR 5/5], pareto_size=25, hypervolume=0.3933, pareto_median_heavy=24

[Iteration 6] Training GP on 44/45 fully-evaluated molecules...
Iter   20/100 - loss: 1.3641
Iter   40/100 - loss: 1.3102
Iter   60/100 - loss: 1.2852
Iter   80/100 - loss: 1.2773
Iter  100/100 - loss: 1.2743
Docking molecule 1/5 against PfDHFR...
Docking molecule 2/5 against PfDHFR...
Docking molecule 3/5 against PfDHFR...
Docking molecule 4/5 against PfDHFR...
Docking molecule 5/5 against PfDHFR...
Docking molecule 1/5 against hDHFR...
Docking molecule 2/5 against hDHFR...
Docking molecule 3/5 against hDHFR...
Docking molecule 4/5 against hDHFR...
Docking molecule 5/5 against hDHFR...
[Iteration 6] evaluated=50, batch=5, docked_this_batch=[PfDHFR 5/5, hDHFR 5/5], pareto_size=29, hypervolume=0.3939, pareto_median_heavy=24
Drug-likeness filter: 113 passed, 31 filtered out (of 144; 0 unparseable).
Featurization: 113 molecules produced fingerprints.
Scoring 113 molecules through the ADMET oracle...
  ADMET scored 113/113
[Densify iter 6] parents=29, proposed=145, quality_rejected=1 (1 PAINS + 0 reactive + 0 synth + 0 unparseable), quality_accepted=144, passed_filter=89, added=89, library_size=3460

[Iteration 7] Training GP on 49/50 fully-evaluated molecules...
Iter   20/100 - loss: 1.3799
Iter   40/100 - loss: 1.3423
Iter   60/100 - loss: 1.3263
Iter   80/100 - loss: 1.3215
Iter  100/100 - loss: 1.3196
Docking molecule 1/5 against PfDHFR...
Docking molecule 2/5 against PfDHFR...
Docking molecule 3/5 against PfDHFR...
Docking molecule 4/5 against PfDHFR...
Docking molecule 5/5 against PfDHFR...
Docking molecule 1/5 against hDHFR...
Docking molecule 2/5 against hDHFR...
Docking molecule 3/5 against hDHFR...
Docking molecule 4/5 against hDHFR...
Docking molecule 5/5 against hDHFR...
[Iteration 7] evaluated=55, batch=5, docked_this_batch=[PfDHFR 5/5, hDHFR 5/5], pareto_size=34, hypervolume=0.4028, pareto_median_heavy=24

[Iteration 8] Training GP on 54/55 fully-evaluated molecules...
Iter   20/100 - loss: 1.3703
Iter   40/100 - loss: 1.3269
Iter   60/100 - loss: 1.3112
Iter   80/100 - loss: 1.3071
Iter  100/100 - loss: 1.3055
Docking molecule 1/5 against PfDHFR...
Docking molecule 2/5 against PfDHFR...
Docking molecule 3/5 against PfDHFR...
Docking molecule 4/5 against PfDHFR...
Docking molecule 5/5 against PfDHFR...
Docking molecule 1/5 against hDHFR...
Docking molecule 2/5 against hDHFR...
Docking molecule 3/5 against hDHFR...
Docking molecule 4/5 against hDHFR...
Docking molecule 5/5 against hDHFR...
[Iteration 8] evaluated=60, batch=5, docked_this_batch=[PfDHFR 5/5, hDHFR 5/5], pareto_size=34, hypervolume=0.4053, pareto_median_heavy=24
Drug-likeness filter: 140 passed, 29 filtered out (of 169; 0 unparseable).
Featurization: 140 molecules produced fingerprints.
Scoring 140 molecules through the ADMET oracle...
  ADMET scored 140/140
[Densify iter 8] parents=34, proposed=170, quality_rejected=1 (1 PAINS + 0 reactive + 0 synth + 0 unparseable), quality_accepted=169, passed_filter=105, added=105, library_size=3565

[Iteration 9] Training GP on 59/60 fully-evaluated molecules...
Iter   20/100 - loss: 1.3744
Iter   40/100 - loss: 1.3344
Iter   60/100 - loss: 1.3204
Iter   80/100 - loss: 1.3162
Iter  100/100 - loss: 1.3143
Docking molecule 1/5 against PfDHFR...
Docking molecule 2/5 against PfDHFR...
Docking molecule 3/5 against PfDHFR...
Docking molecule 4/5 against PfDHFR...
Docking molecule 5/5 against PfDHFR...
Docking molecule 1/5 against hDHFR...
Docking molecule 2/5 against hDHFR...
Docking molecule 3/5 against hDHFR...
Docking molecule 4/5 against hDHFR...
Docking molecule 5/5 against hDHFR...
[Iteration 9] evaluated=65, batch=5, docked_this_batch=[PfDHFR 5/5, hDHFR 5/5], pareto_size=37, hypervolume=0.4147, pareto_median_heavy=23

[Iteration 10] Training GP on 64/65 fully-evaluated molecules...
Iter   20/100 - loss: 1.3311
Iter   40/100 - loss: 1.2838
Iter   60/100 - loss: 1.2722
Iter   80/100 - loss: 1.2688
Iter  100/100 - loss: 1.2671
Docking molecule 1/5 against PfDHFR...
Docking molecule 2/5 against PfDHFR...
Docking molecule 3/5 against PfDHFR...
Docking molecule 4/5 against PfDHFR...
Docking molecule 5/5 against PfDHFR...
Docking molecule 1/5 against hDHFR...
Docking molecule 2/5 against hDHFR...
Docking molecule 3/5 against hDHFR...
Docking molecule 4/5 against hDHFR...
Docking molecule 5/5 against hDHFR...
[Iteration 10] evaluated=70, batch=5, docked_this_batch=[PfDHFR 5/5, hDHFR 5/5], pareto_size=40, hypervolume=0.4201, pareto_median_heavy=24

=== BO run complete ===
  Total molecules evaluated: 70
  Final Pareto front size:   40
  Final hypervolume:         0.4201
  Final Pareto heavy atoms: n=40, min 15, median 24, max 31; 0 below 15

Pareto-optimal molecules: 40
SMILES                                                    PfDHFR_Docking         hDHFR_Docking    hERG_Toxicity_Prob         Caco2_logPapp       Half_Life_hours
COc1cc(-n2cc(-c3cc(O)cc(O)c3)nn2)cc(OC)c1OC                      -7.9100               -7.3210                0.1392               -4.7818                3.6654
CC(C)CN(CC(C)C)C(S)=Nc1ccc(Cl)cc1                                -6.5460               -6.5260                0.9627               -4.4549               15.9794
C#CC(C(=O)NC(C)c1ccc(Cl)cc1)C(C)(C)C                             -8.0610               -8.7460                0.0333               -4.7450               35.7682
O=C1c2ccccc2C[C@]12[C@@H](c1cccs1)[C@@H]1CSCN1[C@@]21C(=O)Nc2ccccc21               -2.5060                5.6940                0.0924               -4.5349               29.6261
Nc1cccnc1Sc1ccc(Cl)cc1                                           -7.1170               -7.4750                0.0417               -4.5253               27.3919
CC(=O)Nc1ccc(NC(=O)c2cccc3c2-c2ccccc2C3=O)cc1                    -9.4560               -9.5460                0.0862               -4.8165               31.0484
CC[C@@H](c1ccccc1)N1C(=O)c2c(F)c(F)c(F)c(F)c2C1=O               -10.0700               -9.0990                0.2565               -4.0649               27.4749
Clc1ccc2c(N/N=C/c3ccc4c(c3)OCO4)ccnc2c1                          -9.4210              -10.1100                0.6293               -4.7719               41.8251
O=C1N/C(=C\c2ccccc2)c2ccccc21                                    -9.0800               -8.5860                0.0299               -4.3051               16.2838
COc1ccc(N2C(=O)/C(=C3/C(=O)Nc4ccccc43)c3ccccc32)cc1               -9.9910               -7.6970                0.1461               -4.3333               20.8201
Nc1ncnc(C#Cc2ccccc2Cl)c1-c1ccc(Cl)cc1                            -8.4000               -8.3750                0.1137               -4.6882               47.3944
Nc1nc(Cl)nc(C#Cc2ccccc2)c1-c1ccc(Cl)cc1                          -8.3810               -8.0180                0.1405               -4.3223               36.0949
Nc1ccc(N)c(Sc2ccc(Cl)cc2)n1                                      -7.5370               -7.7480                0.0346               -4.5937               36.2265
C#CC(C(=O)NC(CC)c1ccc(Cl)cc1)C(C)(C)C                            -8.1670               -7.8740                0.2314               -4.7117               39.9336
CC(=O)Nc1ccc(NC(=O)c2cc(N)cc3c2-c2ccccc2C3=O)cc1                 -9.1210               -8.5260                0.0520               -5.1433               38.6898
O=C1N/C(=C\c2ccccc2)c2cccc(Cl)c21                                -9.2020               -8.5630                0.1120               -4.2316               30.3743
COc1ccc(N2C(=O)/C(=C3/C(=O)Nc4cccc(C)c43)c3ccccc32)cc1              -10.4900               -8.3710                0.1105               -4.5732               25.9564
O=C1Nc2ccccc2[C@@]12C(c1ccc(Cl)cc1)C([N+](=O)[O-])C1CSCN12               -5.1320               -3.5000                0.1241               -4.9023               30.3767
COc1ccc(N2C(=O)/C(=C3/C(=O)Nc4ccc(C)cc43)c3ccccc32)cc1               -9.7380               -7.5520                0.1227               -4.5434               21.4008
Nc1ccc(C#Cc2nc(Cl)nc(N)c2-c2ccc(Cl)cc2)cc1                       -8.3450               -7.9960                0.1042               -4.3527               49.0545
C#CC(C(=O)NC(=O)c1cc(N)cc2c1-c1ccccc1C2=O)C(C)(C)C              -10.3300               -9.9800                0.0242               -5.2017               45.2661
O=C1N/C(=C\c2ccc(F)cc2)c2cccc(Cl)c21                             -8.7010               -8.6260                0.4629               -4.1651               40.9782
Nc1ncnc(C#Cc2cc(F)ccc2Cl)c1-c1ccc(Cl)cc1                         -8.7100               -9.6760                0.1037               -4.4719               47.8283
COc1ccc(N2C(=O)/C(=C3/C(=O)Nc4c(N)cccc43)c3ccccc32)cc1               -8.5500               -7.9140                0.0746               -4.5219               19.8395
CCN1C(=O)c2cccc3c(S(=O)(=O)Nc4ccccc4)ccc1c23                     -9.9730               -9.4920                0.1870               -4.7394               27.6198
O=C1NC(=O)C2(CCOc3c2cc(Cl)c2ccccc32)N1                           -9.6280               -9.4730                0.3659               -4.7472               31.4063
O=C1N/C(=C\c2ccccc2Cl)c2cccc(Cl)c21                              -9.5030               -8.8800                0.1200               -4.1939               40.8059
Nc1nc(F)nc(C#Cc2ccccc2Cl)c1-c1ccc(Cl)cc1                         -8.6410               -8.8090                0.2790               -4.4227               46.8423
Nc1cccc(/C=C2\NC(=O)c3c(Cl)cccc32)c1                             -9.0030               -8.8040                0.0452               -4.6508               45.9965
NC(=O)c1ccc(-n2cc(-c3ccc(Cl)cc3)cn2)cc1                          -8.2950               -7.9070                0.0217               -4.7026               23.5836
Nc1ccccc1/C=C1\NC(=O)c2c(Cl)cccc21                               -9.1410               -8.7870                0.0414               -4.4258               45.5879
C=C(Nc1ccc([N+](=O)[O-])cc1[N+](=O)[O-])c1c/c(=N\NC(N)=S)c2ccccc2o1               -9.6950               -9.3750                0.1088               -5.1218               29.9677
O=C1Nc2ccccc2[C@@]12C(c1ccc(Cl)cc1Cl)C([N+](=O)[O-])C1CSCN12               -4.6990               -5.3370                0.1440               -4.9142               31.8026
COc1ccc(N2C(=O)/C(=C3/C(=O)Nc4c(N)cc(Cl)cc43)c3ccccc32)cc1               -8.4140               -7.5370                0.0809               -4.5504               39.4786
CC(=O)Nc1cc(N)cc2c1-c1ccccc1C2=O                                 -8.9730               -8.3650                0.0348               -4.8275               62.4783
Nc1cc(Cl)c2c(c1)/C(=C/c1ccccc1Cl)NC2=O                           -8.3280               -8.2220                0.0612               -4.5609               44.5453
Nc1c(F)cccc1/C=C1\NC(=O)c2c(Cl)cccc21                            -9.1190               -8.5720                0.0774               -4.5118               44.5658
CC[C@@H](c1ccc(Cl)cc1)N1C(=O)c2c(F)c(F)c(F)c(F)c2C1=O              -10.3900               -9.7600                0.6746               -3.9168               41.2002
COc1ccc(N2C(=O)/C(=C3/C(=O)Nc4ccc(C)cc43)c3ccccc32)cc1N               -9.3300               -8.2120                0.0434               -4.6853               19.0626
Nc1cc(F)c(N)c(Sc2ccc(Cl)cc2)n1                                   -7.7880               -7.9660                0.0472               -4.4641               28.8261
Saved results to /Users/devansh/mogp-main-vscode/MOGP-NTD/matrix_results_holo/runs/bo-independent-densify-every2-cap/:
  /Users/devansh/mogp-main-vscode/MOGP-NTD/matrix_results_holo/runs/bo-independent-densify-every2-cap/history.csv
  /Users/devansh/mogp-main-vscode/MOGP-NTD/matrix_results_holo/runs/bo-independent-densify-every2-cap/evaluated.csv
  /Users/devansh/mogp-main-vscode/MOGP-NTD/matrix_results_holo/runs/bo-independent-densify-every2-cap/pareto_front.csv

Total wall-clock time: 3254.9s
