$ /opt/anaconda3/envs/mogp-drug/bin/python loop.py --help

quality_filter: PAINS catalog loaded; synthesizability metric = SA_Score (reject SA > 6.0) [SA_Score (MorganGenerator shim)].
usage: loop.py [-h] [--library-dir LIBRARY_DIR] [--smoke] [--n-init N_INIT]
               [--batch-size BATCH_SIZE] [--n-iterations N_ITERATIONS]
               [--mogp-iters MOGP_ITERS]
               [--model {coregionalized,independent}] [--rank RANK]
               [--output-dir OUTPUT_DIR] [--densify]
               [--densify-every DENSIFY_EVERY]
               [--densify-per-parent DENSIFY_PER_PARENT]
               [--densify-max-pool DENSIFY_MAX_POOL]

Run the multi-objective BO loop for PfDHFR drug discovery.

options:
  -h, --help            show this help message and exit
  --library-dir LIBRARY_DIR
  --smoke               Fast end-to-end smoke test (n_init=5, batch_size=2,
                        n_iterations=2). Without it the loop runs the Grand
                        Campaign (n_init=40, batch_size=5, n_iterations=50).
                        Explicit --n-init / --batch-size / --n-iterations
                        override whichever profile applies.
  --n-init N_INIT
  --batch-size BATCH_SIZE
  --n-iterations N_ITERATIONS
  --mogp-iters MOGP_ITERS
  --model {coregionalized,independent}
                        GP model over the docking objectives: coregionalized
                        (ICM, primary) or independent.
  --rank RANK           IndexKernel rank for the coregionalized model.
  --output-dir OUTPUT_DIR
  --densify             Grow candidates by enumerating analogs of the Pareto
                        front each iteration (off by default; the base
                        benchmark is unchanged).
  --densify-every DENSIFY_EVERY
                        Densify every N iterations (default 1).
  --densify-per-parent DENSIFY_PER_PARENT
                        Target analogs generated per front molecule.
  --densify-max-pool DENSIFY_MAX_POOL
                        Cap the TOTAL library size after densification (not
                        the number of analogs added). Must be ABOVE the
                        current library size or densification is a no-op; omit
                        for no cap.
