$ /opt/anaconda3/envs/mogp-drug/bin/python run_ablation.py --library-dir data/library --seeds 0,1 --n-init 20 --batch-size 5 --n-iterations 10 --mogp-iters 100 --models coregionalized,independent --save

quality_filter: PAINS catalog loaded; synthesizability metric = SA_Score (reject SA > 6.0) [SA_Score (MorganGenerator shim)].
====================================================================
RUN ABLATION — independent vs coregionalized (ICM)
====================================================================
seeds=[0, 1]  models=['coregionalized', 'independent']  rank=1
n_init=20  batch_size=5  n_iterations=10  mogp_iters=100

--- model='coregionalized'  seed=0 ---
load_library: heavy-atom floor >= 14: 3600/3610 molecules survive (10 fragment(s) removed); surviving heavy atoms [14, 44], MW [200.2, 599.8]. Known actives retained (smallest 17 heavy atoms).
load_library: quality screen (SA_Score (reject SA > 6.0)): 3268/3600 molecules survive (215 PAINS + 115 reactive + 2 synth + 0 unparseable removed). Known actives asserted to survive.
load_library: 332 screened-out molecules logged with their rejection class to data/library/quality_rejected.csv
Initializing with 20 random molecules...
Docking molecule 1/20 against PfDHFR...
Docking molecule 2/20 against PfDHFR...
Docking molecule 3/20 against PfDHFR...
Docking molecule 4/20 against PfDHFR...
Docking molecule 5/20 against PfDHFR...
Docking molecule 6/20 against PfDHFR...
Docking molecule 7/20 against PfDHFR...
Docking molecule 8/20 against PfDHFR...
Docking molecule 9/20 against PfDHFR...
Docking molecule 10/20 against PfDHFR...
Docking molecule 11/20 against PfDHFR...
Docking molecule 12/20 against PfDHFR...
Docking molecule 13/20 against PfDHFR...
Docking molecule 14/20 against PfDHFR...
Docking molecule 15/20 against PfDHFR...
Docking molecule 16/20 against PfDHFR...
Docking molecule 17/20 against PfDHFR...
Docking molecule 18/20 against PfDHFR...
Docking molecule 19/20 against PfDHFR...
Docking molecule 20/20 against PfDHFR...
Docking molecule 1/20 against hDHFR...
Docking molecule 2/20 against hDHFR...
Docking molecule 3/20 against hDHFR...
Docking molecule 4/20 against hDHFR...
Docking molecule 5/20 against hDHFR...
Docking molecule 6/20 against hDHFR...
Docking molecule 7/20 against hDHFR...
Docking molecule 8/20 against hDHFR...
Docking molecule 9/20 against hDHFR...
Docking molecule 10/20 against hDHFR...
Docking molecule 11/20 against hDHFR...
Docking molecule 12/20 against hDHFR...
Docking molecule 13/20 against hDHFR...
Docking molecule 14/20 against hDHFR...
Docking molecule 15/20 against hDHFR...
Docking molecule 16/20 against hDHFR...
Docking molecule 17/20 against hDHFR...
Docking molecule 18/20 against hDHFR...
Docking molecule 19/20 against hDHFR...
Docking molecule 20/20 against hDHFR...
Initialized 20 molecules; docked PfDHFR 19/20, hDHFR 19/20.

[Iteration 1] Training GP on 19/20 fully-evaluated molecules...
Iter   20/100 - loss: 1.2231
Iter   40/100 - loss: 1.1362
Iter   60/100 - loss: 1.1262
Iter   80/100 - loss: 1.1237
Iter  100/100 - loss: 1.1228
Docking molecule 1/5 against PfDHFR...
Docking molecule 2/5 against PfDHFR...
Docking molecule 3/5 against PfDHFR...
Docking molecule 4/5 against PfDHFR...
Docking molecule 5/5 against PfDHFR...
Docking molecule 1/5 against hDHFR...
Docking molecule 2/5 against hDHFR...
Docking molecule 3/5 against hDHFR...
Docking molecule 4/5 against hDHFR...
Docking molecule 5/5 against hDHFR...
[Iteration 1] evaluated=25, batch=5, docked_this_batch=[PfDHFR 5/5, hDHFR 5/5], pareto_size=18, hypervolume=0.2391, pareto_median_heavy=22

[Iteration 2] Training GP on 24/25 fully-evaluated molecules...
Iter   20/100 - loss: 1.2058
Iter   40/100 - loss: 1.0347
Iter   60/100 - loss: 1.0286
Iter   80/100 - loss: 1.0283
Iter  100/100 - loss: 1.0281
Docking molecule 1/5 against PfDHFR...
Docking molecule 2/5 against PfDHFR...
Docking molecule 3/5 against PfDHFR...
Docking molecule 4/5 against PfDHFR...
Docking molecule 5/5 against PfDHFR...
Docking molecule 1/5 against hDHFR...
Docking molecule 2/5 against hDHFR...
Docking molecule 3/5 against hDHFR...
Docking molecule 4/5 against hDHFR...
Docking molecule 5/5 against hDHFR...
[Iteration 2] evaluated=30, batch=5, docked_this_batch=[PfDHFR 5/5, hDHFR 5/5], pareto_size=16, hypervolume=0.2852, pareto_median_heavy=20

[Iteration 3] Training GP on 29/30 fully-evaluated molecules...
Iter   20/100 - loss: 1.2622
Iter   40/100 - loss: 1.1155
Iter   60/100 - loss: 1.1057
Iter   80/100 - loss: 1.1044
Iter  100/100 - loss: 1.1036
Docking molecule 1/5 against PfDHFR...
Docking molecule 2/5 against PfDHFR...
Docking molecule 3/5 against PfDHFR...
Docking molecule 4/5 against PfDHFR...
Docking molecule 5/5 against PfDHFR...
Docking molecule 1/5 against hDHFR...
Docking molecule 2/5 against hDHFR...
Docking molecule 3/5 against hDHFR...
Docking molecule 4/5 against hDHFR...
Docking molecule 5/5 against hDHFR...
[Iteration 3] evaluated=35, batch=5, docked_this_batch=[PfDHFR 5/5, hDHFR 5/5], pareto_size=21, hypervolume=0.2958, pareto_median_heavy=23

[Iteration 4] Training GP on 34/35 fully-evaluated molecules...
Iter   20/100 - loss: 1.1927
Iter   40/100 - loss: 1.0894
Iter   60/100 - loss: 1.0646
Iter   80/100 - loss: 1.0623
Iter  100/100 - loss: 1.0618
Docking molecule 1/5 against PfDHFR...
Docking molecule 2/5 against PfDHFR...
Docking molecule 3/5 against PfDHFR...
Docking molecule 4/5 against PfDHFR...
Docking molecule 5/5 against PfDHFR...
Docking molecule 1/5 against hDHFR...
Docking molecule 2/5 against hDHFR...
Docking molecule 3/5 against hDHFR...
Docking molecule 4/5 against hDHFR...
Docking molecule 5/5 against hDHFR...
[Iteration 4] evaluated=40, batch=5, docked_this_batch=[PfDHFR 5/5, hDHFR 5/5], pareto_size=26, hypervolume=0.3009, pareto_median_heavy=23

[Iteration 5] Training GP on 39/40 fully-evaluated molecules...
Iter   20/100 - loss: 1.2867
Iter   40/100 - loss: 1.1181
Iter   60/100 - loss: 1.1139
Iter   80/100 - loss: 1.1134
Iter  100/100 - loss: 1.1129
Docking molecule 1/5 against PfDHFR...
Docking molecule 2/5 against PfDHFR...
Docking molecule 3/5 against PfDHFR...
Docking molecule 4/5 against PfDHFR...
Docking molecule 5/5 against PfDHFR...
Docking molecule 1/5 against hDHFR...
Docking molecule 2/5 against hDHFR...
Docking molecule 3/5 against hDHFR...
Docking molecule 4/5 against hDHFR...
Docking molecule 5/5 against hDHFR...
[Iteration 5] evaluated=45, batch=5, docked_this_batch=[PfDHFR 4/5, hDHFR 4/5], pareto_size=27, hypervolume=0.3024, pareto_median_heavy=24

[Iteration 6] Training GP on 43/45 fully-evaluated molecules...
Iter   20/100 - loss: 1.2535
Iter   40/100 - loss: 1.1285
Iter   60/100 - loss: 1.1155
Iter   80/100 - loss: 1.1136
Iter  100/100 - loss: 1.1130
Docking molecule 1/5 against PfDHFR...
Docking molecule 2/5 against PfDHFR...
Docking molecule 3/5 against PfDHFR...
Docking molecule 4/5 against PfDHFR...
Docking molecule 5/5 against PfDHFR...
Docking molecule 1/5 against hDHFR...
Docking molecule 2/5 against hDHFR...
Docking molecule 3/5 against hDHFR...
Docking molecule 4/5 against hDHFR...
Docking molecule 5/5 against hDHFR...
[Iteration 6] evaluated=50, batch=5, docked_this_batch=[PfDHFR 5/5, hDHFR 5/5], pareto_size=32, hypervolume=0.3394, pareto_median_heavy=24

[Iteration 7] Training GP on 48/50 fully-evaluated molecules...
Iter   20/100 - loss: 1.3013
Iter   40/100 - loss: 1.1277
Iter   60/100 - loss: 1.1248
Iter   80/100 - loss: 1.1245
Iter  100/100 - loss: 1.1243
Docking molecule 1/5 against PfDHFR...
Docking molecule 2/5 against PfDHFR...
Docking molecule 3/5 against PfDHFR...
Docking molecule 4/5 against PfDHFR...
Docking molecule 5/5 against PfDHFR...
Docking molecule 1/5 against hDHFR...
Docking molecule 2/5 against hDHFR...
Docking molecule 3/5 against hDHFR...
Docking molecule 4/5 against hDHFR...
Docking molecule 5/5 against hDHFR...
[Iteration 7] evaluated=55, batch=5, docked_this_batch=[PfDHFR 4/5, hDHFR 4/5], pareto_size=36, hypervolume=0.3577, pareto_median_heavy=24

[Iteration 8] Training GP on 52/55 fully-evaluated molecules...
Iter   20/100 - loss: 1.2717
Iter   40/100 - loss: 1.1283
Iter   60/100 - loss: 1.1244
Iter   80/100 - loss: 1.1242
Iter  100/100 - loss: 1.1241
Docking molecule 1/5 against PfDHFR...
Docking molecule 2/5 against PfDHFR...
Docking molecule 3/5 against PfDHFR...
Docking molecule 4/5 against PfDHFR...
Docking molecule 5/5 against PfDHFR...
Docking molecule 1/5 against hDHFR...
Docking molecule 2/5 against hDHFR...
Docking molecule 3/5 against hDHFR...
Docking molecule 4/5 against hDHFR...
Docking molecule 5/5 against hDHFR...
[Iteration 8] evaluated=60, batch=5, docked_this_batch=[PfDHFR 5/5, hDHFR 5/5], pareto_size=40, hypervolume=0.3893, pareto_median_heavy=24

[Iteration 9] Training GP on 57/60 fully-evaluated molecules...
Iter   20/100 - loss: 1.2043
Iter   40/100 - loss: 1.1532
Iter   60/100 - loss: 1.1427
Iter   80/100 - loss: 1.1401
Iter  100/100 - loss: 1.1388
Docking molecule 1/5 against PfDHFR...
Docking molecule 2/5 against PfDHFR...
Docking molecule 3/5 against PfDHFR...
Docking molecule 4/5 against PfDHFR...
Docking molecule 5/5 against PfDHFR...
Docking molecule 1/5 against hDHFR...
Docking molecule 2/5 against hDHFR...
Docking molecule 3/5 against hDHFR...
Docking molecule 4/5 against hDHFR...
Docking molecule 5/5 against hDHFR...
[Iteration 9] evaluated=65, batch=5, docked_this_batch=[PfDHFR 5/5, hDHFR 5/5], pareto_size=44, hypervolume=0.3913, pareto_median_heavy=24

[Iteration 10] Training GP on 62/65 fully-evaluated molecules...
Iter   20/100 - loss: 1.2198
Iter   40/100 - loss: 1.1422
Iter   60/100 - loss: 1.1303
Iter   80/100 - loss: 1.1277
Iter  100/100 - loss: 1.1265
Docking molecule 1/5 against PfDHFR...
Docking molecule 2/5 against PfDHFR...
Docking molecule 3/5 against PfDHFR...
Docking molecule 4/5 against PfDHFR...
Docking molecule 5/5 against PfDHFR...
Docking molecule 1/5 against hDHFR...
Docking molecule 2/5 against hDHFR...
Docking molecule 3/5 against hDHFR...
Docking molecule 4/5 against hDHFR...
Docking molecule 5/5 against hDHFR...
[Iteration 10] evaluated=70, batch=5, docked_this_batch=[PfDHFR 5/5, hDHFR 5/5], pareto_size=48, hypervolume=0.3926, pareto_median_heavy=23

=== BO run complete ===
  Total molecules evaluated: 70
  Final Pareto front size:   48
  Final hypervolume:         0.3926
  Final Pareto heavy atoms: n=48, min 15, median 23, max 39; 0 below 15
    -> hypervolume=0.3926  pareto=48  evaluated=70

--- model='independent'  seed=0 ---
load_library: heavy-atom floor >= 14: 3600/3610 molecules survive (10 fragment(s) removed); surviving heavy atoms [14, 44], MW [200.2, 599.8]. Known actives retained (smallest 17 heavy atoms).
load_library: quality screen (SA_Score (reject SA > 6.0)): 3268/3600 molecules survive (215 PAINS + 115 reactive + 2 synth + 0 unparseable removed). Known actives asserted to survive.
load_library: 332 screened-out molecules logged with their rejection class to data/library/quality_rejected.csv
Initializing with 20 random molecules...
Docking molecule 1/20 against PfDHFR...
Docking molecule 2/20 against PfDHFR...
Docking molecule 3/20 against PfDHFR...
Docking molecule 4/20 against PfDHFR...
Docking molecule 5/20 against PfDHFR...
Docking molecule 6/20 against PfDHFR...
Docking molecule 7/20 against PfDHFR...
Docking molecule 8/20 against PfDHFR...
Docking molecule 9/20 against PfDHFR...
Docking molecule 10/20 against PfDHFR...
Docking molecule 11/20 against PfDHFR...
Docking molecule 12/20 against PfDHFR...
Docking molecule 13/20 against PfDHFR...
Docking molecule 14/20 against PfDHFR...
Docking molecule 15/20 against PfDHFR...
Docking molecule 16/20 against PfDHFR...
Docking molecule 17/20 against PfDHFR...
Docking molecule 18/20 against PfDHFR...
Docking molecule 19/20 against PfDHFR...
Docking molecule 20/20 against PfDHFR...
Docking molecule 1/20 against hDHFR...
Docking molecule 2/20 against hDHFR...
Docking molecule 3/20 against hDHFR...
Docking molecule 4/20 against hDHFR...
Docking molecule 5/20 against hDHFR...
Docking molecule 6/20 against hDHFR...
Docking molecule 7/20 against hDHFR...
Docking molecule 8/20 against hDHFR...
Docking molecule 9/20 against hDHFR...
Docking molecule 10/20 against hDHFR...
Docking molecule 11/20 against hDHFR...
Docking molecule 12/20 against hDHFR...
Docking molecule 13/20 against hDHFR...
Docking molecule 14/20 against hDHFR...
Docking molecule 15/20 against hDHFR...
Docking molecule 16/20 against hDHFR...
Docking molecule 17/20 against hDHFR...
Docking molecule 18/20 against hDHFR...
Docking molecule 19/20 against hDHFR...
Docking molecule 20/20 against hDHFR...
Initialized 20 molecules; docked PfDHFR 19/20, hDHFR 19/20.

[Iteration 1] Training GP on 19/20 fully-evaluated molecules...
Iter   20/100 - loss: 1.4393
Iter   40/100 - loss: 1.4287
Iter   60/100 - loss: 1.4246
Iter   80/100 - loss: 1.4223
Iter  100/100 - loss: 1.4213
Docking molecule 1/5 against PfDHFR...
Docking molecule 2/5 against PfDHFR...
Docking molecule 3/5 against PfDHFR...
Docking molecule 4/5 against PfDHFR...
Docking molecule 5/5 against PfDHFR...
Docking molecule 1/5 against hDHFR...
Docking molecule 2/5 against hDHFR...
Docking molecule 3/5 against hDHFR...
Docking molecule 4/5 against hDHFR...
Docking molecule 5/5 against hDHFR...
[Iteration 1] evaluated=25, batch=5, docked_this_batch=[PfDHFR 5/5, hDHFR 5/5], pareto_size=18, hypervolume=0.2391, pareto_median_heavy=22

[Iteration 2] Training GP on 24/25 fully-evaluated molecules...
Iter   20/100 - loss: 1.4343
Iter   40/100 - loss: 1.4269
Iter   60/100 - loss: 1.4252
Iter   80/100 - loss: 1.4235
Iter  100/100 - loss: 1.4223
Docking molecule 1/5 against PfDHFR...
Docking molecule 2/5 against PfDHFR...
Docking molecule 3/5 against PfDHFR...
Docking molecule 4/5 against PfDHFR...
Docking molecule 5/5 against PfDHFR...
Docking molecule 1/5 against hDHFR...
Docking molecule 2/5 against hDHFR...
Docking molecule 3/5 against hDHFR...
Docking molecule 4/5 against hDHFR...
Docking molecule 5/5 against hDHFR...
[Iteration 2] evaluated=30, batch=5, docked_this_batch=[PfDHFR 5/5, hDHFR 5/5], pareto_size=20, hypervolume=0.2632, pareto_median_heavy=22

[Iteration 3] Training GP on 29/30 fully-evaluated molecules...
Iter   20/100 - loss: 1.4175
Iter   40/100 - loss: 1.4073
Iter   60/100 - loss: 1.4038
Iter   80/100 - loss: 1.4009
Iter  100/100 - loss: 1.3991
Docking molecule 1/5 against PfDHFR...
Docking molecule 2/5 against PfDHFR...
Docking molecule 3/5 against PfDHFR...
Docking molecule 4/5 against PfDHFR...
Docking molecule 5/5 against PfDHFR...
Docking molecule 1/5 against hDHFR...
Docking molecule 2/5 against hDHFR...
Docking molecule 3/5 against hDHFR...
Docking molecule 4/5 against hDHFR...
Docking molecule 5/5 against hDHFR...
[Iteration 3] evaluated=35, batch=5, docked_this_batch=[PfDHFR 5/5, hDHFR 5/5], pareto_size=19, hypervolume=0.2974, pareto_median_heavy=23

[Iteration 4] Training GP on 34/35 fully-evaluated molecules...
Iter   20/100 - loss: 1.4162
Iter   40/100 - loss: 1.4058
Iter   60/100 - loss: 1.4022
Iter   80/100 - loss: 1.3993
Iter  100/100 - loss: 1.3977
Docking molecule 1/5 against PfDHFR...
Docking molecule 2/5 against PfDHFR...
Docking molecule 3/5 against PfDHFR...
Docking molecule 4/5 against PfDHFR...
Docking molecule 5/5 against PfDHFR...
Docking molecule 1/5 against hDHFR...
Docking molecule 2/5 against hDHFR...
Docking molecule 3/5 against hDHFR...
Docking molecule 4/5 against hDHFR...
Docking molecule 5/5 against hDHFR...
[Iteration 4] evaluated=40, batch=5, docked_this_batch=[PfDHFR 5/5, hDHFR 5/5], pareto_size=24, hypervolume=0.3023, pareto_median_heavy=24

[Iteration 5] Training GP on 39/40 fully-evaluated molecules...
Iter   20/100 - loss: 1.4159
Iter   40/100 - loss: 1.4050
Iter   60/100 - loss: 1.4005
Iter   80/100 - loss: 1.3971
Iter  100/100 - loss: 1.3952
Docking molecule 1/5 against PfDHFR...
Docking molecule 2/5 against PfDHFR...
Docking molecule 3/5 against PfDHFR...
Docking molecule 4/5 against PfDHFR...
Docking molecule 5/5 against PfDHFR...
Docking molecule 1/5 against hDHFR...
Docking molecule 2/5 against hDHFR...
Docking molecule 3/5 against hDHFR...
Docking molecule 4/5 against hDHFR...
Docking molecule 5/5 against hDHFR...
[Iteration 5] evaluated=45, batch=5, docked_this_batch=[PfDHFR 4/5, hDHFR 4/5], pareto_size=28, hypervolume=0.3301, pareto_median_heavy=24

[Iteration 6] Training GP on 43/45 fully-evaluated molecules...
Iter   20/100 - loss: 1.4183
Iter   40/100 - loss: 1.4091
Iter   60/100 - loss: 1.4065
Iter   80/100 - loss: 1.4043
Iter  100/100 - loss: 1.4030
Docking molecule 1/5 against PfDHFR...
Docking molecule 2/5 against PfDHFR...
Docking molecule 3/5 against PfDHFR...
Docking molecule 4/5 against PfDHFR...
Docking molecule 5/5 against PfDHFR...
Docking molecule 1/5 against hDHFR...
Docking molecule 2/5 against hDHFR...
Docking molecule 3/5 against hDHFR...
Docking molecule 4/5 against hDHFR...
Docking molecule 5/5 against hDHFR...
[Iteration 6] evaluated=50, batch=5, docked_this_batch=[PfDHFR 5/5, hDHFR 5/5], pareto_size=32, hypervolume=0.3323, pareto_median_heavy=24

[Iteration 7] Training GP on 48/50 fully-evaluated molecules...
Iter   20/100 - loss: 1.4153
Iter   40/100 - loss: 1.4048
Iter   60/100 - loss: 1.4011
Iter   80/100 - loss: 1.3984
Iter  100/100 - loss: 1.3970
Docking molecule 1/5 against PfDHFR...
Docking molecule 2/5 against PfDHFR...
Docking molecule 3/5 against PfDHFR...
Docking molecule 4/5 against PfDHFR...
Docking molecule 5/5 against PfDHFR...
Docking molecule 1/5 against hDHFR...
Docking molecule 2/5 against hDHFR...
Docking molecule 3/5 against hDHFR...
Docking molecule 4/5 against hDHFR...
Docking molecule 5/5 against hDHFR...
[Iteration 7] evaluated=55, batch=5, docked_this_batch=[PfDHFR 5/5, hDHFR 5/5], pareto_size=36, hypervolume=0.3806, pareto_median_heavy=24

[Iteration 8] Training GP on 53/55 fully-evaluated molecules...
Iter   20/100 - loss: 1.4185
Iter   40/100 - loss: 1.4094
Iter   60/100 - loss: 1.4067
Iter   80/100 - loss: 1.4045
Iter  100/100 - loss: 1.4032
Docking molecule 1/5 against PfDHFR...
Docking molecule 2/5 against PfDHFR...
Docking molecule 3/5 against PfDHFR...
Docking molecule 4/5 against PfDHFR...
Docking molecule 5/5 against PfDHFR...
Docking molecule 1/5 against hDHFR...
Docking molecule 2/5 against hDHFR...
Docking molecule 3/5 against hDHFR...
Docking molecule 4/5 against hDHFR...
Docking molecule 5/5 against hDHFR...
[Iteration 8] evaluated=60, batch=5, docked_this_batch=[PfDHFR 5/5, hDHFR 5/5], pareto_size=41, hypervolume=0.3831, pareto_median_heavy=24

[Iteration 9] Training GP on 58/60 fully-evaluated molecules...
Iter   20/100 - loss: 1.4150
Iter   40/100 - loss: 1.4044
Iter   60/100 - loss: 1.4005
Iter   80/100 - loss: 1.3977
Iter  100/100 - loss: 1.3963
Docking molecule 1/5 against PfDHFR...
Docking molecule 2/5 against PfDHFR...
Docking molecule 3/5 against PfDHFR...
Docking molecule 4/5 against PfDHFR...
Docking molecule 5/5 against PfDHFR...
Docking molecule 1/5 against hDHFR...
Docking molecule 2/5 against hDHFR...
Docking molecule 3/5 against hDHFR...
Docking molecule 4/5 against hDHFR...
Docking molecule 5/5 against hDHFR...
[Iteration 9] evaluated=65, batch=5, docked_this_batch=[PfDHFR 4/5, hDHFR 4/5], pareto_size=45, hypervolume=0.3922, pareto_median_heavy=24

[Iteration 10] Training GP on 62/65 fully-evaluated molecules...
Iter   20/100 - loss: 1.4120
Iter   40/100 - loss: 1.3999
Iter   60/100 - loss: 1.3949
Iter   80/100 - loss: 1.3917
Iter  100/100 - loss: 1.3901
Docking molecule 1/5 against PfDHFR...
Docking molecule 2/5 against PfDHFR...
Docking molecule 3/5 against PfDHFR...
Docking molecule 4/5 against PfDHFR...
Docking molecule 5/5 against PfDHFR...
Docking molecule 1/5 against hDHFR...
Docking molecule 2/5 against hDHFR...
Docking molecule 3/5 against hDHFR...
Docking molecule 4/5 against hDHFR...
Docking molecule 5/5 against hDHFR...
[Iteration 10] evaluated=70, batch=5, docked_this_batch=[PfDHFR 5/5, hDHFR 5/5], pareto_size=49, hypervolume=0.3944, pareto_median_heavy=23

=== BO run complete ===
  Total molecules evaluated: 70
  Final Pareto front size:   49
  Final hypervolume:         0.3944
  Final Pareto heavy atoms: n=49, min 15, median 23, max 39; 0 below 15
    -> hypervolume=0.3944  pareto=49  evaluated=70

--- model='coregionalized'  seed=1 ---
load_library: heavy-atom floor >= 14: 3600/3610 molecules survive (10 fragment(s) removed); surviving heavy atoms [14, 44], MW [200.2, 599.8]. Known actives retained (smallest 17 heavy atoms).
load_library: quality screen (SA_Score (reject SA > 6.0)): 3268/3600 molecules survive (215 PAINS + 115 reactive + 2 synth + 0 unparseable removed). Known actives asserted to survive.
load_library: 332 screened-out molecules logged with their rejection class to data/library/quality_rejected.csv
Initializing with 20 random molecules...
Docking molecule 1/20 against PfDHFR...
Docking molecule 2/20 against PfDHFR...
[RDKit] ERROR:[19:50:34] UFFTYPER: Unrecognized charge state for atom: 5
Docking molecule 3/20 against PfDHFR...
Docking molecule 4/20 against PfDHFR...
Docking molecule 5/20 against PfDHFR...
Docking molecule 6/20 against PfDHFR...
Docking molecule 7/20 against PfDHFR...
Docking molecule 8/20 against PfDHFR...
Docking molecule 9/20 against PfDHFR...
Docking molecule 10/20 against PfDHFR...
Docking molecule 11/20 against PfDHFR...
Docking molecule 12/20 against PfDHFR...
Docking molecule 13/20 against PfDHFR...
Docking molecule 14/20 against PfDHFR...
Docking molecule 15/20 against PfDHFR...
Docking molecule 16/20 against PfDHFR...
Docking molecule 17/20 against PfDHFR...
Docking molecule 18/20 against PfDHFR...
Docking molecule 19/20 against PfDHFR...
Docking molecule 20/20 against PfDHFR...
Docking molecule 1/20 against hDHFR...
Docking molecule 2/20 against hDHFR...
[RDKit] ERROR:[19:51:27] UFFTYPER: Unrecognized charge state for atom: 5
Docking molecule 3/20 against hDHFR...
Docking molecule 4/20 against hDHFR...
Docking molecule 5/20 against hDHFR...
Docking molecule 6/20 against hDHFR...
Docking molecule 7/20 against hDHFR...
Docking molecule 8/20 against hDHFR...
Docking molecule 9/20 against hDHFR...
Docking molecule 10/20 against hDHFR...
Docking molecule 11/20 against hDHFR...
Docking molecule 12/20 against hDHFR...
Docking molecule 13/20 against hDHFR...
Docking molecule 14/20 against hDHFR...
Docking molecule 15/20 against hDHFR...
Docking molecule 16/20 against hDHFR...
Docking molecule 17/20 against hDHFR...
Docking molecule 18/20 against hDHFR...
Docking molecule 19/20 against hDHFR...
Docking molecule 20/20 against hDHFR...
Initialized 20 molecules; docked PfDHFR 18/20, hDHFR 18/20.

[Iteration 1] Training GP on 18/20 fully-evaluated molecules...
Iter   20/100 - loss: 1.3245
Iter   40/100 - loss: 1.2511
Iter   60/100 - loss: 1.2407
Iter   80/100 - loss: 1.2380
Iter  100/100 - loss: 1.2365
Docking molecule 1/5 against PfDHFR...
Docking molecule 2/5 against PfDHFR...
Docking molecule 3/5 against PfDHFR...
Docking molecule 4/5 against PfDHFR...
Docking molecule 5/5 against PfDHFR...
Docking molecule 1/5 against hDHFR...
Docking molecule 2/5 against hDHFR...
Docking molecule 3/5 against hDHFR...
Docking molecule 4/5 against hDHFR...
Docking molecule 5/5 against hDHFR...
[Iteration 1] evaluated=25, batch=5, docked_this_batch=[PfDHFR 5/5, hDHFR 5/5], pareto_size=16, hypervolume=0.2169, pareto_median_heavy=24

[Iteration 2] Training GP on 23/25 fully-evaluated molecules...
Iter   20/100 - loss: 1.1555
Iter   40/100 - loss: 1.0019
Iter   60/100 - loss: 0.9937
Iter   80/100 - loss: 0.9922
Iter  100/100 - loss: 0.9907
Docking molecule 1/5 against PfDHFR...
Docking molecule 2/5 against PfDHFR...
Docking molecule 3/5 against PfDHFR...
Docking molecule 4/5 against PfDHFR...
Docking molecule 5/5 against PfDHFR...
Docking molecule 1/5 against hDHFR...
Docking molecule 2/5 against hDHFR...
Docking molecule 3/5 against hDHFR...
Docking molecule 4/5 against hDHFR...
Docking molecule 5/5 against hDHFR...
[Iteration 2] evaluated=30, batch=5, docked_this_batch=[PfDHFR 5/5, hDHFR 5/5], pareto_size=17, hypervolume=0.2997, pareto_median_heavy=24

[Iteration 3] Training GP on 28/30 fully-evaluated molecules...
Iter   20/100 - loss: 1.2384
Iter   40/100 - loss: 1.0812
Iter   60/100 - loss: 1.0754
Iter   80/100 - loss: 1.0746
Iter  100/100 - loss: 1.0738
Docking molecule 1/5 against PfDHFR...
Docking molecule 2/5 against PfDHFR...
Docking molecule 3/5 against PfDHFR...
Docking molecule 4/5 against PfDHFR...
Docking molecule 5/5 against PfDHFR...
Docking molecule 1/5 against hDHFR...
Docking molecule 2/5 against hDHFR...
Docking molecule 3/5 against hDHFR...
Docking molecule 4/5 against hDHFR...
Docking molecule 5/5 against hDHFR...
[Iteration 3] evaluated=35, batch=5, docked_this_batch=[PfDHFR 5/5, hDHFR 5/5], pareto_size=22, hypervolume=0.3059, pareto_median_heavy=24

[Iteration 4] Training GP on 33/35 fully-evaluated molecules...
Iter   20/100 - loss: 1.1811
Iter   40/100 - loss: 1.0860
Iter   60/100 - loss: 1.0760
Iter   80/100 - loss: 1.0750
Iter  100/100 - loss: 1.0746
Docking molecule 1/5 against PfDHFR...
Docking molecule 2/5 against PfDHFR...
Docking molecule 3/5 against PfDHFR...
Docking molecule 4/5 against PfDHFR...
Docking molecule 5/5 against PfDHFR...
Docking molecule 1/5 against hDHFR...
Docking molecule 2/5 against hDHFR...
Docking molecule 3/5 against hDHFR...
Docking molecule 4/5 against hDHFR...
Docking molecule 5/5 against hDHFR...
[Iteration 4] evaluated=40, batch=5, docked_this_batch=[PfDHFR 5/5, hDHFR 5/5], pareto_size=26, hypervolume=0.3074, pareto_median_heavy=25

[Iteration 5] Training GP on 38/40 fully-evaluated molecules...
Iter   20/100 - loss: 1.4000
Iter   40/100 - loss: 1.1431
Iter   60/100 - loss: 1.1243
Iter   80/100 - loss: 1.1196
Iter  100/100 - loss: 1.1187
Docking molecule 1/5 against PfDHFR...
Docking molecule 2/5 against PfDHFR...
Docking molecule 3/5 against PfDHFR...
Docking molecule 4/5 against PfDHFR...
Docking molecule 5/5 against PfDHFR...
Docking molecule 1/5 against hDHFR...
Docking molecule 2/5 against hDHFR...
Docking molecule 3/5 against hDHFR...
Docking molecule 4/5 against hDHFR...
Docking molecule 5/5 against hDHFR...
[Iteration 5] evaluated=45, batch=5, docked_this_batch=[PfDHFR 4/5, hDHFR 4/5], pareto_size=30, hypervolume=0.3506, pareto_median_heavy=26

[Iteration 6] Training GP on 42/45 fully-evaluated molecules...
Iter   20/100 - loss: 1.1853
Iter   40/100 - loss: 1.1327
Iter   60/100 - loss: 1.1222
Iter   80/100 - loss: 1.1199
Iter  100/100 - loss: 1.1185
Docking molecule 1/5 against PfDHFR...
Docking molecule 2/5 against PfDHFR...
Docking molecule 3/5 against PfDHFR...
Docking molecule 4/5 against PfDHFR...
Docking molecule 5/5 against PfDHFR...
Docking molecule 1/5 against hDHFR...
Docking molecule 2/5 against hDHFR...
Docking molecule 3/5 against hDHFR...
Docking molecule 4/5 against hDHFR...
Docking molecule 5/5 against hDHFR...
[Iteration 6] evaluated=50, batch=5, docked_this_batch=[PfDHFR 5/5, hDHFR 5/5], pareto_size=35, hypervolume=0.3579, pareto_median_heavy=25

[Iteration 7] Training GP on 47/50 fully-evaluated molecules...
Iter   20/100 - loss: 1.2127
Iter   40/100 - loss: 1.1594
Iter   60/100 - loss: 1.1503
Iter   80/100 - loss: 1.1491
Iter  100/100 - loss: 1.1488
Docking molecule 1/5 against PfDHFR...
Docking molecule 2/5 against PfDHFR...
Docking molecule 3/5 against PfDHFR...
Docking molecule 4/5 against PfDHFR...
Docking molecule 5/5 against PfDHFR...
Docking molecule 1/5 against hDHFR...
Docking molecule 2/5 against hDHFR...
Docking molecule 3/5 against hDHFR...
Docking molecule 4/5 against hDHFR...
Docking molecule 5/5 against hDHFR...
[Iteration 7] evaluated=55, batch=5, docked_this_batch=[PfDHFR 5/5, hDHFR 5/5], pareto_size=40, hypervolume=0.3612, pareto_median_heavy=25

[Iteration 8] Training GP on 52/55 fully-evaluated molecules...
Iter   20/100 - loss: 1.2084
Iter   40/100 - loss: 1.1706
Iter   60/100 - loss: 1.1630
Iter   80/100 - loss: 1.1620
Iter  100/100 - loss: 1.1618
Docking molecule 1/5 against PfDHFR...
Docking molecule 2/5 against PfDHFR...
Docking molecule 3/5 against PfDHFR...
Docking molecule 4/5 against PfDHFR...
Docking molecule 5/5 against PfDHFR...
Docking molecule 1/5 against hDHFR...
Docking molecule 2/5 against hDHFR...
Docking molecule 3/5 against hDHFR...
Docking molecule 4/5 against hDHFR...
Docking molecule 5/5 against hDHFR...
[Iteration 8] evaluated=60, batch=5, docked_this_batch=[PfDHFR 4/5, hDHFR 4/5], pareto_size=42, hypervolume=0.3674, pareto_median_heavy=24

[Iteration 9] Training GP on 56/60 fully-evaluated molecules...
Iter   20/100 - loss: 1.2172
Iter   40/100 - loss: 1.1697
Iter   60/100 - loss: 1.1615
Iter   80/100 - loss: 1.1601
Iter  100/100 - loss: 1.1599
Docking molecule 1/5 against PfDHFR...
Docking molecule 2/5 against PfDHFR...
Docking molecule 3/5 against PfDHFR...
Docking molecule 4/5 against PfDHFR...
Docking molecule 5/5 against PfDHFR...
Docking molecule 1/5 against hDHFR...
Docking molecule 2/5 against hDHFR...
Docking molecule 3/5 against hDHFR...
Docking molecule 4/5 against hDHFR...
Docking molecule 5/5 against hDHFR...
[Iteration 9] evaluated=65, batch=5, docked_this_batch=[PfDHFR 5/5, hDHFR 5/5], pareto_size=46, hypervolume=0.3924, pareto_median_heavy=24

[Iteration 10] Training GP on 61/65 fully-evaluated molecules...
Iter   20/100 - loss: 1.1953
Iter   40/100 - loss: 1.1714
Iter   60/100 - loss: 1.1694
Iter   80/100 - loss: 1.1682
Iter  100/100 - loss: 1.1670
Docking molecule 1/5 against PfDHFR...
Docking molecule 2/5 against PfDHFR...
Docking molecule 3/5 against PfDHFR...
Docking molecule 4/5 against PfDHFR...
Docking molecule 5/5 against PfDHFR...
Docking molecule 1/5 against hDHFR...
Docking molecule 2/5 against hDHFR...
Docking molecule 3/5 against hDHFR...
Docking molecule 4/5 against hDHFR...
Docking molecule 5/5 against hDHFR...
[Iteration 10] evaluated=70, batch=5, docked_this_batch=[PfDHFR 5/5, hDHFR 5/5], pareto_size=47, hypervolume=0.3924, pareto_median_heavy=24

=== BO run complete ===
  Total molecules evaluated: 70
  Final Pareto front size:   47
  Final hypervolume:         0.3924
  Final Pareto heavy atoms: n=47, min 15, median 24, max 39; 0 below 15
Saved results to results_coregionalized/:
  results_coregionalized/history.csv
  results_coregionalized/evaluated.csv
  results_coregionalized/pareto_front.csv
    -> hypervolume=0.3924  pareto=47  evaluated=70

--- model='independent'  seed=1 ---
load_library: heavy-atom floor >= 14: 3600/3610 molecules survive (10 fragment(s) removed); surviving heavy atoms [14, 44], MW [200.2, 599.8]. Known actives retained (smallest 17 heavy atoms).
load_library: quality screen (SA_Score (reject SA > 6.0)): 3268/3600 molecules survive (215 PAINS + 115 reactive + 2 synth + 0 unparseable removed). Known actives asserted to survive.
load_library: 332 screened-out molecules logged with their rejection class to data/library/quality_rejected.csv
Initializing with 20 random molecules...
Docking molecule 1/20 against PfDHFR...
Docking molecule 2/20 against PfDHFR...
Docking molecule 3/20 against PfDHFR...
Docking molecule 4/20 against PfDHFR...
Docking molecule 5/20 against PfDHFR...
Docking molecule 6/20 against PfDHFR...
Docking molecule 7/20 against PfDHFR...
Docking molecule 8/20 against PfDHFR...
Docking molecule 9/20 against PfDHFR...
Docking molecule 10/20 against PfDHFR...
Docking molecule 11/20 against PfDHFR...
Docking molecule 12/20 against PfDHFR...
Docking molecule 13/20 against PfDHFR...
Docking molecule 14/20 against PfDHFR...
Docking molecule 15/20 against PfDHFR...
Docking molecule 16/20 against PfDHFR...
Docking molecule 17/20 against PfDHFR...
Docking molecule 18/20 against PfDHFR...
Docking molecule 19/20 against PfDHFR...
Docking molecule 20/20 against PfDHFR...
Docking molecule 1/20 against hDHFR...
Docking molecule 2/20 against hDHFR...
Docking molecule 3/20 against hDHFR...
Docking molecule 4/20 against hDHFR...
Docking molecule 5/20 against hDHFR...
Docking molecule 6/20 against hDHFR...
Docking molecule 7/20 against hDHFR...
Docking molecule 8/20 against hDHFR...
Docking molecule 9/20 against hDHFR...
Docking molecule 10/20 against hDHFR...
Docking molecule 11/20 against hDHFR...
Docking molecule 12/20 against hDHFR...
Docking molecule 13/20 against hDHFR...
Docking molecule 14/20 against hDHFR...
Docking molecule 15/20 against hDHFR...
Docking molecule 16/20 against hDHFR...
Docking molecule 17/20 against hDHFR...
Docking molecule 18/20 against hDHFR...
Docking molecule 19/20 against hDHFR...
Docking molecule 20/20 against hDHFR...
Initialized 20 molecules; docked PfDHFR 18/20, hDHFR 18/20.

[Iteration 1] Training GP on 18/20 fully-evaluated molecules...
Iter   20/100 - loss: 1.4383
Iter   40/100 - loss: 1.4282
Iter   60/100 - loss: 1.4245
Iter   80/100 - loss: 1.4223
Iter  100/100 - loss: 1.4213
Docking molecule 1/5 against PfDHFR...
Docking molecule 2/5 against PfDHFR...
Docking molecule 3/5 against PfDHFR...
Docking molecule 4/5 against PfDHFR...
Docking molecule 5/5 against PfDHFR...
Docking molecule 1/5 against hDHFR...
Docking molecule 2/5 against hDHFR...
Docking molecule 3/5 against hDHFR...
Docking molecule 4/5 against hDHFR...
Docking molecule 5/5 against hDHFR...
[Iteration 1] evaluated=25, batch=5, docked_this_batch=[PfDHFR 5/5, hDHFR 5/5], pareto_size=16, hypervolume=0.2454, pareto_median_heavy=23

[Iteration 2] Training GP on 23/25 fully-evaluated molecules...
Iter   20/100 - loss: 1.4077
Iter   40/100 - loss: 1.3917
Iter   60/100 - loss: 1.3840
Iter   80/100 - loss: 1.3798
Iter  100/100 - loss: 1.3779
Docking molecule 1/5 against PfDHFR...
Docking molecule 2/5 against PfDHFR...
Docking molecule 3/5 against PfDHFR...
Docking molecule 4/5 against PfDHFR...
Docking molecule 5/5 against PfDHFR...
Docking molecule 1/5 against hDHFR...
Docking molecule 2/5 against hDHFR...
Docking molecule 3/5 against hDHFR...
Docking molecule 4/5 against hDHFR...
Docking molecule 5/5 against hDHFR...
[Iteration 2] evaluated=30, batch=5, docked_this_batch=[PfDHFR 5/5, hDHFR 5/5], pareto_size=20, hypervolume=0.2669, pareto_median_heavy=24

[Iteration 3] Training GP on 28/30 fully-evaluated molecules...
Iter   20/100 - loss: 1.4073
Iter   40/100 - loss: 1.3908
Iter   60/100 - loss: 1.3826
Iter   80/100 - loss: 1.3782
Iter  100/100 - loss: 1.3761
Docking molecule 1/5 against PfDHFR...
Docking molecule 2/5 against PfDHFR...
Docking molecule 3/5 against PfDHFR...
Docking molecule 4/5 against PfDHFR...
Docking molecule 5/5 against PfDHFR...
Docking molecule 1/5 against hDHFR...
Docking molecule 2/5 against hDHFR...
Docking molecule 3/5 against hDHFR...
Docking molecule 4/5 against hDHFR...
Docking molecule 5/5 against hDHFR...
[Iteration 3] evaluated=35, batch=5, docked_this_batch=[PfDHFR 5/5, hDHFR 5/5], pareto_size=22, hypervolume=0.3065, pareto_median_heavy=24

[Iteration 4] Training GP on 33/35 fully-evaluated molecules...
Iter   20/100 - loss: 1.4060
Iter   40/100 - loss: 1.3883
Iter   60/100 - loss: 1.3791
Iter   80/100 - loss: 1.3745
Iter  100/100 - loss: 1.3723
Docking molecule 1/5 against PfDHFR...
Docking molecule 2/5 against PfDHFR...
Docking molecule 3/5 against PfDHFR...
Docking molecule 4/5 against PfDHFR...
Docking molecule 5/5 against PfDHFR...
Docking molecule 1/5 against hDHFR...
Docking molecule 2/5 against hDHFR...
Docking molecule 3/5 against hDHFR...
Docking molecule 4/5 against hDHFR...
Docking molecule 5/5 against hDHFR...
[Iteration 4] evaluated=40, batch=5, docked_this_batch=[PfDHFR 5/5, hDHFR 5/5], pareto_size=27, hypervolume=0.3082, pareto_median_heavy=25

[Iteration 5] Training GP on 38/40 fully-evaluated molecules...
Iter   20/100 - loss: 1.4109
Iter   40/100 - loss: 1.3968
Iter   60/100 - loss: 1.3899
Iter   80/100 - loss: 1.3858
Iter  100/100 - loss: 1.3837
Docking molecule 1/5 against PfDHFR...
Docking molecule 2/5 against PfDHFR...
Docking molecule 3/5 against PfDHFR...
Docking molecule 4/5 against PfDHFR...
Docking molecule 5/5 against PfDHFR...
Docking molecule 1/5 against hDHFR...
Docking molecule 2/5 against hDHFR...
Docking molecule 3/5 against hDHFR...
Docking molecule 4/5 against hDHFR...
Docking molecule 5/5 against hDHFR...
[Iteration 5] evaluated=45, batch=5, docked_this_batch=[PfDHFR 4/5, hDHFR 4/5], pareto_size=31, hypervolume=0.3356, pareto_median_heavy=24

[Iteration 6] Training GP on 42/45 fully-evaluated molecules...
Iter   20/100 - loss: 1.4120
Iter   40/100 - loss: 1.3987
Iter   60/100 - loss: 1.3925
Iter   80/100 - loss: 1.3886
Iter  100/100 - loss: 1.3866
Docking molecule 1/5 against PfDHFR...
Docking molecule 2/5 against PfDHFR...
Docking molecule 3/5 against PfDHFR...
Docking molecule 4/5 against PfDHFR...
Docking molecule 5/5 against PfDHFR...
Docking molecule 1/5 against hDHFR...
Docking molecule 2/5 against hDHFR...
Docking molecule 3/5 against hDHFR...
Docking molecule 4/5 against hDHFR...
Docking molecule 5/5 against hDHFR...
[Iteration 6] evaluated=50, batch=5, docked_this_batch=[PfDHFR 5/5, hDHFR 5/5], pareto_size=35, hypervolume=0.3533, pareto_median_heavy=25

[Iteration 7] Training GP on 47/50 fully-evaluated molecules...
Iter   20/100 - loss: 1.4127
Iter   40/100 - loss: 1.3997
Iter   60/100 - loss: 1.3932
Iter   80/100 - loss: 1.3890
Iter  100/100 - loss: 1.3869
Docking molecule 1/5 against PfDHFR...
Docking molecule 2/5 against PfDHFR...
Docking molecule 3/5 against PfDHFR...
Docking molecule 4/5 against PfDHFR...
Docking molecule 5/5 against PfDHFR...
Docking molecule 1/5 against hDHFR...
Docking molecule 2/5 against hDHFR...
Docking molecule 3/5 against hDHFR...
Docking molecule 4/5 against hDHFR...
Docking molecule 5/5 against hDHFR...
[Iteration 7] evaluated=55, batch=5, docked_this_batch=[PfDHFR 5/5, hDHFR 5/5], pareto_size=39, hypervolume=0.3569, pareto_median_heavy=25

[Iteration 8] Training GP on 52/55 fully-evaluated molecules...
Iter   20/100 - loss: 1.4121
Iter   40/100 - loss: 1.3986
Iter   60/100 - loss: 1.3916
Iter   80/100 - loss: 1.3873
Iter  100/100 - loss: 1.3851
Docking molecule 1/5 against PfDHFR...
Docking molecule 2/5 against PfDHFR...
Docking molecule 3/5 against PfDHFR...
Docking molecule 4/5 against PfDHFR...
Docking molecule 5/5 against PfDHFR...
Docking molecule 1/5 against hDHFR...
Docking molecule 2/5 against hDHFR...
Docking molecule 3/5 against hDHFR...
Docking molecule 4/5 against hDHFR...
Docking molecule 5/5 against hDHFR...
[Iteration 8] evaluated=60, batch=5, docked_this_batch=[PfDHFR 4/5, hDHFR 4/5], pareto_size=43, hypervolume=0.3625, pareto_median_heavy=25

[Iteration 9] Training GP on 56/60 fully-evaluated molecules...
Iter   20/100 - loss: 1.4094
Iter   40/100 - loss: 1.3941
Iter   60/100 - loss: 1.3859
Iter   80/100 - loss: 1.3813
Iter  100/100 - loss: 1.3790
Docking molecule 1/5 against PfDHFR...
Docking molecule 2/5 against PfDHFR...
Docking molecule 3/5 against PfDHFR...
Docking molecule 4/5 against PfDHFR...
Docking molecule 5/5 against PfDHFR...
Docking molecule 1/5 against hDHFR...
Docking molecule 2/5 against hDHFR...
Docking molecule 3/5 against hDHFR...
Docking molecule 4/5 against hDHFR...
Docking molecule 5/5 against hDHFR...
[Iteration 9] evaluated=65, batch=5, docked_this_batch=[PfDHFR 5/5, hDHFR 5/5], pareto_size=44, hypervolume=0.3932, pareto_median_heavy=25

[Iteration 10] Training GP on 61/65 fully-evaluated molecules...
Iter   20/100 - loss: 1.4086
Iter   40/100 - loss: 1.3933
Iter   60/100 - loss: 1.3854
Iter   80/100 - loss: 1.3811
Iter  100/100 - loss: 1.3790
Docking molecule 1/5 against PfDHFR...
Docking molecule 2/5 against PfDHFR...
Docking molecule 3/5 against PfDHFR...
Docking molecule 4/5 against PfDHFR...
Docking molecule 5/5 against PfDHFR...
Docking molecule 1/5 against hDHFR...
Docking molecule 2/5 against hDHFR...
Docking molecule 3/5 against hDHFR...
Docking molecule 4/5 against hDHFR...
Docking molecule 5/5 against hDHFR...
[Iteration 10] evaluated=70, batch=5, docked_this_batch=[PfDHFR 5/5, hDHFR 5/5], pareto_size=47, hypervolume=0.3944, pareto_median_heavy=24

=== BO run complete ===
  Total molecules evaluated: 70
  Final Pareto front size:   47
  Final hypervolume:         0.3944
  Final Pareto heavy atoms: n=47, min 15, median 24, max 39; 0 below 15
Saved results to results_independent/:
  results_independent/history.csv
  results_independent/evaluated.csv
  results_independent/pareto_front.csv
    -> hypervolume=0.3944  pareto=47  evaluated=70

====================================================================
ABLATION SUMMARY — final hypervolume (evaluation.compute_hypervolume)
====================================================================
Model             n_seeds    HV mean    HV std    HV min    HV max
coregionalized          2     0.3925    0.0001    0.3924    0.3926
independent             2     0.3944    0.0000    0.3944    0.3944
====================================================================

Paired delta (coregionalized - independent) per seed: mean -0.0019 ± 0.0001
Coregionalized >= independent on 0/2 seeds (strictly better on 0).
=> Independent yields the higher mean hypervolume here (inspect scale/seeds; ICM helps most with real docking signal).

Total wall-clock time: 3655.5s

Saved last-seed runs: coregionalized -> results_coregionalized/, independent -> results_independent/
Compare recovery of known actives with:
  python validate_known_actives.py --independent-dir results_independent --coregionalized-dir results_coregionalized
