$ /opt/anaconda3/envs/mogp-drug/bin/python loop.py --library-dir data/library --output-dir /Users/devansh/mogp-main-vscode/MOGP-NTD/matrix_results_holo/runs/profile-smoke-loop --smoke --mogp-iters 100

quality_filter: PAINS catalog loaded; synthesizability metric = SA_Score (reject SA > 6.0) [SA_Score (MorganGenerator shim)].
Running BO loop [SMOKE] with the 'coregionalized' GP model (rank 1).
  n_init=5, batch_size=2, n_iterations=2
load_library: heavy-atom floor >= 14: 3600/3610 molecules survive (10 fragment(s) removed); surviving heavy atoms [14, 44], MW [200.2, 599.8]. Known actives retained (smallest 17 heavy atoms).
load_library: quality screen (SA_Score (reject SA > 6.0)): 3268/3600 molecules survive (215 PAINS + 115 reactive + 2 synth + 0 unparseable removed). Known actives asserted to survive.
load_library: 332 screened-out molecules logged with their rejection class to data/library/quality_rejected.csv
Initializing with 5 random molecules...
Docking molecule 1/5 against PfDHFR...
Docking molecule 2/5 against PfDHFR...
Docking molecule 3/5 against PfDHFR...
Docking molecule 4/5 against PfDHFR...
Docking molecule 5/5 against PfDHFR...
Docking molecule 1/5 against hDHFR...
Docking molecule 2/5 against hDHFR...
Docking molecule 3/5 against hDHFR...
Docking molecule 4/5 against hDHFR...
Docking molecule 5/5 against hDHFR...
Initialized 5 molecules; docked PfDHFR 4/5, hDHFR 4/5.

[Iteration 1] Training GP on 4/5 fully-evaluated molecules...
Iter   20/100 - loss: 1.4142
Iter   40/100 - loss: 1.4036
Iter   60/100 - loss: 1.3994
Iter   80/100 - loss: 1.3973
Iter  100/100 - loss: 1.3963
Docking molecule 1/2 against PfDHFR...
Docking molecule 2/2 against PfDHFR...
Docking molecule 1/2 against hDHFR...
Docking molecule 2/2 against hDHFR...
[Iteration 1] evaluated=7, batch=2, docked_this_batch=[PfDHFR 2/2, hDHFR 2/2], pareto_size=6, hypervolume=0.1401, pareto_median_heavy=22

[Iteration 2] Training GP on 6/7 fully-evaluated molecules...
Iter   20/100 - loss: 1.4335
Iter   40/100 - loss: 1.4217
Iter   60/100 - loss: 1.4193
Iter   80/100 - loss: 1.4186
Iter  100/100 - loss: 1.4181
Docking molecule 1/2 against PfDHFR...
Docking molecule 2/2 against PfDHFR...
Docking molecule 1/2 against hDHFR...
Docking molecule 2/2 against hDHFR...
[Iteration 2] evaluated=9, batch=2, docked_this_batch=[PfDHFR 2/2, hDHFR 2/2], pareto_size=6, hypervolume=0.2552, pareto_median_heavy=23

=== BO run complete ===
  Total molecules evaluated: 9
  Final Pareto front size:   6
  Final hypervolume:         0.2552
  Final Pareto heavy atoms: n=6, min 19, median 23, max 28; 0 below 15

Pareto-optimal molecules: 6
SMILES                                                    PfDHFR_Docking         hDHFR_Docking    hERG_Toxicity_Prob         Caco2_logPapp       Half_Life_hours
COc1cc(-n2cc(-c3cc(O)cc(O)c3)nn2)cc(OC)c1OC                      -7.9100               -7.3210                0.1392               -4.7818                3.6654
CCCc1cc(O)n2ncc(-c3ccc(Cl)cc3)c2n1                               -7.9260               -8.8310                0.8029               -4.6860               21.7254
C#CC(C(=O)NC(C)c1ccc(Cl)cc1)C(C)(C)C                             -8.0610               -8.7460                0.0333               -4.7450               35.7682
Nc1ncnc(C#Cc2ccccc2)c1-c1ccc(Cl)cc1                              -8.2370               -9.3010                0.0930               -4.5980               33.2551
CC[C@@H](c1ccccc1)N1C(=O)c2c(F)c(F)c(F)c(F)c2C1=O               -10.0700               -9.0990                0.2565               -4.0649               27.4749
COc1ccc(N2C(=O)/C(=C3/C(=O)Nc4ccccc43)c3ccccc32)cc1               -9.9910               -7.6970                0.1461               -4.3333               20.8201
Saved results to /Users/devansh/mogp-main-vscode/MOGP-NTD/matrix_results_holo/runs/profile-smoke-loop/:
  /Users/devansh/mogp-main-vscode/MOGP-NTD/matrix_results_holo/runs/profile-smoke-loop/history.csv
  /Users/devansh/mogp-main-vscode/MOGP-NTD/matrix_results_holo/runs/profile-smoke-loop/evaluated.csv
  /Users/devansh/mogp-main-vscode/MOGP-NTD/matrix_results_holo/runs/profile-smoke-loop/pareto_front.csv

Total wall-clock time: 22.5s
